Archive member included to satisfy reference by file (symbol)

../../lib/usb/libusb.a(usbhostcontroller.o)
                              kernel_initialize.o (CUSBHostController::UpdatePlugAndPlay())
../../lib/usb/libusb.a(usbrequest.o)
                              ../../lib/usb/libusb.a(usbhostcontroller.o) (CUSBRequest::CUSBRequest(CUSBEndpoint*, void*, unsigned int, TSetupData*))
../../lib/usb/libusb.a(usbstandardhub.o)
                              ../../lib/usb/libusb.a(usbhostcontroller.o) (CUSBStandardHub::HandlePortStatusChange())
../../lib/usb/libusb.a(dwhcidevice.o)
                              kernel.o (CDWHCIDevice::CDWHCIDevice(CInterruptSystem*, CTimer*, bool))
../../lib/usb/libusb.a(dwhciframeschednper.o)
                              ../../lib/usb/libusb.a(dwhcidevice.o) (CDWHCIFrameSchedulerNonPeriodic::InitProtectedAllocator(unsigned int, unsigned int))
../../lib/usb/libusb.a(dwhciframeschednsplit.o)
                              ../../lib/usb/libusb.a(dwhcidevice.o) (CDWHCIFrameSchedulerNoSplit::InitProtectedAllocator(unsigned int, unsigned int))
../../lib/usb/libusb.a(dwhciframeschedper.o)
                              ../../lib/usb/libusb.a(dwhcidevice.o) (CDWHCIFrameSchedulerPeriodic::InitProtectedAllocator(unsigned int, unsigned int))
../../lib/usb/libusb.a(dwhcirootport.o)
                              ../../lib/usb/libusb.a(dwhcidevice.o) (CDWHCIRootPort::~CDWHCIRootPort())
../../lib/usb/libusb.a(dwhcixactqueue.o)
                              ../../lib/usb/libusb.a(dwhcidevice.o) (CDWHCITransactionQueue::CDWHCITransactionQueue(unsigned int, unsigned int))
../../lib/usb/libusb.a(dwhcixferstagedata.o)
                              ../../lib/usb/libusb.a(dwhcidevice.o) (CDWHCITransferStageData::CDWHCITransferStageData(unsigned int, CUSBRequest*, bool, bool, unsigned int))
../../lib/usb/libusb.a(dwhciframeschediso.o)
                              ../../lib/usb/libusb.a(dwhcixferstagedata.o) (CDWHCIFrameSchedulerIsochronous::CDWHCIFrameSchedulerIsochronous(bool))
../../lib/usb/libusb.a(usbdevice.o)
                              ../../lib/usb/libusb.a(dwhcirootport.o) (CUSBDevice::CUSBDevice(CUSBHostController*, TUSBSpeed, CUSBHCIRootPort*))
../../lib/usb/libusb.a(usbdevicefactory.o)
                              ../../lib/usb/libusb.a(usbdevice.o) (CUSBDeviceFactory::GetDevice(CUSBFunction*, CString*))
../../lib/usb/libusb.a(usbendpoint.o)
                              ../../lib/usb/libusb.a(usbdevice.o) (CUSBEndpoint::CUSBEndpoint(CUSBDevice*))
../../lib/usb/libusb.a(usbfunction.o)
                              ../../lib/usb/libusb.a(usbstandardhub.o) (CUSBFunction::Initialize())
../../lib/usb/libusb.a(usbgamepadps3.o)
                              ../../lib/usb/libusb.a(usbdevicefactory.o) (CUSBGamePadPS3Device::CUSBGamePadPS3Device(CUSBFunction*))
../../lib/usb/libusb.a(usbgamepadps4.o)
                              ../../lib/usb/libusb.a(usbdevicefactory.o) (CUSBGamePadPS4Device::CUSBGamePadPS4Device(CUSBFunction*))
../../lib/usb/libusb.a(usbgamepadstandard.o)
                              ../../lib/usb/libusb.a(usbgamepadps3.o) (CUSBGamePadStandardDevice::~CUSBGamePadStandardDevice())
../../lib/usb/libusb.a(usbgamepadswitchpro.o)
                              ../../lib/usb/libusb.a(usbdevicefactory.o) (CUSBGamePadSwitchProDevice::CUSBGamePadSwitchProDevice(CUSBFunction*))
../../lib/usb/libusb.a(usbgamepadxbox360.o)
                              ../../lib/usb/libusb.a(usbdevicefactory.o) (CUSBGamePadXbox360Device::CUSBGamePadXbox360Device(CUSBFunction*))
../../lib/usb/libusb.a(usbgamepadxboxone.o)
                              ../../lib/usb/libusb.a(usbdevicefactory.o) (CUSBGamePadXboxOneDevice::CUSBGamePadXboxOneDevice(CUSBFunction*))
../../lib/usb/libusb.a(usbhiddevice.o)
                              ../../lib/usb/libusb.a(usbgamepadps4.o) (CUSBHIDDevice::SendToEndpointOut(void const*, unsigned int, unsigned int))
../../lib/usb/libusb.a(usbkeyboard.o)
                              ../../lib/usb/libusb.a(usbdevicefactory.o) (CUSBKeyboardDevice::CUSBKeyboardDevice(CUSBFunction*))
../../lib/usb/libusb.a(usbmassdevice.o)
                              ../../lib/usb/libusb.a(usbdevicefactory.o) (CUSBBulkOnlyMassStorageDevice::CUSBBulkOnlyMassStorageDevice(CUSBFunction*))
../../lib/usb/libusb.a(usbmidihost.o)
                              ../../lib/usb/libusb.a(usbdevicefactory.o) (CUSBMIDIHostDevice::CUSBMIDIHostDevice(CUSBFunction*))
../../lib/usb/libusb.a(usbmouse.o)
                              ../../lib/usb/libusb.a(usbdevicefactory.o) (CUSBMouseDevice::CUSBMouseDevice(CUSBFunction*))
../../lib/usb/libusb.a(usbprinter.o)
                              ../../lib/usb/libusb.a(usbdevicefactory.o) (CUSBPrinterDevice::CUSBPrinterDevice(CUSBFunction*))
../../lib/usb/libusb.a(usbstring.o)
                              ../../lib/usb/libusb.a(usbdevice.o) (CUSBString::CUSBString(CUSBDevice*))
../../lib/usb/libusb.a(usbserialch341.o)
[...]
Memory Configuration

Name             Origin             Length             Attributes
*default*        0x00000000         0xffffffff

Linker script and memory map

Address of section .init set to 0x8000

.init           0x00008000       0x64
 *(.init)
 .init          0x00008000       0x64 ../../lib/libcircle.a(startup.o)
                0x00008000                _start

.text           0x00008068    0x74a5c
 *(.text*)
 .text          0x00008068        0x0 main.o
 .text.startup  0x00008068       0x40 main.o
                0x00008068                main
 .text          0x000080a8      0xbcc CLogger.o
                0x000080a8                CLogger::CLogger(unsigned int, CTimer*, bool)
                0x000080a8                CLogger::CLogger(unsigned int, CTimer*, bool)
                0x000080c0                CLogger::~CLogger()
                0x000080c0                CLogger::~CLogger()
                0x000080dc                CLogger::Initialize(CDevice*)
                0x000080e4                CLogger::SetNewTarget(CDevice*)
                0x000080e8                CLogger::Get()
                0x0000811c                CLogger::SetRawSink(void (*)(void*, char const*, unsigned int), void*)
                0x0000812c                CLogger::RegisterPanicHandler(void (*)())
                0x00008134                CLogger::WriteRaw(char const*, unsigned int)
                0x0000815c                CLogger::WriteCString(char const*)
                0x0000819c                CLogger::FormatChar(char*, unsigned int, unsigned int&, char)
                0x000081c8                CLogger::FormatString(char*, unsigned int, unsigned int&, char const*)
                0x00008238                CLogger::FormatUIntDec(char*, unsigned int, unsigned int&, unsigned int)
                0x00008348                CLogger::FormatIntDec(char*, unsigned int, unsigned int&, int)
                0x000083bc                CLogger::FormatUIntHex(char*, unsigned int, unsigned int&, unsigned int, bool)
                0x000084d0                CLogger::FormatULongDec(char*, unsigned int, unsigned int&, unsigned long)
                0x000085e0                CLogger::FormatV(char*, unsigned int, char const*, std::__va_list)
                0x00008a0c                CLogger::WriteV(char const*, TLogSeverity, char const*, std::__va_list)
                0x00008b3c                CLogger::Write(char const*, TLogSeverity, char const*, ...)
                0x00008b6c                CLogger::WriteNoAlloc(char const*, TLogSeverity, char const*)
 .text          0x00008c74      0x8c8 kernel.o
                0x00008c74                CKernel::CKernel()
                0x00008c74                CKernel::CKernel()
                0x00009490                CKernel::~CKernel()
                0x00009490                CKernel::~CKernel()
 .text          0x0000953c      0x834 kernel_initialize.o
                0x0000953c                CKernel::Initialize()
 .text          0x00009d70      0x308 kernel_run.o
                0x00009d70                CKernel::Run()
 .text          0x0000a078      0x198 code_alloc.o
                0x0000a078                CKernel::allocBufferMEM(unsigned int, unsigned int)
                0x0000a0d4                CKernel::allocBufferDMA(unsigned int, unsigned int, char**, char**, unsigned int*)
                0x0000a1b0                CKernel::clearBufferMEM(char**, unsigned int)
                0x0000a1e8                CKernel::clearBufferDMA(char**, char*)
 .text          0x0000a210      0xd20 code_debug.o
                0x0000a210                CKernel::logButtonStatesRuntime(int)
                0x0000a368                CKernel::logModesRuntime(int)
                0x0000a5e0                CKernel::logPickUpFlags(int)
                0x0000a7ec                CKernel::logInOutRuntime(int)
                0x0000aa6c                CKernel::logInfosRuntime(int)
                0x0000abd4                CKernel::startupScreen()
 .text          0x0000af30      0x9e0 code_filesystem.o
                0x0000af30                CKernel::FATCallback()
                0x0000b1ec                CKernel::removeUSB(CDevice*, void*)
                0x0000b21c                CKernel::Mount(char const*)
                0x0000b2d8                CKernel::UnMount()
                0x0000b320                CKernel::openFile(char const*)
                0x0000b344                CKernel::loadToBuffer(char*, unsigned int)
                0x0000b3a8                CKernel::saveFromBuffer(char const*, char const*, char const*, unsigned int)
                0x0000b480                CKernel::closeFile()
                0x0000b4a0                CKernel::bulkLoad(char**, unsigned int*, char**, unsigned int, unsigned int&, unsigned int&, unsigned int)
                0x0000b5a8                CKernel::IsValidFile(char const*, char const*)
                0x0000b660                CKernel::scanRoot(char**, char const**, unsigned int, unsigned int&, unsigned int, unsigned int)
                0x0000b750                CKernel::gen83FileName(char const*)
                0x0000b844                CKernel::UpdateKernel()
                0x0000b8ac                CKernel::updateUSB(char const*)
 .text          0x0000b910      0x80c code_graphics_init.o
                0x0000b910                CKernel::initOGL(CKernel::olg_state*)
                0x0000bb34                CKernel::initVbuffer(CKernel::olg_state*, CKernel::vtx_state*)
                0x0000bc34                CKernel::initShader(CKernel::vtx_state*, CKernel::glsl_state*, CKernel::tex_state*, char**, int, int, unsigned int)
                0x0000bcf4                CKernel::initProgram(CKernel::vtx_state*, CKernel::glsl_state*, CKernel::glsl_state*, CKernel::tex_state*, int, int, unsigned int&)
                0x0000bde4                CKernel::initTexture(CKernel::vtx_state*, CKernel::glsl_state*, CKernel::tex_state*, int, int, unsigned int&, int, int)
                0x0000bf40                CKernel::initUniform(CKernel::vtx_state*, CKernel::glsl_state*, CKernel::tex_state*, int, int)
 .text          0x0000c11c      0x828 code_graphics_log.o
                0x0000c11c                CKernel::shaderLog(int, int)
                0x0000c2b4                CKernel::programLog(int, int)
                0x0000c60c                CKernel::gfx_check(char const*, unsigned int)
 .text          0x0000c944      0x5ec code_graphics_run.o
                0x0000c944                CKernel::frmBufferSet(CKernel::vtx_state*)
                0x0000c9a4                CKernel::frmBufferSwap(CKernel::olg_state*)
                0x0000c9cc                CKernel::setUniPrg(CKernel::olg_state*, CKernel::glsl_state*, CKernel::tex_state*, unsigned int)
                0x0000cbe0                CKernel::setTexPrg(CKernel::olg_state*, CKernel::glsl_state*, CKernel::tex_state*, int, unsigned int)
                0x0000cd70                CKernel::drawGLsPrg()
                0x0000cdc0                CKernel::frmRateBreak(bool)
                0x0000cdf4                CKernel::setUniOvl(CKernel::olg_state*, CKernel::glsl_state*, CKernel::tex_state*)
                0x0000ce7c                CKernel::setTexOvl(CKernel::olg_state*, CKernel::glsl_state*, CKernel::tex_state*)
                0x0000ced4                CKernel::drawGLsOvl()
 .text          0x0000cf30     0x1d64 code_hardware.o
                0x0000cf30                CKernel::usDelay(unsigned int)
                0x0000cf6c                CKernel::msDelay(unsigned int)
                0x0000cfb4                CKernel::read32(unsigned int)
                0x0000cfbc                CKernel::write32(unsigned int, unsigned int)
                0x0000cfc4                CKernel::GPIO_SetPull(unsigned int, unsigned int)
                0x0000d054                CKernel::GPIO_SetAlt(unsigned int, unsigned int, unsigned int)
                0x0000d0a8                CKernel::GPIO_Write(unsigned int, unsigned int)
                0x0000d0d8                CKernel::set_pot_routing(int, bool)
                0x0000d108                CKernel::GPIO_Read(unsigned int)
                0x0000d134                CKernel::buttonPingA(int, int)
                0x0000d27c                CKernel::buttonPingB(int, int, int, int)
                0x0000d4fc                CKernel::watchdog_Start(unsigned int)
                0x0000d534                CKernel::SPI_init()
                0x0000d7e8                CKernel::WriteRead(unsigned int, void const*, void*, unsigned int)
                0x0000d944                CKernel::SMI_Init(unsigned int)
                0x0000d9c8                CKernel::SMI_SetupTiming(unsigned int, unsigned int, unsigned int, unsigned int, unsigned int, unsigned int)
                0x0000db50                CKernel::SMI_SetupDMA(unsigned int)
                0x0000db90                CKernel::WS2812_Init(unsigned int)
                0x0000dc60                CKernel::WS2812_SetLED(unsigned int, unsigned char, unsigned char, unsigned char)
                0x0000dcdc                CKernel::WS2812_Update()
                0x0000dd50                CKernel::ReadMCP3008Raw(unsigned int)
                0x0000ddb0                CKernel::readAndConvertADC()
                0x0000e2fc                CKernel::adc_ProcessAudio()
                0x0000e9b0                CKernel::adc_AdvanceIndex()
                0x0000e9c8                CKernel::frameBufferInit()
                0x0000eab0                CKernel::bufferScreenPlot(unsigned int, unsigned int, unsigned int)
                0x0000eacc                CKernel::bufferScreenDrawChar(char, unsigned int, unsigned int, unsigned int)
                0x0000eb78                CKernel::bufferScreenClear()
                0x0000eb90                CKernel::bufferScreenDraw(char const*, unsigned int, unsigned int, unsigned int, unsigned int, unsigned int)
                0x0000ec7c                CKernel::bufferScreenGetGrid(unsigned int&, unsigned int&)
 .text          0x0000ec94      0xa1c code_log.o
                0x0000ec94                CKernel::convertDecToBCD(unsigned int)
                0x0000ece8                CKernel::logScreenUpdate()
                0x0000ee40                CKernel::storeLogHex(char*, unsigned int&, char const*, unsigned int, char const*, unsigned int, char const*, unsigned int, char const*, unsigned int)
                0x0000f16c                CKernel::storeLogU32(char*, unsigned int&, char const*, unsigned int, char const*, unsigned int, char const*, unsigned int, char const*, unsigned int)
                0x0000f4d8                CKernel::storeMsg(char*, unsigned int&, char const*, void const*, unsigned int)
                0x0000f5f4                CKernel::nextline(char*, unsigned int&)
                0x0000f620                CKernel::memoryDebugCheckpoint(char const*, bool)
                0x0000f634                CKernel::LoggerSink(void*, char const*, unsigned int)
 .text          0x0000f6b0      0xfe0 code_menu.o
                0x0000f6b0                CKernel::resetMenuPickUpFlags()
                0x0000f6f8                CKernel::storeModes()
                0x0000f7a4                CKernel::buttonConsumer(int, int)
                0x0000f9e8                CKernel::set_mode_roof_map(unsigned char)
                0x0000fbac                CKernel::mapMenuGroup(unsigned char)
                0x0000fd48                CKernel::dispatchLayer()
                0x0000fd78                CKernel::modeADC(int)
                0x0000fda8                CKernel::modeTRG(int)
                0x0000fe6c                CKernel::getChannelModeA(int)
                0x0000fff0                CKernel::modeLF1(int)
                0x00010024                CKernel::modeLF2(int)
                0x00010058                CKernel::modeAudioAbL(int)
                0x0001008c                CKernel::modeAudioAbH(int)
                0x000100c0                CKernel::modeAudioBbL(int)
                0x000100f4                CKernel::modeAudioBbH(int)
                0x00010128                CKernel::applyTargetModes()
                0x00010270                CKernel::updateLED()
                0x00010500                CKernel::checkSystemFlags()
 .text          0x00010690     0x10d4 code_parser.o
                0x00010690                CKernel::BMPparser(CKernel::tex_state*, char**, char**, unsigned int*, unsigned int, int, int)
                0x00010a48                CKernel::findNext000001(unsigned char*, unsigned int, unsigned int) const
                0x00010ab4                CKernel::ReadExpGolomb(unsigned char*, unsigned int*) const
                0x00010b6c                CKernel::ParseSPS(unsigned char*, unsigned int, unsigned int, unsigned short*, unsigned short*, unsigned char*, unsigned char*) const
                0x00010db0                CKernel::parse264(CKernel::h264_state*, char*, char**, char**, unsigned int*, int, int, unsigned int&, unsigned short, unsigned short, unsigned short, unsigned short, unsigned char, unsigned char, unsigned char, unsigned char)
 .text          0x00011764     0x2144 code_user_file.o
                0x00011764                CKernel::bufferSourceModeName(unsigned int)
                0x00011784                CKernel::bufferWaveName(unsigned int)
                0x000117a8                CKernel::bufferChannelName(unsigned int)
                0x000117cc                CKernel::bufferMultValue(unsigned int)
                0x000117ec                CKernel::create_buffer_file()
                0x000120cc                CKernel::hexToDec(unsigned int)
                0x00012130                CKernel::sameText(char const*, char const*)
                0x00012178                CKernel::tokenEnd(char)
                0x000121ac                CKernel::skipBufferLine(char const*&)
                0x000121e8                CKernel::readBufferToken(char const*&, char*, unsigned int)
                0x00012304                CKernel::readBufferDec(char const*, unsigned int&)
                0x00012380                CKernel::readSourceMode(char const*, unsigned int&)
                0x000125d4                CKernel::readWave(char const*, unsigned int&)
                0x00012708                CKernel::readMultiplier(char const*, unsigned int&)
                0x000128a4                CKernel::readChannel(char const*, unsigned int&)
                0x00012af8                CKernel::readChannelCommand(char const*, unsigned int&)
                0x00012d4c                CKernel::parse_buffer_file()
 .text          0x000138a8      0x610 code_util.o
                0x000138a8                CKernel::setSystemVariables()
                0x00013910                CKernel::checkUpdate()
                0x00013928                CKernel::randomVec8(unsigned long)
                0x00013aa0                CKernel::calculate1BPMnew(int, int, int, unsigned long)
                0x00013c38                CKernel::predict1Beat(int, int)
                0x00013d90                CKernel::sample1WaveTable(int, int, int)
 .text          0x00013eb8      0x4ac code_vc_service.o
                0x00013eb8                CKernel::callbackVCSM(void*, VCHI_CALLBACK_REASON_T, void*)
                0x00013f0c                CKernel::callbackMMAL(void*, VCHI_CALLBACK_REASON_T, void*)
                0x00013f60                CKernel::getStateVCHI()
                0x00013fe0                CKernel::initEventsVCOS(VCOS_EVENT_T&, char const*)
                0x00014070                CKernel::convertAddress(void*, unsigned int)
                0x0001411c                CKernel::checkGLerrorMMAL()
                0x0001419c                CKernel::NextTransId(unsigned int&)
                0x000141b0                CKernel::initHeaderVCSM(CKernel::vc_sm_msg_hdr_t&, unsigned int)
                0x000141d4                CKernel::initHeaderMMAL(CKernel::mmal_msg_header&, unsigned int)
                0x00014218                CKernel::sendAndWaitVCHI(opaque_vchi_service_handle_t*, VCOS_EVENT_T&, void const*, unsigned int, void*, unsigned int, unsigned int*)
                0x000142fc                CKernel::openServiceVCHI(SERVICE_CREATION_T&, unsigned long, unsigned long, long, void (*)(void*, VCHI_CALLBACK_REASON_T, void*), void*, opaque_vchi_instance_handle_t*, opaque_vchi_service_handle_t*&)
 *fill*         0x00014364        0x4 
 .text          0x00014368      0x6e8 code_vc_mmal_api.o
                0x00014368                CKernel::bufferReadyMMAL(unsigned int)
                0x0001445c                CKernel::queueOutputBufferMMAL(CKernel::MMAL_Buffer_From_Host_Msg&, unsigned int, unsigned int)
                0x00014530                CKernel::queueInputBufferMMAL(CKernel::MMAL_Buffer_From_Host_Msg&, unsigned int, unsigned int)
                0x00014600                CKernel::framePollerMMAL(unsigned int, unsigned int)
 .text          0x00014a50      0x9f8 code_vc_mmal_init.o
                0x00014a50                CKernel::initTexturesMMAL()
                0x00014c1c                CKernel::createComponent(unsigned int&, CKernel::MMAL_Component_Create_Msg&, CKernel::MMAL_Component_Create_Reply&)
                0x00014d30                CKernel::getPortInfoMMAL(unsigned int, unsigned int&, CKernel::MMAL_Port_Info_Get_Msg&, CKernel::MMAL_Port_Info_Get_Reply&)
                0x00014e28                CKernel::setPortInfoMMAL(CKernel::MMAL_Port_Info_Set_Msg&, CKernel::MMAL_Port_Info_Set_Reply&)
                0x00014ef4                CKernel::enableComponentMMAL(CKernel::MMAL_Component_Enable_Msg&, CKernel::MMAL_Component_Enable_Reply&)
                0x00014fc4                CKernel::setZeroCopyModeMMAL(unsigned int, CKernel::MMAL_Port_Parameter_Set_Msg&, CKernel::MMAL_Port_Parameter_Set_Reply&)
                0x000150c8                CKernel::enablePortMMAL(CKernel::MMAL_Port_Info_Get_Reply const&, CKernel::MMAL_Port_Action_Msg&, CKernel::MMAL_Port_Action_Reply_Msg&)
                0x000151ec                CKernel::PrimeOutputBufferBodyMMAL(CKernel::MMAL_Buffer_From_Host_Msg&)
                0x00015240                CKernel::PrimeInputBufferBodyMMAL(CKernel::MMAL_Buffer_From_Host_Msg&)
                0x000152a4                CKernel::primePortFormatInputMMAL(unsigned int, CKernel::MMAL_Port_Info_Get_Reply const&, CKernel::MMAL_Port_Info_Set_Msg&)
                0x00015378                CKernel::primePortFormatOutputMMAL(unsigned int, CKernel::MMAL_Port_Info_Get_Reply const&, CKernel::MMAL_Port_Info_Set_Msg&)
 .text          0x00015448      0x49c code_vc_vcsm.o
                0x00015448                CKernel::allocMemoryVCSM(unsigned int, unsigned int, unsigned int, CKernel::vc_sm_alloc_type_t, unsigned int, char const*, unsigned int&, CKernel::VCSM_Alloc_MEM_Msg&, CKernel::VCSM_Alloc_MEM_Reply&)
                0x00015590                CKernel::importMemoryVCSM(void*, unsigned int, unsigned int&, CKernel::VCSM_Import_MEM_Msg&, CKernel::VCSM_Import_MEM_Reply&)
                0x000156e4                CKernel::lockMemoryVCSM(unsigned int&, unsigned int&, CKernel::VCSM_Lock_MEM_Msg&, CKernel::VCSM_Lock_MEM_Reply&)
                0x000157ec                CKernel::freeMemoryVCSM(unsigned int&, unsigned int&, CKernel::VCSM_Free_MEM_Msg&, CKernel::VCSM_Free_MEM_Reply&)
 .text          0x000158e4     0x21d8 code_wrappers.o
                0x000158e4                CKernel::wrapperInitDMA()
                0x00015a74                CKernel::wrapperInitMEM()
                0x00015b44                CKernel::wrapperDMAcleanUp()
                0x00015ba0                CKernel::wrapperMEMcleanUp()
                0x00015c24                CKernel::wrapperVCSM()
                0x00015eec                CKernel::wrapperMMAL()
                0x00016578                CKernel::wrapper_load_sd()
                0x000168e4                CKernel::wrapper_load_usb()
                0x00016ae8                CKernel::wrapper_parser_sd()
                0x00016b70                CKernel::wrapper_parser_usb()
                0x00016c44                CKernel::wrapper_init_gl_sd()
                0x00016e74                CKernel::wrapper_init_gl_usb()
                0x00016f78                CKernel::wrapperInitVCSMstruct()
                0x000170c4                CKernel::wrapperInitMMALstruct()
                0x00017564                CKernel::wrapperFreeVCSMstruct()
                0x000176a4                CKernel::wrapperFreeMMALstruct()
 .text          0x00017abc      0x610 ../../lib/usb/libusb.a(usbhostcontroller.o)
                0x00017abc                CUSBHostController::UpdatePlugAndPlay()
                0x00017c14                CUSBHostController::CUSBHostController(bool)
                0x00017c14                CUSBHostController::CUSBHostController(bool)
                0x00017c58                CUSBHostController::~CUSBHostController()
                0x00017c58                CUSBHostController::~CUSBHostController()
                0x00017c88                CUSBHostController::~CUSBHostController()
                0x00017cc4                CUSBHostController::ControlMessage(CUSBEndpoint*, unsigned char, unsigned char, unsigned short, unsigned short, void*, unsigned short)
                0x00017db4                CUSBHostController::GetDescriptor(CUSBEndpoint*, unsigned char, unsigned char, void*, unsigned int, unsigned char, unsigned short)
                0x00017de8                CUSBHostController::SetAddress(CUSBEndpoint*, unsigned char)
                0x00017e30                CUSBHostController::SetConfiguration(CUSBEndpoint*, unsigned char)
                0x00017e78                CUSBHostController::Transfer(CUSBEndpoint*, void*, unsigned int, unsigned int)
                0x00017edc                CUSBHostController::IsPlugAndPlay()
                0x00017eec                CUSBHostController::PortStatusChanged(CUSBHCIRootPort*)
                0x00017fc4                CUSBHostController::PortStatusChanged(CUSBStandardHub*)
                0x0001809c                CUSBHostController::Get()
 .text._ZN18CUSBHostController24CancelDeviceTransactionsEP10CUSBDevice
                0x000180cc        0x4 ../../lib/usb/libusb.a(usbhostcontroller.o)
                0x000180cc                CUSBHostController::CancelDeviceTransactions(CUSBDevice*)
 .text          0x000180d0      0x488 ../../lib/usb/libusb.a(usbrequest.o)
                0x000180d0                CUSBRequest::CUSBRequest(CUSBEndpoint*, void*, unsigned int, TSetupData*)
                0x000180d0                CUSBRequest::CUSBRequest(CUSBEndpoint*, void*, unsigned int, TSetupData*)
                0x00018158                CUSBRequest::~CUSBRequest()
                0x00018158                CUSBRequest::~CUSBRequest()
                0x0001815c                CUSBRequest::GetEndpoint() const
                0x00018184                CUSBRequest::SetStatus(int)
                0x0001818c                CUSBRequest::SetResultLen(unsigned int)
                0x00018194                CUSBRequest::SetUSBError(TUSBError)
                0x0001819c                CUSBRequest::GetStatus() const
                0x000181a4                CUSBRequest::GetResultLength() const
                0x000181d4                CUSBRequest::GetUSBError() const
                0x00018204                CUSBRequest::GetSetupData()
                0x00018254                CUSBRequest::GetBuffer()
                0x0001828c                CUSBRequest::GetBufLen() const
                0x00018294                CUSBRequest::AddIsoPacket(unsigned short)
                0x0001830c                CUSBRequest::GetNumIsoPackets() const
                0x00018334                CUSBRequest::GetIsoPacketSize(unsigned int) const
                0x00018368                CUSBRequest::SetCompletionRoutine(void (*)(CUSBRequest*, void*, void*), void*, void*)
                0x00018394                CUSBRequest::CallCompletionRoutine()
                0x000183d0                CUSBRequest::SetCompleteOnNAK()
                0x000183dc                CUSBRequest::IsCompleteOnNAK() const
                0x000183e4                CUSBRequest::operator new(unsigned int)
                0x00018438                CUSBRequest::operator delete(void*, unsigned int)
                0x00018490                CUSBRequest::InitAllocator(unsigned int)
                0x000184ec                CUSBRequest::InitProtectedAllocator(unsigned int, unsigned int)
 .text          0x00018558     0x1134 ../../lib/usb/libusb.a(usbstandardhub.o)
                0x00018558                CUSBStandardHub::~CUSBStandardHub()
                0x00018558                CUSBStandardHub::~CUSBStandardHub()
                0x00018674                CUSBStandardHub::~CUSBStandardHub()
                0x00018694                CUSBStandardHub::CUSBStandardHub(CUSBFunction*)
                0x00018694                CUSBStandardHub::CUSBStandardHub(CUSBFunction*)
                0x00018718                CUSBStandardHub::DisablePort(unsigned int)
                0x000187d8                CUSBStandardHub::RemoveDeviceAt(unsigned int)
                0x0001881c                CUSBStandardHub::StartStatusChangeRequest()
                0x000188f8                CUSBStandardHub::CompletionRoutine(CUSBRequest*)
                0x000189a0                CUSBStandardHub::CompletionStub(CUSBRequest*, void*, void*)
                0x000189d4                CUSBStandardHub::Initialize()
                0x00018b10                CUSBStandardHub::EnumeratePorts()
                0x00019174                CUSBStandardHub::ReScanDevices()
                0x00019178                CUSBStandardHub::Configure()
                0x000192dc                CUSBStandardHub::HandlePortStatusChange()
 .text.startup  0x0001968c       0x38 ../../lib/usb/libusb.a(usbstandardhub.o)
 .text          0x000196c4     0x3198 ../../lib/usb/libusb.a(dwhcidevice.o)
                0x000196c4                CDWHCIDevice::CancelDeviceTransactions(CUSBDevice*)
                0x000196cc                CDWHCIDevice::CompletionRoutine(CUSBRequest*, void*, void*)
                0x00019720                CDWHCIDevice::CDWHCIDevice(CInterruptSystem*, CTimer*, bool)
                0x00019720                CDWHCIDevice::CDWHCIDevice(CInterruptSystem*, CTimer*, bool)
                0x0001980c                CDWHCIDevice::DeviceConnected()
                0x00019844                CDWHCIDevice::GetPortSpeed()
                0x00019890                CDWHCIDevice::OvercurrentDetected()
                0x000198cc                CDWHCIDevice::DisableRootPort(bool)
                0x00019940                CDWHCIDevice::PowerOn()
                0x000199ac                CDWHCIDevice::Reset()
                0x00019a88                CDWHCIDevice::InitCore()
                0x00019d10                CDWHCIDevice::EnableGlobalInterrupts()
                0x00019d54                CDWHCIDevice::EnableCommonInterrupts()
                0x00019d8c                CDWHCIDevice::EnableHostInterrupts()
                0x00019e24                CDWHCIDevice::EnableChannelInterrupt(unsigned int)
                0x00019ea8                CDWHCIDevice::DisableChannelInterrupt(unsigned int)
                0x00019f2c                CDWHCIDevice::FlushTxFIFO(unsigned int)
                0x00019ff0                CDWHCIDevice::FlushRxFIFO()
                0x0001a098                CDWHCIDevice::InitHost()
                0x0001a298                CDWHCIDevice::QueueTransaction(CDWHCITransferStageData*)
                0x0001a334                CDWHCIDevice::TransferStageAsync(CUSBRequest*, bool, bool, unsigned int)
                0x0001a3f4                CDWHCIDevice::SubmitAsyncRequest(CUSBRequest*, unsigned int)
                0x0001a4d4                CDWHCIDevice::QueueDelayedTransaction(CDWHCITransferStageData*)
                0x0001a660                CDWHCIDevice::StartChannel(CDWHCITransferStageData*)
                0x0001aa80                CDWHCIDevice::StartTransaction(CDWHCITransferStageData*)
                0x0001ab90                CDWHCIDevice::AllocateChannel()
                0x0001ad2c                CDWHCIDevice::SOFInterruptHandler()
                0x0001ad3c                CDWHCIDevice::FreeChannel(unsigned int)
                0x0001b438                CDWHCIDevice::ChannelInterruptHandler(unsigned int)
                0x0001b448                CDWHCIDevice::InterruptHandler()
                0x0001b628                CDWHCIDevice::InterruptStub(void*)
                0x0001b654                CDWHCIDevice::AllocateWaitBlock()
                0x0001b6f4                CDWHCIDevice::FreeWaitBlock(unsigned int)
                0x0001b780                CDWHCIDevice::TransferStage(CUSBRequest*, bool, bool, unsigned int)
                0x0001b884                CDWHCIDevice::SubmitBlockingRequest(CUSBRequest*, unsigned int)
                0x0001bb04                CDWHCIDevice::WaitForBit(CDWHCIRegister*, unsigned int, bool, unsigned int)
                0x0001bbe4                CDWHCIDevice::EnableRootPort()
                0x0001bd04                CDWHCIDevice::LogTransactionFailed(unsigned int)
                0x0001bd4c                CDWHCIDevice::DumpRegister(char const*, unsigned int)
                0x0001bdb4                CDWHCIDevice::DumpStatus(unsigned int)
                0x0001c464                CDWHCIDevice::~CDWHCIDevice()
                0x0001c464                CDWHCIDevice::~CDWHCIDevice()
                0x0001c550                CDWHCIDevice::~CDWHCIDevice()
                0x0001c570                CDWHCIDevice::ReScanDevices()
                0x0001c600                CDWHCIDevice::Initialize(bool)
 .text          0x0001c85c      0x430 ../../lib/usb/libusb.a(dwhciframeschednper.o)
                0x0001c85c                CDWHCIFrameSchedulerNonPeriodic::~CDWHCIFrameSchedulerNonPeriodic()
                0x0001c85c                CDWHCIFrameSchedulerNonPeriodic::~CDWHCIFrameSchedulerNonPeriodic()
                0x0001c860                CDWHCIFrameSchedulerNonPeriodic::StartSplit()
                0x0001c87c                CDWHCIFrameSchedulerNonPeriodic::IsOddFrame() const
                0x0001c884                CDWHCIFrameSchedulerNonPeriodic::PeriodicDelay(unsigned short)
                0x0001c8a0                CDWHCIFrameSchedulerNonPeriodic::CompleteSplit()
                0x0001c910                CDWHCIFrameSchedulerNonPeriodic::TransactionComplete(unsigned int)
                0x0001ca04                CDWHCIFrameSchedulerNonPeriodic::GetFrameNumber()
                0x0001ca80                CDWHCIFrameSchedulerNonPeriodic::~CDWHCIFrameSchedulerNonPeriodic()
                0x0001cac4                CDWHCIFrameSchedulerNonPeriodic::CDWHCIFrameSchedulerNonPeriodic()
                0x0001cac4                CDWHCIFrameSchedulerNonPeriodic::CDWHCIFrameSchedulerNonPeriodic()
                0x0001cb18                CDWHCIFrameSchedulerNonPeriodic::operator new(unsigned int)
                0x0001cb6c                CDWHCIFrameSchedulerNonPeriodic::operator delete(void*, unsigned int)
                0x0001cbc4                CDWHCIFrameSchedulerNonPeriodic::InitAllocator(unsigned int)
                0x0001cc20                CDWHCIFrameSchedulerNonPeriodic::InitProtectedAllocator(unsigned int, unsigned int)
 .text          0x0001cc8c      0x2cc ../../lib/usb/libusb.a(dwhciframeschednsplit.o)
                0x0001cc8c                CDWHCIFrameSchedulerNoSplit::~CDWHCIFrameSchedulerNoSplit()
                0x0001cc8c                CDWHCIFrameSchedulerNoSplit::~CDWHCIFrameSchedulerNoSplit()
                0x0001cc90                CDWHCIFrameSchedulerNoSplit::StartSplit()
                0x0001ccac                CDWHCIFrameSchedulerNoSplit::CompleteSplit()
                0x0001ccc8                CDWHCIFrameSchedulerNoSplit::TransactionComplete(unsigned int)
                0x0001cce4                CDWHCIFrameSchedulerNoSplit::PeriodicDelay(unsigned short)
                0x0001cd00                CDWHCIFrameSchedulerNoSplit::GetFrameNumber()
                0x0001cd4c                CDWHCIFrameSchedulerNoSplit::IsOddFrame() const
                0x0001cd84                CDWHCIFrameSchedulerNoSplit::~CDWHCIFrameSchedulerNoSplit()
                0x0001cdc8                CDWHCIFrameSchedulerNoSplit::CDWHCIFrameSchedulerNoSplit(bool)
                0x0001cdc8                CDWHCIFrameSchedulerNoSplit::CDWHCIFrameSchedulerNoSplit(bool)
                0x0001cde4                CDWHCIFrameSchedulerNoSplit::operator new(unsigned int)
                0x0001ce38                CDWHCIFrameSchedulerNoSplit::operator delete(void*, unsigned int)
                0x0001ce90                CDWHCIFrameSchedulerNoSplit::InitAllocator(unsigned int)
                0x0001ceec                CDWHCIFrameSchedulerNoSplit::InitProtectedAllocator(unsigned int, unsigned int)
 .text          0x0001cf58      0x4a4 ../../lib/usb/libusb.a(dwhciframeschedper.o)
                0x0001cf58                CDWHCIFrameSchedulerPeriodic::~CDWHCIFrameSchedulerPeriodic()
                0x0001cf58                CDWHCIFrameSchedulerPeriodic::~CDWHCIFrameSchedulerPeriodic()
                0x0001cf5c                CDWHCIFrameSchedulerPeriodic::StartSplit()
                0x0001cf7c                CDWHCIFrameSchedulerPeriodic::PeriodicDelay(unsigned short)
                0x0001cf94                CDWHCIFrameSchedulerPeriodic::CompleteSplit()
                0x0001d030                CDWHCIFrameSchedulerPeriodic::GetFrameNumber()
                0x0001d0c0                CDWHCIFrameSchedulerPeriodic::IsOddFrame() const
                0x0001d0f8                CDWHCIFrameSchedulerPeriodic::TransactionComplete(unsigned int)
                0x0001d1ec                CDWHCIFrameSchedulerPeriodic::~CDWHCIFrameSchedulerPeriodic()
                0x0001d230                CDWHCIFrameSchedulerPeriodic::CDWHCIFrameSchedulerPeriodic()
                0x0001d230                CDWHCIFrameSchedulerPeriodic::CDWHCIFrameSchedulerPeriodic()
                0x0001d288                CDWHCIFrameSchedulerPeriodic::operator new(unsigned int)
                0x0001d2dc                CDWHCIFrameSchedulerPeriodic::operator delete(void*, unsigned int)
                0x0001d334                CDWHCIFrameSchedulerPeriodic::InitAllocator(unsigned int)
                0x0001d390                CDWHCIFrameSchedulerPeriodic::InitProtectedAllocator(unsigned int, unsigned int)
 .text          0x0001d3fc      0x32c ../../lib/usb/libusb.a(dwhcirootport.o)
                0x0001d3fc                CDWHCIRootPort::~CDWHCIRootPort()
                0x0001d3fc                CDWHCIRootPort::~CDWHCIRootPort()
                0x0001d430                CDWHCIRootPort::RemoveDevice()
                0x0001d48c                CDWHCIRootPort::ReScanDevices()
                0x0001d4cc                CDWHCIRootPort::HandlePortStatusChange()
                0x0001d538                CDWHCIRootPort::~CDWHCIRootPort()
                0x0001d578                CDWHCIRootPort::CDWHCIRootPort(CDWHCIDevice*)
                0x0001d578                CDWHCIRootPort::CDWHCIRootPort(CDWHCIDevice*)
                0x0001d5b0                CDWHCIRootPort::Initialize()
 .text          0x0001d728      0x7bc ../../lib/usb/libusb.a(dwhcixactqueue.o)
                0x0001d728                TQueueEntry::operator new(unsigned int)
                0x0001d77c                TQueueEntry::operator delete(void*, unsigned int)
                0x0001d7d4                TQueueEntry::InitAllocator(unsigned int)
                0x0001d830                TQueueEntry::InitProtectedAllocator(unsigned int, unsigned int)
                0x0001d89c                CDWHCITransactionQueue::CDWHCITransactionQueue(unsigned int, unsigned int)
                0x0001d89c                CDWHCITransactionQueue::CDWHCITransactionQueue(unsigned int, unsigned int)
                0x0001d91c                CDWHCITransactionQueue::Flush()
                0x0001da58                CDWHCITransactionQueue::~CDWHCITransactionQueue()
                0x0001da58                CDWHCITransactionQueue::~CDWHCITransactionQueue()
                0x0001da74                CDWHCITransactionQueue::FlushDevice(CUSBDevice*)
                0x0001dc0c                CDWHCITransactionQueue::Enqueue(CDWHCITransferStageData*, unsigned short)
                0x0001dda0                CDWHCITransactionQueue::Dequeue(unsigned short)
 .text          0x0001dee4      0xe00 ../../lib/usb/libusb.a(dwhcixferstagedata.o)
                0x0001dee4                CDWHCITransferStageData::CDWHCITransferStageData(unsigned int, CUSBRequest*, bool, bool, unsigned int)
                0x0001dee4                CDWHCITransferStageData::CDWHCITransferStageData(unsigned int, CUSBRequest*, bool, bool, unsigned int)
                0x0001e334                CDWHCITransferStageData::~CDWHCITransferStageData()
                0x0001e334                CDWHCITransferStageData::~CDWHCITransferStageData()
                0x0001e35c                CDWHCITransferStageData::SetChannelNumber(unsigned int)
                0x0001e364                CDWHCITransferStageData::TransactionComplete(unsigned int, unsigned int, unsigned int)
                0x0001e5d4                CDWHCITransferStageData::SetSplitComplete(bool)
                0x0001e604                CDWHCITransferStageData::SetState(unsigned int)
                0x0001e60c                CDWHCITransferStageData::GetState() const
                0x0001e614                CDWHCITransferStageData::SetSubState(unsigned int)
                0x0001e61c                CDWHCITransferStageData::GetSubState() const
                0x0001e624                CDWHCITransferStageData::GetChannelNumber() const
                0x0001e62c                CDWHCITransferStageData::IsPeriodic() const
                0x0001e670                CDWHCITransferStageData::IsIsochronous() const
                0x0001e6b0                CDWHCITransferStageData::GetDeviceAddress() const
                0x0001e6e0                CDWHCITransferStageData::GetEndpointType() const
                0x0001e740                CDWHCITransferStageData::GetEndpointNumber() const
                0x0001e770                CDWHCITransferStageData::GetMaxPacketSize() const
                0x0001e778                CDWHCITransferStageData::GetSpeed() const
                0x0001e780                CDWHCITransferStageData::GetPID() const
                0x0001e7ec                CDWHCITransferStageData::IsDirectionIn() const
                0x0001e7f4                CDWHCITransferStageData::IsStatusStage() const
                0x0001e7fc                CDWHCITransferStageData::GetDMAAddress() const
                0x0001e828                CDWHCITransferStageData::GetBytesToTransfer() const
                0x0001e830                CDWHCITransferStageData::GetPacketsToTransfer() const
                0x0001e838                CDWHCITransferStageData::IsSplit() const
                0x0001e840                CDWHCITransferStageData::IsSplitComplete() const
                0x0001e874                CDWHCITransferStageData::GetHubAddress() const
                0x0001e8c8                CDWHCITransferStageData::GetHubPortAddress() const
                0x0001e91c                CDWHCITransferStageData::GetSplitPosition() const
                0x0001e9a8                CDWHCITransferStageData::GetStatusMask() const
                0x0001ea08                CDWHCITransferStageData::GetTransactionStatus() const
                0x0001ea34                CDWHCITransferStageData::GetUSBError() const
                0x0001ea98                CDWHCITransferStageData::IsStageComplete() const
                0x0001eaa8                CDWHCITransferStageData::GetResultLen() const
                0x0001eabc                CDWHCITransferStageData::IsTimeout() const
                0x0001eaf4                CDWHCITransferStageData::IsRetryOK() const
                0x0001eb08                CDWHCITransferStageData::GetURB() const
                0x0001eb34                CDWHCITransferStageData::GetDevice() const
                0x0001eb5c                CDWHCITransferStageData::GetFrameScheduler() const
                0x0001eb64                CDWHCITransferStageData::operator new(unsigned int)
                0x0001ebbc                CDWHCITransferStageData::operator delete(void*, unsigned int)
                0x0001ec18                CDWHCITransferStageData::InitAllocator(unsigned int)
                0x0001ec78                CDWHCITransferStageData::InitProtectedAllocator(unsigned int, unsigned int)
 .text          0x0001ece4      0x558 ../../lib/usb/libusb.a(dwhciframeschediso.o)
                0x0001ece4                CDWHCIFrameSchedulerIsochronous::~CDWHCIFrameSchedulerIsochronous()
                0x0001ece4                CDWHCIFrameSchedulerIsochronous::~CDWHCIFrameSchedulerIsochronous()
                0x0001ece8                CDWHCIFrameSchedulerIsochronous::CompleteSplit()
                0x0001eda8                CDWHCIFrameSchedulerIsochronous::TransactionComplete(unsigned int)
                0x0001ee6c                CDWHCIFrameSchedulerIsochronous::GetFrameNumber()
                0x0001ef0c                CDWHCIFrameSchedulerIsochronous::IsOddFrame() const
                0x0001ef44                CDWHCIFrameSchedulerIsochronous::StartSplit()
                0x0001f014                CDWHCIFrameSchedulerIsochronous::PeriodicDelay(unsigned short)
                0x0001f054                CDWHCIFrameSchedulerIsochronous::~CDWHCIFrameSchedulerIsochronous()
                0x0001f098                CDWHCIFrameSchedulerIsochronous::CDWHCIFrameSchedulerIsochronous(bool)
                0x0001f098                CDWHCIFrameSchedulerIsochronous::CDWHCIFrameSchedulerIsochronous(bool)
                0x0001f0c8                CDWHCIFrameSchedulerIsochronous::operator new(unsigned int)
                0x0001f11c                CDWHCIFrameSchedulerIsochronous::operator delete(void*, unsigned int)
                0x0001f174                CDWHCIFrameSchedulerIsochronous::InitAllocator(unsigned int)
                0x0001f1d0                CDWHCIFrameSchedulerIsochronous::InitProtectedAllocator(unsigned int, unsigned int)
 .text          0x0001f23c     0x12b0 ../../lib/usb/libusb.a(usbdevice.o)
                0x0001f23c                CUSBDevice::Configure()
                0x0001f2f8                CUSBDevice::CUSBDevice(CUSBHostController*, TUSBSpeed, CUSBHCIRootPort*)
                0x0001f2f8                CUSBDevice::CUSBDevice(CUSBHostController*, TUSBSpeed, CUSBHCIRootPort*)
                0x0001f3ac                CUSBDevice::CUSBDevice(CUSBHostController*, TUSBSpeed, CUSBStandardHub*, unsigned int)
                0x0001f3ac                CUSBDevice::CUSBDevice(CUSBHostController*, TUSBSpeed, CUSBStandardHub*, unsigned int)
                0x0001f4fc                CUSBDevice::ReScanDevices()
                0x0001f53c                CUSBDevice::RemoveDevice()
                0x0001f58c                CUSBDevice::GetName(TDeviceNameSelector) const
                0x0001f6a4                CUSBDevice::GetNames() const
                0x0001f78c                CUSBDevice::SetAddress(unsigned char)
                0x0001f7b8                CUSBDevice::GetAddress() const
                0x0001f7c0                CUSBDevice::GetSpeed() const
                0x0001f7c8                CUSBDevice::IsSplit() const
                0x0001f7d0                CUSBDevice::GetHubAddress() const
                0x0001f7d8                CUSBDevice::GetHubPortNumber() const
                0x0001f7e0                CUSBDevice::GetTTHubDevice() const
                0x0001f7e8                CUSBDevice::GetEndpoint0() const
                0x0001f814                CUSBDevice::GetHost() const
                0x0001f840                CUSBDevice::GetDeviceDescriptor() const
                0x0001f86c                CUSBDevice::GetConfigurationDescriptor() const
                0x0001f898                CUSBDevice::GetDescriptor(unsigned char)
                0x0001f8c8                CUSBDevice::ConfigurationError(char const*) const
                0x0001f8f8                CUSBDevice::GetFunction(unsigned int)
                0x0001f90c                CUSBDevice::LogWrite(TLogSeverity, char const*, ...)
                0x0001faf8                CUSBDevice::~CUSBDevice()
                0x0001faf8                CUSBDevice::~CUSBDevice()
                0x0001fb64                CUSBDevice::~CUSBDevice()
                0x0001fbdc                CUSBDevice::Initialize()
 .text.startup  0x000204ec       0x38 ../../lib/usb/libusb.a(usbdevice.o)
 .text          0x00020524      0x910 ../../lib/usb/libusb.a(usbdevicefactory.o)
                0x00020524                CUSBDeviceFactory::GetGenericHIDDevice(CUSBFunction*)
                0x000206fc                CUSBDeviceFactory::FindDeviceID(CString*, TUSBDeviceID const*)
                0x00020790                CUSBDeviceFactory::GetDevice(CUSBFunction*, CString*)
 .text          0x00020e34      0x3dc ../../lib/usb/libusb.a(usbendpoint.o)
                0x00020e34                CUSBEndpoint::CUSBEndpoint(CUSBDevice*)
                0x00020e34                CUSBEndpoint::CUSBEndpoint(CUSBDevice*)
                0x00020e7c                CUSBEndpoint::CUSBEndpoint(CUSBDevice*, TUSBEndpointDescriptor const*)
                0x00020e7c                CUSBEndpoint::CUSBEndpoint(CUSBDevice*, TUSBEndpointDescriptor const*)
                0x00021070                CUSBEndpoint::~CUSBEndpoint()
                0x00021070                CUSBEndpoint::~CUSBEndpoint()
                0x00021074                CUSBEndpoint::GetDevice() const
                0x0002109c                CUSBEndpoint::GetNumber() const
                0x000210a4                CUSBEndpoint::GetType() const
                0x000210ac                CUSBEndpoint::IsDirectionIn() const
                0x000210b4                CUSBEndpoint::SetMaxPacketSize(unsigned int)
                0x000210c4                CUSBEndpoint::GetMaxPacketSize() const
                0x000210cc                CUSBEndpoint::GetInterval() const
                0x00021100                CUSBEndpoint::GetNextPID(bool)
                0x00021140                CUSBEndpoint::SkipPID(unsigned int, bool)
                0x000211dc                CUSBEndpoint::ResetPID()
 .text          0x00021210      0x6cc ../../lib/usb/libusb.a(usbfunction.o)
                0x00021210                CUSBFunction::Initialize()
                0x00021218                CUSBFunction::ReScanDevices()
                0x00021220                CUSBFunction::~CUSBFunction()
                0x00021220                CUSBFunction::~CUSBFunction()
                0x00021278                CUSBFunction::RemoveDevice()
                0x000212a4                CUSBFunction::~CUSBFunction()
                0x00021308                CUSBFunction::Configure()
                0x000213fc                CUSBFunction::CUSBFunction(CUSBDevice*, CUSBConfigurationParser*)
                0x000213fc                CUSBFunction::CUSBFunction(CUSBDevice*, CUSBConfigurationParser*)
                0x000214b0                CUSBFunction::CUSBFunction(CUSBFunction*)
                0x000214b0                CUSBFunction::CUSBFunction(CUSBFunction*)
                0x00021588                CUSBFunction::GetInterfaceName() const
                0x00021600                CUSBFunction::GetNumEndpoints() const
                0x00021630                CUSBFunction::GetDevice() const
                0x00021658                CUSBFunction::GetEndpoint0() const
                0x00021684                CUSBFunction::GetHost() const
                0x000216b0                CUSBFunction::GetDescriptor(unsigned char)
                0x000216dc                CUSBFunction::ConfigurationError(char const*) const
                0x00021728                CUSBFunction::SelectInterfaceByClass(unsigned char, unsigned char, unsigned char)
                0x000217f4                CUSBFunction::GetInterfaceNumber() const
                0x00021824                CUSBFunction::GetInterfaceClass() const
                0x00021854                CUSBFunction::GetInterfaceSubClass() const
                0x00021884                CUSBFunction::GetInterfaceProtocol() const
                0x000218b4                CUSBFunction::GetInterfaceDescriptor() const
 .text          0x000218dc      0x558 ../../lib/usb/libusb.a(usbgamepadps3.o)
                0x000218dc                CUSBGamePadPS3Device::~CUSBGamePadPS3Device()
                0x000218dc                CUSBGamePadPS3Device::~CUSBGamePadPS3Device()
                0x000218fc                CUSBGamePadPS3Device::~CUSBGamePadPS3Device()
                0x00021928                CUSBGamePadPS3Device::SetRumbleMode(TGamePadRumbleMode)
                0x00021a04                CUSBGamePadPS3Device::SetLEDMode(TGamePadLEDMode)
                0x00021a98                CUSBGamePadPS3Device::CUSBGamePadPS3Device(CUSBFunction*)
                0x00021a98                CUSBGamePadPS3Device::CUSBGamePadPS3Device(CUSBFunction*)
                0x00021ae8                CUSBGamePadPS3Device::PS3Enable()
                0x00021ba0                CUSBGamePadPS3Device::Configure()
                0x00021cbc                CUSBGamePadPS3Device::DecodeReport(unsigned char const*)
 .text._ZN17CUSBGamePadDevice10SetLEDModeEjhh
                0x00021e34        0x8 ../../lib/usb/libusb.a(usbgamepadps3.o)
                0x00021e34                CUSBGamePadDevice::SetLEDMode(unsigned int, unsigned char, unsigned char)
 .text._ZN20CUSBGamePadPS3Device13GetPropertiesEv
                0x00021e3c        0x8 ../../lib/usb/libusb.a(usbgamepadps3.o)
                0x00021e3c                CUSBGamePadPS3Device::GetProperties()
 .text          0x00021e44      0xa2c ../../lib/usb/libusb.a(usbgamepadps4.o)
                0x00021e44                CUSBGamePadPS4Device::DecodeReport(unsigned char const*)
                0x00021ff4                CUSBGamePadPS4Device::~CUSBGamePadPS4Device()
                0x00021ff4                CUSBGamePadPS4Device::~CUSBGamePadPS4Device()
                0x00022040                CUSBGamePadPS4Device::~CUSBGamePadPS4Device()
                0x00022098                CUSBGamePadPS4Device::SetLEDMode(unsigned int, unsigned char, unsigned char)
                0x00022168                CUSBGamePadPS4Device::SetRumbleMode(TGamePadRumbleMode)
                0x0002225c                CUSBGamePadPS4Device::SetLEDMode(TGamePadLEDMode)
                0x00022400                CUSBGamePadPS4Device::CUSBGamePadPS4Device(CUSBFunction*)
                0x00022400                CUSBGamePadPS4Device::CUSBGamePadPS4Device(CUSBFunction*)
                0x0002244c                CUSBGamePadPS4Device::HandleTouchpad(unsigned char const*)
                0x000225fc                CUSBGamePadPS4Device::ReportHandler(unsigned char const*, unsigned int)
                0x00022664                CUSBGamePadPS4Device::SendLedRumbleCommand()
                0x0002270c                CUSBGamePadPS4Device::DisableTouchpad()
                0x00022720                CUSBGamePadPS4Device::Configure()
 .text._ZN20CUSBGamePadPS4Device13GetPropertiesEv
                0x00022870        0x8 ../../lib/usb/libusb.a(usbgamepadps4.o)
                0x00022870                CUSBGamePadPS4Device::GetProperties()
 .text          0x00022878      0x82c ../../lib/usb/libusb.a(usbgamepadstandard.o)
                0x00022878                CUSBGamePadStandardDevice::~CUSBGamePadStandardDevice()
                0x00022878                CUSBGamePadStandardDevice::~CUSBGamePadStandardDevice()
                0x000228b4                CUSBGamePadStandardDevice::~CUSBGamePadStandardDevice()
                0x000228fc                CUSBGamePadStandardDevice::CUSBGamePadStandardDevice(CUSBFunction*, bool)
                0x000228fc                CUSBGamePadStandardDevice::CUSBGamePadStandardDevice(CUSBFunction*, bool)
                0x00022934                CUSBGamePadStandardDevice::BitGetUnsigned(void const*, unsigned int, unsigned int)
                0x000229c8                CUSBGamePadStandardDevice::BitGetSigned(void const*, unsigned int, unsigned int)
                0x00022a84                CUSBGamePadStandardDevice::DecodeReport(unsigned char const*)
                0x00022f1c                CUSBGamePadStandardDevice::Configure()
 .text._ZN17CUSBGamePadDevice13GetPropertiesEv
                0x000230a4        0x8 ../../lib/usb/libusb.a(usbgamepadstandard.o)
                0x000230a4                CUSBGamePadDevice::GetProperties()
 .text._ZN17CUSBGamePadDevice10SetLEDModeE15TGamePadLEDMode
                0x000230ac        0x8 ../../lib/usb/libusb.a(usbgamepadstandard.o)
                0x000230ac                CUSBGamePadDevice::SetLEDMode(TGamePadLEDMode)
 .text._ZN17CUSBGamePadDevice13SetRumbleModeE18TGamePadRumbleMode
                0x000230b4        0x8 ../../lib/usb/libusb.a(usbgamepadstandard.o)
                0x000230b4                CUSBGamePadDevice::SetRumbleMode(TGamePadRumbleMode)
 .text          0x000230bc      0x724 ../../lib/usb/libusb.a(usbgamepadswitchpro.o)
                0x000230bc                CUSBGamePadSwitchProDevice::~CUSBGamePadSwitchProDevice()
                0x000230bc                CUSBGamePadSwitchProDevice::~CUSBGamePadSwitchProDevice()
                0x000230dc                CUSBGamePadSwitchProDevice::~CUSBGamePadSwitchProDevice()
                0x00023108                CUSBGamePadSwitchProDevice::SetRumbleMode(TGamePadRumbleMode)
                0x00023200                CUSBGamePadSwitchProDevice::DecodeReport(unsigned char const*)
                0x000233fc                CUSBGamePadSwitchProDevice::SetLEDMode(TGamePadLEDMode)
                0x000234a8                CUSBGamePadSwitchProDevice::CUSBGamePadSwitchProDevice(CUSBFunction*)
                0x000234a8                CUSBGamePadSwitchProDevice::CUSBGamePadSwitchProDevice(CUSBFunction*)
                0x000234ec                CUSBGamePadSwitchProDevice::Configure()
 .text._ZN26CUSBGamePadSwitchProDevice13GetPropertiesEv
                0x000237e0        0x8 ../../lib/usb/libusb.a(usbgamepadswitchpro.o)
                0x000237e0                CUSBGamePadSwitchProDevice::GetProperties()
 .text          0x000237e8      0x408 ../../lib/usb/libusb.a(usbgamepadxbox360.o)
                0x000237e8                CUSBGamePadXbox360Device::~CUSBGamePadXbox360Device()
                0x000237e8                CUSBGamePadXbox360Device::~CUSBGamePadXbox360Device()
                0x00023808                CUSBGamePadXbox360Device::~CUSBGamePadXbox360Device()
                0x00023834                CUSBGamePadXbox360Device::DecodeReport(unsigned char const*)
                0x00023950                CUSBGamePadXbox360Device::ReportHandler(unsigned char const*, unsigned int)
                0x000239bc                CUSBGamePadXbox360Device::SetLEDMode(TGamePadLEDMode)
                0x00023a18                CUSBGamePadXbox360Device::SetRumbleMode(TGamePadRumbleMode)
                0x00023aac                CUSBGamePadXbox360Device::CUSBGamePadXbox360Device(CUSBFunction*)
                0x00023aac                CUSBGamePadXbox360Device::CUSBGamePadXbox360Device(CUSBFunction*)
                0x00023acc                CUSBGamePadXbox360Device::Configure()
 .text._ZN24CUSBGamePadXbox360Device13GetPropertiesEv
                0x00023bf0        0x8 ../../lib/usb/libusb.a(usbgamepadxbox360.o)
                0x00023bf0                CUSBGamePadXbox360Device::GetProperties()
 .text          0x00023bf8      0x4f0 ../../lib/usb/libusb.a(usbgamepadxboxone.o)
                0x00023bf8                CUSBGamePadXboxOneDevice::DecodeReport(unsigned char const*)
                0x00023da0                CUSBGamePadXboxOneDevice::~CUSBGamePadXboxOneDevice()
                0x00023da0                CUSBGamePadXboxOneDevice::~CUSBGamePadXboxOneDevice()
                0x00023dc0                CUSBGamePadXboxOneDevice::~CUSBGamePadXboxOneDevice()
                0x00023dec                CUSBGamePadXboxOneDevice::ReportHandler(unsigned char const*, unsigned int)
                0x00023ef4                CUSBGamePadXboxOneDevice::SetRumbleMode(TGamePadRumbleMode)
                0x00023fb0                CUSBGamePadXboxOneDevice::CUSBGamePadXboxOneDevice(CUSBFunction*)
                0x00023fb0                CUSBGamePadXboxOneDevice::CUSBGamePadXboxOneDevice(CUSBFunction*)
                0x00023fd8                CUSBGamePadXboxOneDevice::Configure()
 .text._ZN24CUSBGamePadXboxOneDevice13GetPropertiesEv
                0x000240e8        0x8 ../../lib/usb/libusb.a(usbgamepadxboxone.o)
                0x000240e8                CUSBGamePadXboxOneDevice::GetProperties()
 .text          0x000240f0      0x7c8 ../../lib/usb/libusb.a(usbhiddevice.o)
                0x000240f0                CUSBHIDDevice::SendCompletionRoutine(CUSBRequest*, void*, void*)
                0x00024180                CUSBHIDDevice::CUSBHIDDevice(CUSBFunction*, unsigned int)
                0x00024180                CUSBHIDDevice::CUSBHIDDevice(CUSBFunction*, unsigned int)
                0x000241d4                CUSBHIDDevice::~CUSBHIDDevice()
                0x000241d4                CUSBHIDDevice::~CUSBHIDDevice()
                0x00024260                CUSBHIDDevice::~CUSBHIDDevice()
                0x00024280                CUSBHIDDevice::ConfigureHID(unsigned int)
                0x000244c8                CUSBHIDDevice::SendToEndpointOut(void const*, unsigned int, unsigned int)
                0x00024558                CUSBHIDDevice::SendToEndpointOutAsync(void const*, unsigned int, unsigned int)
                0x00024638                CUSBHIDDevice::ReceiveFromEndpointIn(void*, unsigned int, unsigned int)
                0x000246cc                CUSBHIDDevice::StartRequest()
                0x0002479c                CUSBHIDDevice::CompletionRoutine(CUSBRequest*)
                0x00024888                CUSBHIDDevice::CompletionStub(CUSBRequest*, void*, void*)
 .text          0x000248b8      0x4c8 ../../lib/usb/libusb.a(usbkeyboard.o)
                0x000248bc                CUSBKeyboardDevice::~CUSBKeyboardDevice()
                0x000248bc                CUSBKeyboardDevice::~CUSBKeyboardDevice()
                0x00024924                CUSBKeyboardDevice::~CUSBKeyboardDevice()
                0x00024948                CUSBKeyboardDevice::ReportHandler(unsigned char const*, unsigned int)
                0x00024ac4                CUSBKeyboardDevice::CUSBKeyboardDevice(CUSBFunction*)
                0x00024ac4                CUSBKeyboardDevice::CUSBKeyboardDevice(CUSBFunction*)
                0x00024b18                CUSBKeyboardDevice::RegisterKeyPressedHandler(void (*)(char const*))
                0x00024b20                CUSBKeyboardDevice::RegisterSelectConsoleHandler(void (*)(unsigned int))
                0x00024b28                CUSBKeyboardDevice::RegisterShutdownHandler(void (*)())
                0x00024b30                CUSBKeyboardDevice::GetLEDStatus() const
                0x00024b58                CUSBKeyboardDevice::RegisterKeyStatusHandlerRaw(void (*)(unsigned char, unsigned char const*, void*), bool, void*)
                0x00024b8c                CUSBKeyboardDevice::RegisterKeyStatusHandlerRaw(void (*)(unsigned char, unsigned char const*), bool)
                0x00024ba4                CUSBKeyboardDevice::UnregisterKeyStatusHandlerRaw()
                0x00024bb4                CUSBKeyboardDevice::SetLEDs(unsigned char)
                0x00024c40                CUSBKeyboardDevice::Configure()
                0x00024cd8                CUSBKeyboardDevice::UpdateLEDs()
                0x00024d54                CUSBKeyboardDevice::FindByte(unsigned char const*, unsigned char, unsigned int)
 .text.startup  0x00024d80       0x38 ../../lib/usb/libusb.a(usbkeyboard.o)
 .text          0x00024db8      0xe20 ../../lib/usb/libusb.a(usbmassdevice.o)
                0x00024db8                CUSBBulkOnlyMassStorageDevice::Seek(unsigned long long)
                0x00024dcc                CUSBBulkOnlyMassStorageDevice::~CUSBBulkOnlyMassStorageDevice()
                0x00024dcc                CUSBBulkOnlyMassStorageDevice::~CUSBBulkOnlyMassStorageDevice()
                0x00024ea4                CUSBBulkOnlyMassStorageDevice::~CUSBBulkOnlyMassStorageDevice()
                0x00024ec4                CUSBBulkOnlyMassStorageDevice::GetSize() const
                0x00024f10                CUSBBulkOnlyMassStorageDevice::CUSBBulkOnlyMassStorageDevice(CUSBFunction*)
                0x00024f10                CUSBBulkOnlyMassStorageDevice::CUSBBulkOnlyMassStorageDevice(CUSBFunction*)
                0x00024f58                CUSBBulkOnlyMassStorageDevice::GetCapacity() const
                0x00024f60                CUSBBulkOnlyMassStorageDevice::Command(void*, unsigned int, void*, unsigned int, bool)
                0x0002535c                CUSBBulkOnlyMassStorageDevice::TryRead(void*, unsigned int)
                0x00025444                CUSBBulkOnlyMassStorageDevice::TryWrite(void const*, unsigned int)
                0x0002552c                CUSBBulkOnlyMassStorageDevice::Reset()
                0x000256ac                CUSBBulkOnlyMassStorageDevice::Read(void*, unsigned int)
                0x00025714                CUSBBulkOnlyMassStorageDevice::Write(void const*, unsigned int)
                0x0002577c                CUSBBulkOnlyMassStorageDevice::Configure()
 .text.startup  0x00025bd8       0x38 ../../lib/usb/libusb.a(usbmassdevice.o)
 .text          0x00025c10      0x7b8 ../../lib/usb/libusb.a(usbmidihost.o)
                0x00025c10                CUSBMIDIHostDevice::~CUSBMIDIHostDevice()
                0x00025c10                CUSBMIDIHostDevice::~CUSBMIDIHostDevice()
                0x00025ce0                CUSBMIDIHostDevice::~CUSBMIDIHostDevice()
                0x00025d00                CUSBMIDIHostDevice::SendEventsHandler(unsigned char const*, unsigned int, void*)
                0x00025dec                CUSBMIDIHostDevice::CUSBMIDIHostDevice(CUSBFunction*)
                0x00025dec                CUSBMIDIHostDevice::CUSBMIDIHostDevice(CUSBFunction*)
                0x00025e24                CUSBMIDIHostDevice::StartRequest()
                0x00025efc                CUSBMIDIHostDevice::TimerStub(unsigned int, void*, void*)
                0x00025f58                CUSBMIDIHostDevice::CompletionRoutine(CUSBRequest*)
                0x00026124                CUSBMIDIHostDevice::CompletionStub(CUSBRequest*, void*, void*)
                0x00026154                CUSBMIDIHostDevice::TimerHandler(unsigned int)
                0x00026188                CUSBMIDIHostDevice::Configure()
 .text          0x000263c8      0x740 ../../lib/usb/libusb.a(usbmouse.o)
                0x000263c8                CUSBMouseDevice::~CUSBMouseDevice()
                0x000263c8                CUSBMouseDevice::~CUSBMouseDevice()
                0x00026424                CUSBMouseDevice::~CUSBMouseDevice()
                0x00026444                CUSBMouseDevice::CUSBMouseDevice(CUSBFunction*)
                0x00026444                CUSBMouseDevice::CUSBMouseDevice(CUSBFunction*)
                0x00026474                CUSBMouseDevice::ExtractUnsigned(void const*, unsigned int, unsigned int)
                0x00026500                CUSBMouseDevice::ExtractSigned(void const*, unsigned int, unsigned int)
                0x000265b4                CUSBMouseDevice::ReportHandler(unsigned char const*, unsigned int)
                0x000266a0                CUSBMouseDevice::DecodeReport()
                0x000269b8                CUSBMouseDevice::Configure()
 .text          0x00026b08      0x36c ../../lib/usb/libusb.a(usbprinter.o)
                0x00026b08                CUSBPrinterDevice::~CUSBPrinterDevice()
                0x00026b08                CUSBPrinterDevice::~CUSBPrinterDevice()
                0x00026bb0                CUSBPrinterDevice::~CUSBPrinterDevice()
                0x00026bd0                CUSBPrinterDevice::Write(void const*, unsigned int)
                0x00026c68                CUSBPrinterDevice::CUSBPrinterDevice(CUSBFunction*)
                0x00026c68                CUSBPrinterDevice::CUSBPrinterDevice(CUSBFunction*)
                0x00026c9c                CUSBPrinterDevice::Configure()
 .text.startup  0x00026e74       0x38 ../../lib/usb/libusb.a(usbprinter.o)
 .text          0x00026eac      0x548 ../../lib/usb/libusb.a(usbstring.o)
                0x00026eac                CUSBString::CUSBString(CUSBDevice*)
                0x00026eac                CUSBString::CUSBString(CUSBDevice*)
                0x00026efc                CUSBString::CUSBString(CUSBString*)
                0x00026efc                CUSBString::CUSBString(CUSBString*)
                0x00026fb8                CUSBString::~CUSBString()
                0x00026fb8                CUSBString::~CUSBString()
                0x00026ff8                CUSBString::GetFromDescriptor(unsigned char, unsigned short)
                0x00027244                CUSBString::Get() const
                0x0002724c                CUSBString::GetLanguageID()
 .text          0x000273f4      0x560 ../../lib/usb/libusb.a(usbserialch341.o)
                0x000273f4                CUSBSerialCH341Device::~CUSBSerialCH341Device()
                0x000273f4                CUSBSerialCH341Device::~CUSBSerialCH341Device()
                0x00027414                CUSBSerialCH341Device::~CUSBSerialCH341Device()
                0x00027440                CUSBSerialCH341Device::SetBaudRate(unsigned int)
                0x00027558                CUSBSerialCH341Device::CUSBSerialCH341Device(CUSBFunction*)
                0x00027558                CUSBSerialCH341Device::CUSBSerialCH341Device(CUSBFunction*)
                0x0002757c                CUSBSerialCH341Device::GetDeviceIDTable()
                0x00027588                CUSBSerialCH341Device::Configure()
                0x00027710                CUSBSerialCH341Device::SetLineProperties(TUSBSerialDataBits, TUSBSerialParity, TUSBSerialStopBits)
 .text          0x00027954      0x5f4 ../../lib/usb/libusb.a(usbserialcp210x.o)
                0x00027954                CUSBSerialCP210xDevice::~CUSBSerialCP210xDevice()
                0x00027954                CUSBSerialCP210xDevice::~CUSBSerialCP210xDevice()
                0x00027974                CUSBSerialCP210xDevice::~CUSBSerialCP210xDevice()
                0x000279a0                CUSBSerialCP210xDevice::SetBaudRate(unsigned int)
                0x00027ac0                CUSBSerialCP210xDevice::CUSBSerialCP210xDevice(CUSBFunction*)
                0x00027ac0                CUSBSerialCP210xDevice::CUSBSerialCP210xDevice(CUSBFunction*)
                0x00027aec                CUSBSerialCP210xDevice::GetDeviceIDTable()
                0x00027af8                CUSBSerialCP210xDevice::Configure()
                0x00027cec                CUSBSerialCP210xDevice::SetLineProperties(TUSBSerialDataBits, TUSBSerialParity, TUSBSerialStopBits)
 .text          0x00027f48      0x960 ../../lib/usb/libusb.a(usbserialpl2303.o)
                0x00027f48                CUSBSerialPL2303Device::~CUSBSerialPL2303Device()
                0x00027f48                CUSBSerialPL2303Device::~CUSBSerialPL2303Device()
                0x00027f68                CUSBSerialPL2303Device::~CUSBSerialPL2303Device()
                0x00027f94                CUSBSerialPL2303Device::SetBaudRate(unsigned int)
                0x000280b8                CUSBSerialPL2303Device::CUSBSerialPL2303Device(CUSBFunction*)
                0x000280b8                CUSBSerialPL2303Device::CUSBSerialPL2303Device(CUSBFunction*)
                0x000280dc                CUSBSerialPL2303Device::GetDeviceIDTable()
                0x000280e8                CUSBSerialPL2303Device::Configure()
                0x00028630                CUSBSerialPL2303Device::SetLineProperties(TUSBSerialDataBits, TUSBSerialParity, TUSBSerialStopBits)
 .text          0x000288a8      0x5e0 ../../lib/usb/libusb.a(usbserialft231x.o)
                0x000288a8                CUSBSerialFT231XDevice::~CUSBSerialFT231XDevice()
                0x000288a8                CUSBSerialFT231XDevice::~CUSBSerialFT231XDevice()
                0x000288c8                CUSBSerialFT231XDevice::~CUSBSerialFT231XDevice()
                0x000288f4                CUSBSerialFT231XDevice::SetBaudRate(unsigned int)
                0x00028a2c                CUSBSerialFT231XDevice::CUSBSerialFT231XDevice(CUSBFunction*)
                0x00028a2c                CUSBSerialFT231XDevice::CUSBSerialFT231XDevice(CUSBFunction*)
                0x00028a50                CUSBSerialFT231XDevice::GetDeviceIDTable()
                0x00028a5c                CUSBSerialFT231XDevice::Configure()
                0x00028c78                CUSBSerialFT231XDevice::SetLineProperties(TUSBSerialDataBits, TUSBSerialParity, TUSBSerialStopBits)
 .text          0x00028e88      0x200 ../../lib/usb/libusb.a(usbserialcdc.o)
                0x00028e88                CUSBSerialCDCDevice::~CUSBSerialCDCDevice()
                0x00028e88                CUSBSerialCDCDevice::~CUSBSerialCDCDevice()
                0x00028ea8                CUSBSerialCDCDevice::~CUSBSerialCDCDevice()
                0x00028ed4                CUSBSerialCDCDevice::CUSBSerialCDCDevice(CUSBFunction*)
                0x00028ed4                CUSBSerialCDCDevice::CUSBSerialCDCDevice(CUSBFunction*)
                0x00028f24                CUSBSerialCDCDevice::SetLineCoding()
                0x00029010                CUSBSerialCDCDevice::SetBaudRate(unsigned int)
                0x00029018                CUSBSerialCDCDevice::SetLineProperties(TUSBSerialDataBits, TUSBSerialParity, TUSBSerialStopBits)
                0x00029028                CUSBSerialCDCDevice::Configure()
 .text          0x00029088      0x96c ../../lib/usb/libusb.a(usbtouchscreen.o)
                0x00029088                CUSBTouchScreenDevice::~CUSBTouchScreenDevice()
                0x00029088                CUSBTouchScreenDevice::~CUSBTouchScreenDevice()
                0x000290cc                CUSBTouchScreenDevice::~CUSBTouchScreenDevice()
                0x0002911c                CUSBTouchScreenDevice::CUSBTouchScreenDevice(CUSBFunction*)
                0x0002911c                CUSBTouchScreenDevice::CUSBTouchScreenDevice(CUSBFunction*)
                0x00029174                CUSBTouchScreenDevice::DecodeReportDescriptor(unsigned char const*, unsigned int)
                0x000294d4                CUSBTouchScreenDevice::Configure()
                0x00029668                CUSBTouchScreenDevice::GetValue(void const*, CUSBTouchScreenDevice::TReportItem const&, unsigned int)
                0x00029704                CUSBTouchScreenDevice::ReportHandler(unsigned char const*, unsigned int)
 .text          0x000299f4      0x2b8 ../../lib/usb/libusb.a(dwhciregister.o)
                0x000299f4                CDWHCIRegister::CDWHCIRegister(unsigned int)
                0x000299f4                CDWHCIRegister::CDWHCIRegister(unsigned int)
                0x00029a04                CDWHCIRegister::CDWHCIRegister(unsigned int, unsigned int)
                0x00029a04                CDWHCIRegister::CDWHCIRegister(unsigned int, unsigned int)
                0x00029a14                CDWHCIRegister::~CDWHCIRegister()
                0x00029a14                CDWHCIRegister::~CDWHCIRegister()
                0x00029a18                CDWHCIRegister::Read()
                0x00029a34                CDWHCIRegister::Write()
                0x00029a6c                CDWHCIRegister::Get() const
                0x00029a9c                CDWHCIRegister::Set(unsigned int)
                0x00029aac                CDWHCIRegister::IsSet(unsigned int) const
                0x00029ae8                CDWHCIRegister::And(unsigned int)
                0x00029b20                CDWHCIRegister::Or(unsigned int)
                0x00029b58                CDWHCIRegister::ClearBit(unsigned int)
                0x00029bb0                CDWHCIRegister::SetBit(unsigned int)
                0x00029c08                CDWHCIRegister::ClearAll()
                0x00029c1c                CDWHCIRegister::SetAll()
                0x00029c30                CDWHCIRegister::Dump() const
 .text          0x00029cac      0xeb8 ../../lib/usb/libusb.a(lan7800.o)
                0x00029cac                CLAN7800Device::GetMACAddress() const
                0x00029cb4                CLAN7800Device::~CLAN7800Device()
                0x00029cb4                CLAN7800Device::~CLAN7800Device()
                0x00029d38                non-virtual thunk to CLAN7800Device::~CLAN7800Device()
                0x00029d40                CLAN7800Device::~CLAN7800Device()
                0x00029d60                CLAN7800Device::ReceiveFrame(void*, unsigned int*)
                0x00029ec8                non-virtual thunk to CLAN7800Device::ReceiveFrame(void*, unsigned int*)
                0x00029f58                CLAN7800Device::SendFrame(void const*, unsigned int)
                0x00029f94                non-virtual thunk to CLAN7800Device::GetMACAddress() const
                0x00029f9c                non-virtual thunk to CLAN7800Device::~CLAN7800Device()
                0x00029fc0                non-virtual thunk to CLAN7800Device::SendFrame(void const*, unsigned int)
                0x0002a000                CLAN7800Device::CLAN7800Device(CUSBFunction*)
                0x0002a000                CLAN7800Device::CLAN7800Device(CUSBFunction*)
                0x0002a040                CLAN7800Device::WriteReg(unsigned int, unsigned int)
                0x0002a0d8                CLAN7800Device::ReadReg(unsigned int, unsigned int*)
                0x0002a16c                CLAN7800Device::WaitReg(unsigned int, unsigned int, unsigned int, unsigned int, unsigned int)
                0x0002a21c                CLAN7800Device::PHYWrite(unsigned char, unsigned short)
                0x0002a2dc                CLAN7800Device::PHYRead(unsigned char, unsigned short*)
                0x0002a3c4                CLAN7800Device::IsLinkUp()
                0x0002a3f0                CLAN7800Device::GetLinkSpeed()
                0x0002a4c0                non-virtual thunk to CLAN7800Device::GetLinkSpeed()
                0x0002a4c8                CLAN7800Device::InitPHY()
                0x0002a52c                non-virtual thunk to CLAN7800Device::IsLinkUp()
                0x0002a55c                CLAN7800Device::ReadWriteReg(unsigned int, unsigned int, unsigned int)
                0x0002a5a8                CLAN7800Device::InitMACAddress()
                0x0002a6d0                CLAN7800Device::Configure()
 .text._ZN10CNetDevice7GetTypeEv
                0x0002ab64        0x8 ../../lib/usb/libusb.a(lan7800.o)
                0x0002ab64                CNetDevice::GetType()
 .text._ZN10CNetDevice20IsSendFrameAdvisableEv
                0x0002ab6c        0x8 ../../lib/usb/libusb.a(lan7800.o)
                0x0002ab6c                CNetDevice::IsSendFrameAdvisable()
 .text._ZN10CNetDevice9UpdatePHYEv
                0x0002ab74        0x8 ../../lib/usb/libusb.a(lan7800.o)
                0x0002ab74                CNetDevice::UpdatePHY()
 .text          0x0002ab7c     0x11dc ../../lib/usb/libusb.a(smsc951x.o)
                0x0002ab7c                CSMSC951xDevice::GetMACAddress() const
                0x0002ab84                CSMSC951xDevice::~CSMSC951xDevice()
                0x0002ab84                CSMSC951xDevice::~CSMSC951xDevice()
                0x0002ac08                non-virtual thunk to CSMSC951xDevice::~CSMSC951xDevice()
                0x0002ac10                CSMSC951xDevice::~CSMSC951xDevice()
                0x0002ac30                CSMSC951xDevice::ReceiveFrame(void*, unsigned int*)
                0x0002ada8                non-virtual thunk to CSMSC951xDevice::ReceiveFrame(void*, unsigned int*)
                0x0002ae30                CSMSC951xDevice::SendFrame(void const*, unsigned int)
                0x0002ae6c                non-virtual thunk to CSMSC951xDevice::GetMACAddress() const
                0x0002ae74                non-virtual thunk to CSMSC951xDevice::~CSMSC951xDevice()
                0x0002ae98                non-virtual thunk to CSMSC951xDevice::SendFrame(void const*, unsigned int)
                0x0002aed8                CSMSC951xDevice::CSMSC951xDevice(CUSBFunction*)
                0x0002aed8                CSMSC951xDevice::CSMSC951xDevice(CUSBFunction*)
                0x0002af18                CSMSC951xDevice::PHYWaitNotBusy()
                0x0002afe0                CSMSC951xDevice::PHYWrite(unsigned char, unsigned short)
                0x0002b0ec                CSMSC951xDevice::PHYRead(unsigned char, unsigned short*)
                0x0002b224                CSMSC951xDevice::IsLinkUp()
                0x0002b314                non-virtual thunk to CSMSC951xDevice::IsLinkUp()
                0x0002b408                CSMSC951xDevice::GetLinkSpeed()
                0x0002b54c                non-virtual thunk to CSMSC951xDevice::GetLinkSpeed()
                0x0002b694                CSMSC951xDevice::WriteReg(unsigned int, unsigned int)
                0x0002b6fc                CSMSC951xDevice::ReadReg(unsigned int, unsigned int*)
                0x0002b760                CSMSC951xDevice::DumpReg(char const*, unsigned int)
                0x0002b818                CSMSC951xDevice::DumpRegs()
                0x0002b9b0                CSMSC951xDevice::Configure()
 .text          0x0002bd58      0x5c4 ../../lib/usb/libusb.a(usbbluetooth.o)
                0x0002bd58                CUSBBluetoothDevice::~CUSBBluetoothDevice()
                0x0002bd58                CUSBBluetoothDevice::~CUSBBluetoothDevice()
                0x0002be48                CUSBBluetoothDevice::~CUSBBluetoothDevice()
                0x0002be68                CUSBBluetoothDevice::CUSBBluetoothDevice(CUSBFunction*)
                0x0002be68                CUSBBluetoothDevice::CUSBBluetoothDevice(CUSBFunction*)
                0x0002bea4                CUSBBluetoothDevice::SendHCICommand(void const*, unsigned int)
                0x0002befc                CUSBBluetoothDevice::StartRequest()
                0x0002bfc0                CUSBBluetoothDevice::RegisterHCIEventHandler(void (*)(void const*, unsigned int))
                0x0002bfec                CUSBBluetoothDevice::CompletionRoutine(CUSBRequest*)
                0x0002c0ec                CUSBBluetoothDevice::CompletionStub(CUSBRequest*, void*, void*)
                0x0002c11c                CUSBBluetoothDevice::Configure()
 .text.startup  0x0002c31c       0x38 ../../lib/usb/libusb.a(usbbluetooth.o)
 .text          0x0002c354      0x5d0 ../../lib/usb/libusb.a(usbcdcethernet.o)
                0x0002c354                CUSBCDCEthernetDevice::GetMACAddress() const
                0x0002c35c                CUSBCDCEthernetDevice::~CUSBCDCEthernetDevice()
                0x0002c35c                CUSBCDCEthernetDevice::~CUSBCDCEthernetDevice()
                0x0002c3e0                non-virtual thunk to CUSBCDCEthernetDevice::~CUSBCDCEthernetDevice()
                0x0002c3e8                CUSBCDCEthernetDevice::~CUSBCDCEthernetDevice()
                0x0002c408                CUSBCDCEthernetDevice::SendFrame(void const*, unsigned int)
                0x0002c4a4                non-virtual thunk to CUSBCDCEthernetDevice::SendFrame(void const*, unsigned int)
                0x0002c4ac                CUSBCDCEthernetDevice::ReceiveFrame(void*, unsigned int*)
                0x0002c58c                non-virtual thunk to CUSBCDCEthernetDevice::ReceiveFrame(void*, unsigned int*)
                0x0002c594                non-virtual thunk to CUSBCDCEthernetDevice::GetMACAddress() const
                0x0002c59c                non-virtual thunk to CUSBCDCEthernetDevice::~CUSBCDCEthernetDevice()
                0x0002c5c0                CUSBCDCEthernetDevice::CUSBCDCEthernetDevice(CUSBFunction*)
                0x0002c5c0                CUSBCDCEthernetDevice::CUSBCDCEthernetDevice(CUSBFunction*)
                0x0002c600                CUSBCDCEthernetDevice::InitMACAddress(unsigned char)
                0x0002c700                CUSBCDCEthernetDevice::Configure()
 .text._ZN10CNetDevice8IsLinkUpEv
                0x0002c924        0x8 ../../lib/usb/libusb.a(usbcdcethernet.o)
                0x0002c924                CNetDevice::IsLinkUp()
 .text._ZN10CNetDevice12GetLinkSpeedEv
                0x0002c92c        0x8 ../../lib/usb/libusb.a(usbcdcethernet.o)
                0x0002c92c                CNetDevice::GetLinkSpeed()
 .text          0x0002c934      0x32c ../../lib/usb/libusb.a(usbconfigparser.o)
                0x0002c934                CUSBConfigurationParser::CUSBConfigurationParser(void const*, unsigned int)
                0x0002c934                CUSBConfigurationParser::CUSBConfigurationParser(void const*, unsigned int)
                0x0002ca9c                CUSBConfigurationParser::CUSBConfigurationParser(CUSBConfigurationParser*)
                0x0002ca9c                CUSBConfigurationParser::CUSBConfigurationParser(CUSBConfigurationParser*)
                0x0002cafc                CUSBConfigurationParser::~CUSBConfigurationParser()
                0x0002cafc                CUSBConfigurationParser::~CUSBConfigurationParser()
                0x0002cb00                CUSBConfigurationParser::IsValid() const
                0x0002cb08                CUSBConfigurationParser::GetDescriptor(unsigned char)
                0x0002cbb0                CUSBConfigurationParser::GetCurrentDescriptor()
                0x0002cbf8                CUSBConfigurationParser::Error(char const*) const
 .text          0x0002cc60      0x230 ../../lib/usb/libusb.a(usbgamepad.o)
                0x0002cc60                CUSBGamePadDevice::GetInitialState()
                0x0002cc68                CUSBGamePadDevice::Configure()
                0x0002cd30                CUSBGamePadDevice::ReportHandler(unsigned char const*, unsigned int)
                0x0002cd84                CUSBGamePadDevice::RegisterStatusHandler(void (*)(unsigned int, TGamePadState const*))
                0x0002cdcc                CUSBGamePadDevice::CUSBGamePadDevice(CUSBFunction*)
                0x0002cdcc                CUSBGamePadDevice::CUSBGamePadDevice(CUSBFunction*)
                0x0002ce10                CUSBGamePadDevice::~CUSBGamePadDevice()
                0x0002ce10                CUSBGamePadDevice::~CUSBGamePadDevice()
                0x0002ce70                CUSBGamePadDevice::~CUSBGamePadDevice()
 .text.startup  0x0002ce90       0x38 ../../lib/usb/libusb.a(usbgamepad.o)
 .text          0x0002cec8      0x688 ../../lib/usb/libusb.a(usbmidi.o)
                0x0002cec8                CUSBMIDIDevice::~CUSBMIDIDevice()
                0x0002cec8                CUSBMIDIDevice::~CUSBMIDIDevice()
                0x0002cf44                CUSBMIDIDevice::~CUSBMIDIDevice()
                0x0002cf9c                CUSBMIDIDevice::CUSBMIDIDevice()
                0x0002cf9c                CUSBMIDIDevice::CUSBMIDIDevice()
                0x0002d008                CUSBMIDIDevice::RegisterPacketHandler(void (*)(unsigned int, unsigned char*, unsigned int))
                0x0002d060                CUSBMIDIDevice::RegisterPacketHandler(void (*)(unsigned int, unsigned char*, unsigned int, unsigned int, void*), void*)
                0x0002d0ac                CUSBMIDIDevice::SendEventPackets(unsigned char const*, unsigned int)
                0x0002d0e0                CUSBMIDIDevice::SendPlainMIDI(unsigned int, unsigned char const*, unsigned int)
                0x0002d434                CUSBMIDIDevice::SetAllSoundOffOnUSBError(bool)
                0x0002d43c                CUSBMIDIDevice::CallPacketHandler(unsigned char*, unsigned int)
                0x0002d4f4                CUSBMIDIDevice::RegisterSendEventsHandler(bool (*)(unsigned char const*, unsigned int, void*), void*)
                0x0002d548                CUSBMIDIDevice::GetAllSoundOffOnUSBError() const
 .text.startup  0x0002d550       0x38 ../../lib/usb/libusb.a(usbmidi.o)
 .text          0x0002d588      0x738 ../../lib/usb/libusb.a(usbserial.o)
                0x0002d588                CUSBSerialDevice::SetBaudRate(unsigned int)
                0x0002d590                CUSBSerialDevice::SetLineProperties(TUSBSerialDataBits, TUSBSerialParity, TUSBSerialStopBits)
                0x0002d598                CUSBSerialDevice::~CUSBSerialDevice()
                0x0002d598                CUSBSerialDevice::~CUSBSerialDevice()
                0x0002d65c                CUSBSerialDevice::~CUSBSerialDevice()
                0x0002d67c                CUSBSerialDevice::Write(void const*, unsigned int)
                0x0002d7a0                CUSBSerialDevice::Read(void*, unsigned int)
                0x0002d9a8                CUSBSerialDevice::CUSBSerialDevice(CUSBFunction*, unsigned int)
                0x0002d9a8                CUSBSerialDevice::CUSBSerialDevice(CUSBFunction*, unsigned int)
                0x0002da0c                CUSBSerialDevice::CompletionRoutine(CUSBRequest*)
                0x0002db0c                CUSBSerialDevice::CompletionStub(CUSBRequest*, void*, void*)
                0x0002db3c                CUSBSerialDevice::Configure()
 .text.startup  0x0002dcc0       0x38 ../../lib/usb/libusb.a(usbserial.o)
 .text          0x0002dcf8      0x384 ../../lib/input/libinput.a(keyboardbehaviour.o)
                0x0002dcf8                CKeyboardBehaviour::CKeyboardBehaviour()
                0x0002dcf8                CKeyboardBehaviour::CKeyboardBehaviour()
                0x0002dd28                CKeyboardBehaviour::~CKeyboardBehaviour()
                0x0002dd28                CKeyboardBehaviour::~CKeyboardBehaviour()
                0x0002dd50                CKeyboardBehaviour::RegisterKeyPressedHandler(void (*)(char const*))
                0x0002dd7c                CKeyboardBehaviour::RegisterSelectConsoleHandler(void (*)(unsigned int))
                0x0002dda8                CKeyboardBehaviour::RegisterShutdownHandler(void (*)())
                0x0002ddd4                CKeyboardBehaviour::GetLEDStatus() const
                0x0002dddc                CKeyboardBehaviour::GenerateKeyEvent(unsigned char)
                0x0002deb0                CKeyboardBehaviour::TimerStub(unsigned int, void*, void*)
                0x0002df50                CKeyboardBehaviour::KeyPressed(unsigned char)
                0x0002df90                CKeyboardBehaviour::KeyReleased(unsigned char)
                0x0002dff8                CKeyboardBehaviour::TimerHandler(unsigned int)
 .text          0x0002e07c      0x464 ../../lib/input/libinput.a(keymap.o)
                0x0002e07c                CKeyMap::CKeyMap()
                0x0002e07c                CKeyMap::CKeyMap()
                0x0002e178                CKeyMap::~CKeyMap()
                0x0002e178                CKeyMap::~CKeyMap()
                0x0002e17c                CKeyMap::ClearTable(unsigned char)
                0x0002e1b0                CKeyMap::SetEntry(unsigned char, unsigned char, unsigned short)
                0x0002e204                CKeyMap::Translate(unsigned char, unsigned char)
                0x0002e374                CKeyMap::GetString(unsigned short, unsigned char, char*) const
                0x0002e438                CKeyMap::GetLEDStatus() const
                0x0002e45c                CKeyMap::LookupDefaultMap(char const*)
 .text          0x0002e4e0      0x240 ../../lib/input/libinput.a(mouse.o)
                0x0002e4e8                CMouseDevice::~CMouseDevice()
                0x0002e4e8                CMouseDevice::~CMouseDevice()
                0x0002e548                CMouseDevice::~CMouseDevice()
                0x0002e568                CMouseDevice::CMouseDevice(unsigned int, bool)
                0x0002e568                CMouseDevice::CMouseDevice(unsigned int, bool)
                0x0002e5e8                CMouseDevice::Setup(unsigned int, unsigned int)
                0x0002e5f0                CMouseDevice::Release()
                0x0002e5f8                CMouseDevice::RegisterEventHandler(void (*)(TMouseEvent, unsigned int, unsigned int, unsigned int, int))
                0x0002e600                CMouseDevice::SetCursor(unsigned int, unsigned int)
                0x0002e608                CMouseDevice::ShowCursor(bool)
                0x0002e610                CMouseDevice::UpdateCursor()
                0x0002e624                CMouseDevice::RegisterStatusHandler(void (*)(unsigned int, int, int, int, void*), void*)
                0x0002e670                CMouseDevice::RegisterStatusHandler(void (*)(unsigned int, int, int, int))
                0x0002e6ac                CMouseDevice::ReportHandler(unsigned int, int, int, int)
                0x0002e710                CMouseDevice::GetButtonCount() const
                0x0002e718                CMouseDevice::HasWheel() const
 .text.startup  0x0002e720       0x38 ../../lib/input/libinput.a(mouse.o)
 .text          0x0002e758      0x328 ../../lib/input/libinput.a(touchscreen.o)
                0x0002e758                CTouchScreenDevice::~CTouchScreenDevice()
                0x0002e758                CTouchScreenDevice::~CTouchScreenDevice()
                0x0002e7b0                CTouchScreenDevice::~CTouchScreenDevice()
                0x0002e814                CTouchScreenDevice::CTouchScreenDevice(void (*)(void*), void*)
                0x0002e814                CTouchScreenDevice::CTouchScreenDevice(void (*)(void*), void*)
                0x0002e8b0                CTouchScreenDevice::Update()
                0x0002e8c4                CTouchScreenDevice::RegisterEventHandler(void (*)(TTouchScreenEvent, unsigned int, unsigned int, unsigned int))
                0x0002e90c                CTouchScreenDevice::SetCalibration(unsigned int const*, unsigned int, unsigned int)
                0x0002e9f0                CTouchScreenDevice::ReportHandler(TTouchScreenEvent, unsigned int, unsigned int, unsigned int)
 .text.startup  0x0002ea80       0x38 ../../lib/input/libinput.a(touchscreen.o)
 .text          0x0002eab8      0x580 ../../lib/input/libinput.a(mousebehaviour.o)
                0x0002eab8                CMouseBehaviour::CMouseBehaviour()
                0x0002eab8                CMouseBehaviour::CMouseBehaviour()
                0x0002eadc                CMouseBehaviour::Setup(unsigned int, unsigned int)
                0x0002ebfc                CMouseBehaviour::RegisterEventHandler(void (*)(TMouseEvent, unsigned int, unsigned int, unsigned int, int))
                0x0002ec44                CMouseBehaviour::MouseStatusChanged(unsigned int, int, int, int)
                0x0002edfc                CMouseBehaviour::SetCursorState(unsigned int, unsigned int, bool)
                0x0002ee74                CMouseBehaviour::~CMouseBehaviour()
                0x0002ee74                CMouseBehaviour::~CMouseBehaviour()
                0x0002eeac                CMouseBehaviour::Release()
                0x0002ef0c                CMouseBehaviour::SetCursor(unsigned int, unsigned int)
                0x0002ef9c                CMouseBehaviour::ShowCursor(bool)
                0x0002f008                CMouseBehaviour::UpdateCursor()
 .text          0x0002f038     0x1d84 ../../addon/SDCard/libsdcard.a(emmc.o)
                0x0002f038                CEMMCDevice::Seek(unsigned long long)
                0x0002f04c                CEMMCDevice::~CEMMCDevice()
                0x0002f04c                CEMMCDevice::~CEMMCDevice()
                0x0002f0c0                CEMMCDevice::~CEMMCDevice()
                0x0002f0e0                CEMMCDevice::CEMMCDevice(CInterruptSystem*, CTimer*, CActLED*)
                0x0002f0e0                CEMMCDevice::CEMMCDevice(CInterruptSystem*, CTimer*, CActLED*)
                0x0002f174                CEMMCDevice::PowerOff()
                0x0002f18c                CEMMCDevice::GetBaseClock()
                0x0002f1a0                CEMMCDevice::GetClockDivider(unsigned int, unsigned int)
                0x0002f258                CEMMCDevice::TimeoutWait(unsigned int, unsigned int, int, unsigned int)
                0x0002f2d8                CEMMCDevice::usDelay(unsigned int)
                0x0002f308                CEMMCDevice::LogWrite(TLogSeverity, char const*, ...)
                0x0002f374                CEMMCDevice::PowerOn()
                0x0002f3fc                CEMMCDevice::SwitchClockRate(unsigned int, unsigned int)
                0x0002f4f0                CEMMCDevice::ResetCmd()
                0x0002f570                CEMMCDevice::ResetDat()
                0x0002f5f0                CEMMCDevice::IssueCommandInt(unsigned int, unsigned int, int)
                0x0002f93c                CEMMCDevice::HandleCardInterrupt()
                0x0002f988                CEMMCDevice::HandleInterrupts()
                0x0002fa70                CEMMCDevice::IssueCommand(unsigned int, unsigned int, int)
                0x0002fb88                CEMMCDevice::DoDataCommand(int, unsigned char*, unsigned int, unsigned int)
                0x0002fcf0                CEMMCDevice::CardReset()
                0x000307e4                CEMMCDevice::CardInit()
                0x00030880                CEMMCDevice::Initialize()
                0x00030938                CEMMCDevice::EnsureDataMode()
                0x00030b74                CEMMCDevice::DoRead(unsigned char*, unsigned int, unsigned int)
                0x00030bc8                CEMMCDevice::DoWrite(unsigned char*, unsigned int, unsigned int)