Archive member included to satisfy reference by file (symbol)

../../lib/usb/libusb.a(usbhostcontroller.o)
                              kernel_initialize.o (CUSBHostController::UpdatePlugAndPlay())
../../lib/usb/libusb.a(usbrequest.o)
                              ../../lib/usb/libusb.a(usbhostcontroller.o) (CUSBRequest::CUSBRequest(CUSBEndpoint*, void*, unsigned int, TSetupData*))
../../lib/usb/libusb.a(usbstandardhub.o)
                              ../../lib/usb/libusb.a(usbhostcontroller.o) (CUSBStandardHub::HandlePortStatusChange())
../../lib/usb/libusb.a(dwhcidevice.o)
                              kernel.o (CDWHCIDevice::CDWHCIDevice(CInterruptSystem*, CTimer*, bool))
../../lib/usb/libusb.a(dwhciframeschednper.o)
                              ../../lib/usb/libusb.a(dwhcidevice.o) (CDWHCIFrameSchedulerNonPeriodic::InitProtectedAllocator(unsigned int, unsigned int))
../../lib/usb/libusb.a(dwhciframeschednsplit.o)
                              ../../lib/usb/libusb.a(dwhcidevice.o) (CDWHCIFrameSchedulerNoSplit::InitProtectedAllocator(unsigned int, unsigned int))
../../lib/usb/libusb.a(dwhciframeschedper.o)
                              ../../lib/usb/libusb.a(dwhcidevice.o) (CDWHCIFrameSchedulerPeriodic::InitProtectedAllocator(unsigned int, unsigned int))
../../lib/usb/libusb.a(dwhcirootport.o)
                              ../../lib/usb/libusb.a(dwhcidevice.o) (CDWHCIRootPort::~CDWHCIRootPort())
../../lib/usb/libusb.a(dwhcixactqueue.o)
                              ../../lib/usb/libusb.a(dwhcidevice.o) (CDWHCITransactionQueue::CDWHCITransactionQueue(unsigned int, unsigned int))
../../lib/usb/libusb.a(dwhcixferstagedata.o)
                              ../../lib/usb/libusb.a(dwhcidevice.o) (CDWHCITransferStageData::CDWHCITransferStageData(unsigned int, CUSBRequest*, bool, bool, unsigned int))
../../lib/usb/libusb.a(dwhciframeschediso.o)
                              ../../lib/usb/libusb.a(dwhcixferstagedata.o) (CDWHCIFrameSchedulerIsochronous::CDWHCIFrameSchedulerIsochronous(bool))
../../lib/usb/libusb.a(usbdevice.o)
                              ../../lib/usb/libusb.a(dwhcirootport.o) (CUSBDevice::CUSBDevice(CUSBHostController*, TUSBSpeed, CUSBHCIRootPort*))
../../lib/usb/libusb.a(usbdevicefactory.o)
                              ../../lib/usb/libusb.a(usbdevice.o) (CUSBDeviceFactory::GetDevice(CUSBFunction*, CString*))
../../lib/usb/libusb.a(usbendpoint.o)
                              ../../lib/usb/libusb.a(usbdevice.o) (CUSBEndpoint::CUSBEndpoint(CUSBDevice*))
../../lib/usb/libusb.a(usbfunction.o)
                              ../../lib/usb/libusb.a(usbstandardhub.o) (CUSBFunction::Initialize())
../../lib/usb/libusb.a(usbgamepadps3.o)
                              ../../lib/usb/libusb.a(usbdevicefactory.o) (CUSBGamePadPS3Device::CUSBGamePadPS3Device(CUSBFunction*))
../../lib/usb/libusb.a(usbgamepadps4.o)
                              ../../lib/usb/libusb.a(usbdevicefactory.o) (CUSBGamePadPS4Device::CUSBGamePadPS4Device(CUSBFunction*))
../../lib/usb/libusb.a(usbgamepadstandard.o)
                              ../../lib/usb/libusb.a(usbgamepadps3.o) (CUSBGamePadStandardDevice::~CUSBGamePadStandardDevice())
../../lib/usb/libusb.a(usbgamepadswitchpro.o)
                              ../../lib/usb/libusb.a(usbdevicefactory.o) (CUSBGamePadSwitchProDevice::CUSBGamePadSwitchProDevice(CUSBFunction*))
../../lib/usb/libusb.a(usbgamepadxbox360.o)
                              ../../lib/usb/libusb.a(usbdevicefactory.o) (CUSBGamePadXbox360Device::CUSBGamePadXbox360Device(CUSBFunction*))
../../lib/usb/libusb.a(usbgamepadxboxone.o)
                              ../../lib/usb/libusb.a(usbdevicefactory.o) (CUSBGamePadXboxOneDevice::CUSBGamePadXboxOneDevice(CUSBFunction*))
../../lib/usb/libusb.a(usbhiddevice.o)
                              ../../lib/usb/libusb.a(usbgamepadps4.o) (CUSBHIDDevice::SendToEndpointOut(void const*, unsigned int, unsigned int))
../../lib/usb/libusb.a(usbkeyboard.o)
                              ../../lib/usb/libusb.a(usbdevicefactory.o) (CUSBKeyboardDevice::CUSBKeyboardDevice(CUSBFunction*))
../../lib/usb/libusb.a(usbmassdevice.o)
                              ../../lib/usb/libusb.a(usbdevicefactory.o) (CUSBBulkOnlyMassStorageDevice::CUSBBulkOnlyMassStorageDevice(CUSBFunction*))
../../lib/usb/libusb.a(usbmidihost.o)
                              ../../lib/usb/libusb.a(usbdevicefactory.o) (CUSBMIDIHostDevice::CUSBMIDIHostDevice(CUSBFunction*))
../../lib/usb/libusb.a(usbmouse.o)
                              ../../lib/usb/libusb.a(usbdevicefactory.o) (CUSBMouseDevice::CUSBMouseDevice(CUSBFunction*))
../../lib/usb/libusb.a(usbprinter.o)
                              ../../lib/usb/libusb.a(usbdevicefactory.o) (CUSBPrinterDevice::CUSBPrinterDevice(CUSBFunction*))
../../lib/usb/libusb.a(usbstring.o)
                              ../../lib/usb/libusb.a(usbdevice.o) (CUSBString::CUSBString(CUSBDevice*))
../../lib/usb/libusb.a(usbserialch341.o)
[...]
Memory Configuration

Name             Origin             Length             Attributes
*default*        0x00000000         0xffffffff

Linker script and memory map

Address of section .init set to 0x8000

.init           0x00008000       0x64
 *(.init)
 .init          0x00008000       0x64 ../../lib/libcircle.a(startup.o)
                0x00008000                _start

.text           0x00008068    0x761f4
 *(.text*)
 .text          0x00008068        0x0 main.o
 .text.startup  0x00008068       0x40 main.o
                0x00008068                main
 .text          0x000080a8      0xbcc CLogger.o
                0x000080a8                CLogger::CLogger(unsigned int, CTimer*, bool)
                0x000080a8                CLogger::CLogger(unsigned int, CTimer*, bool)
                0x000080c0                CLogger::~CLogger()
                0x000080c0                CLogger::~CLogger()
                0x000080dc                CLogger::Initialize(CDevice*)
                0x000080e4                CLogger::SetNewTarget(CDevice*)
                0x000080e8                CLogger::Get()
                0x0000811c                CLogger::SetRawSink(void (*)(void*, char const*, unsigned int), void*)
                0x0000812c                CLogger::RegisterPanicHandler(void (*)())
                0x00008134                CLogger::WriteRaw(char const*, unsigned int)
                0x0000815c                CLogger::WriteCString(char const*)
                0x0000819c                CLogger::FormatChar(char*, unsigned int, unsigned int&, char)
                0x000081c8                CLogger::FormatString(char*, unsigned int, unsigned int&, char const*)
                0x00008238                CLogger::FormatUIntDec(char*, unsigned int, unsigned int&, unsigned int)
                0x00008348                CLogger::FormatIntDec(char*, unsigned int, unsigned int&, int)
                0x000083bc                CLogger::FormatUIntHex(char*, unsigned int, unsigned int&, unsigned int, bool)
                0x000084d0                CLogger::FormatULongDec(char*, unsigned int, unsigned int&, unsigned long)
                0x000085e0                CLogger::FormatV(char*, unsigned int, char const*, std::__va_list)
                0x00008a0c                CLogger::WriteV(char const*, TLogSeverity, char const*, std::__va_list)
                0x00008b3c                CLogger::Write(char const*, TLogSeverity, char const*, ...)
                0x00008b6c                CLogger::WriteNoAlloc(char const*, TLogSeverity, char const*)
 .text          0x00008c74      0x924 kernel.o
                0x00008c74                CKernel::CKernel()
                0x00008c74                CKernel::CKernel()
                0x000094dc                CKernel::~CKernel()
                0x000094dc                CKernel::~CKernel()
 .text          0x00009598      0x828 kernel_initialize.o
                0x00009598                CKernel::Initialize()
 .text          0x00009dc0      0x31c kernel_run.o
                0x00009dc0                CKernel::Run()
 .text          0x0000a0dc      0x38c code_alloc.o
                0x0000a0dc                CKernel::allocBufferMEM(unsigned int, unsigned int)
                0x0000a23c                CKernel::allocBufferDMA(unsigned int, unsigned int, char**, char**, unsigned int*)
                0x0000a408                CKernel::clearBufferMEM(char**, unsigned int)
                0x0000a440                CKernel::clearBufferDMA(char**, char*)
 .text          0x0000a468     0x105c code_debug.o
                0x0000a468                CKernel::logButtonStatesRuntime(int)
                0x0000a5c0                CKernel::logModesRuntime(int)
                0x0000a838                CKernel::logPickUpFlags(int)
                0x0000aa44                CKernel::logInOutRuntime(int)
                0x0000aca0                CKernel::logInfosRuntime(int)
                0x0000adfc                CKernel::startupScreen()
                0x0000b364                CKernel::logInfoFrameRate(int)
 .text          0x0000b4c4      0xc70 code_filesystem.o
                0x0000b4c4                CKernel::FATCallback()
                0x0000b750                CKernel::removeUSB(CDevice*, void*)
                0x0000b780                CKernel::Mount(char const*)
                0x0000b83c                CKernel::UnMount()
                0x0000b884                CKernel::openFile(char const*)
                0x0000b8a8                CKernel::loadToBuffer(char*, unsigned int)
                0x0000b90c                CKernel::saveFromBuffer(char const*, char const*, char const*, unsigned int)
                0x0000bb70                CKernel::closeFile()
                0x0000bb90                CKernel::bulkLoad(char**, unsigned int*, char**, unsigned int, unsigned int&, unsigned int&, unsigned int)
                0x0000bdcc                CKernel::IsValidFile(char const*, char const*)
                0x0000be84                CKernel::scanRoot(char**, char const**, unsigned int, unsigned int&, unsigned int, unsigned int)
                0x0000bf74                CKernel::gen83FileName(char const*)
                0x0000c068                CKernel::UpdateKernel()
                0x0000c0d0                CKernel::updateUSB(char const*)
 .text          0x0000c134      0x80c code_graphics_init.o
                0x0000c134                CKernel::initOGL(CKernel::olg_state*)
                0x0000c358                CKernel::initVbuffer(CKernel::olg_state*, CKernel::vtx_state*)
                0x0000c458                CKernel::initShader(CKernel::vtx_state*, CKernel::glsl_state*, CKernel::tex_state*, char**, int, int, unsigned int)
                0x0000c518                CKernel::initProgram(CKernel::vtx_state*, CKernel::glsl_state*, CKernel::glsl_state*, CKernel::tex_state*, int, int, unsigned int&)
                0x0000c608                CKernel::initTexture(CKernel::vtx_state*, CKernel::glsl_state*, CKernel::tex_state*, int, int, unsigned int&, int, int)
                0x0000c764                CKernel::initUniform(CKernel::vtx_state*, CKernel::glsl_state*, CKernel::tex_state*, int, int)
 .text          0x0000c940      0x264 code_graphics_log.o
                0x0000c940                CKernel::shaderLog(int, int)
                0x0000c9cc                CKernel::programLog(int, int)
                0x0000cadc                CKernel::gfx_check(char const*, unsigned int)
 .text          0x0000cba4      0x6d8 code_graphics_run.o
                0x0000cba4                CKernel::frmBufferSet(CKernel::vtx_state*)
                0x0000cc04                CKernel::frmBufferSwap(CKernel::olg_state*)
                0x0000cc2c                CKernel::setUniPrg(CKernel::olg_state*, CKernel::glsl_state*, CKernel::tex_state*, unsigned int)
                0x0000ce3c                CKernel::setTexPrg(CKernel::olg_state*, CKernel::glsl_state*, CKernel::tex_state*, int, unsigned int)
                0x0000cfd8                CKernel::drawGLsPrg()
                0x0000d028                CKernel::setUniOvl(CKernel::olg_state*, CKernel::glsl_state*, CKernel::tex_state*)
                0x0000d0b0                CKernel::setTexOvl(CKernel::olg_state*, CKernel::glsl_state*, CKernel::tex_state*)
                0x0000d108                CKernel::drawGLsOvl()
                0x0000d164                CKernel::fpsBegin()
                0x0000d17c                CKernel::fpsBreak()
                0x0000d21c                CKernel::fpsEnd()
 .text          0x0000d27c     0x1d70 code_hardware.o
                0x0000d27c                CKernel::usDelay(unsigned int)
                0x0000d2b8                CKernel::msDelay(unsigned int)
                0x0000d300                CKernel::read32(unsigned int)
                0x0000d308                CKernel::write32(unsigned int, unsigned int)
                0x0000d310                CKernel::GPIO_SetPull(unsigned int, unsigned int)
                0x0000d3a0                CKernel::GPIO_SetAlt(unsigned int, unsigned int, unsigned int)
                0x0000d3f4                CKernel::GPIO_Write(unsigned int, unsigned int)
                0x0000d424                CKernel::set_pot_routing(int, bool)
                0x0000d454                CKernel::GPIO_Read(unsigned int)
                0x0000d480                CKernel::buttonPingA(int, int)
                0x0000d5c8                CKernel::buttonPingB(int, int, int, int)
                0x0000d848                CKernel::watchdog_Start(unsigned int)
                0x0000d880                CKernel::SPI_init()
                0x0000db34                CKernel::WriteRead(unsigned int, void const*, void*, unsigned int)
                0x0000dc90                CKernel::SMI_Init(unsigned int)
                0x0000dd14                CKernel::SMI_SetupTiming(unsigned int, unsigned int, unsigned int, unsigned int, unsigned int, unsigned int)
                0x0000de9c                CKernel::SMI_SetupDMA(unsigned int)
                0x0000dedc                CKernel::WS2812_Init(unsigned int)
                0x0000dfac                CKernel::WS2812_SetLED(unsigned int, unsigned char, unsigned char, unsigned char)
                0x0000e028                CKernel::WS2812_Update()
                0x0000e09c                CKernel::ReadMCP3008Raw(unsigned int)
                0x0000e0fc                CKernel::readAndConvertADC()
                0x0000e648                CKernel::adc_ProcessAudio()
                0x0000ecfc                CKernel::adc_AdvanceIndex()
                0x0000ed14                CKernel::frameBufferInit()
                0x0000edfc                CKernel::bufferScreenPlot(unsigned int, unsigned int, unsigned int)
                0x0000ee1c                CKernel::bufferScreenDrawChar(char, unsigned int, unsigned int, unsigned int)
                0x0000eecc                CKernel::bufferScreenClear()
                0x0000eee8                CKernel::bufferScreenDraw(char const*, unsigned int, unsigned int, unsigned int, unsigned int, unsigned int)
                0x0000efd4                CKernel::bufferScreenGetGrid(unsigned int&, unsigned int&)
 .text          0x0000efec      0xb54 code_log.o
                0x0000efec                CKernel::convertDecToBCD(unsigned int)
                0x0000f040                CKernel::logScreenUpdate()
                0x0000f190                CKernel::storeLogHex(char*, unsigned int&, char const*, unsigned int, char const*, unsigned int, char const*, unsigned int, char const*, unsigned int)
                0x0000f4bc                CKernel::storeLogU32(char*, unsigned int&, char const*, unsigned int, char const*, unsigned int, char const*, unsigned int, char const*, unsigned int)
                0x0000f828                CKernel::storeMsg(char*, unsigned int&, char const*, void const*, unsigned int)
                0x0000f944                CKernel::nextline(char*, unsigned int&)
                0x0000f970                CKernel::memoryDebugCheckpoint(char const*, bool)
                0x0000fac4                CKernel::LoggerSink(void*, char const*, unsigned int)
 .text          0x0000fb40     0x13e8 code_menu.o
                0x0000fb40                CKernel::resetMenuPickUpFlags()
                0x0000fb98                CKernel::storeModes()
                0x0000fc44                CKernel::buttonConsumer(int, int)
                0x0000fe84                CKernel::set_mode_roof_map(unsigned char)
                0x00010064                CKernel::mapMenuGroup(unsigned char)
                0x00010200                CKernel::dispatchLayer()
                0x00010230                CKernel::modeADC(int)
                0x00010260                CKernel::modeTRG(int)
                0x00010350                CKernel::getChannelModeA(int)
                0x000104d4                CKernel::modeLF1(int)
                0x00010508                CKernel::modeLF2(int)
                0x0001053c                CKernel::modeAudioAbL(int)
                0x00010570                CKernel::modeAudioAbH(int)
                0x000105a4                CKernel::modeAudioBbL(int)
                0x000105d8                CKernel::modeAudioBbH(int)
                0x0001060c                CKernel::applyTargetModes()
                0x00010800                CKernel::updateLED()
                0x00010d98                CKernel::checkSystemFlags()
 .text          0x00010f28        0x0 code_midi.o
 .text          0x00010f28     0x10d4 code_parser.o
                0x00010f28                CKernel::BMPparser(CKernel::tex_state*, char**, char**, unsigned int*, unsigned int, int, int)
                0x000112e0                CKernel::findNext000001(unsigned char*, unsigned int, unsigned int) const
                0x0001134c                CKernel::ReadExpGolomb(unsigned char*, unsigned int*) const
                0x00011404                CKernel::ParseSPS(unsigned char*, unsigned int, unsigned int, unsigned short*, unsigned short*, unsigned char*, unsigned char*) const
                0x00011648                CKernel::parse264(CKernel::h264_state*, char*, char**, char**, unsigned int*, int, int, unsigned int&, unsigned short, unsigned short, unsigned short, unsigned short, unsigned char, unsigned char, unsigned char, unsigned char)
 .text          0x00011ffc     0x2240 code_user_file.o
                0x00011ffc                CKernel::bufferSourceModeName(unsigned int)
                0x0001201c                CKernel::bufferWaveName(unsigned int)
                0x00012040                CKernel::bufferChannelName(unsigned int)
                0x00012064                CKernel::bufferMultValue(unsigned int)
                0x00012084                CKernel::create_buffer_file()
                0x00012a60                CKernel::hexToDec(unsigned int)
                0x00012ac4                CKernel::sameText(char const*, char const*)
                0x00012b0c                CKernel::tokenEnd(char)
                0x00012b40                CKernel::skipBufferLine(char const*&)
                0x00012b7c                CKernel::readBufferToken(char const*&, char*, unsigned int)
                0x00012c98                CKernel::readBufferDec(char const*, unsigned int&)
                0x00012d14                CKernel::readSourceMode(char const*, unsigned int&)
                0x00012f68                CKernel::readWave(char const*, unsigned int&)
                0x0001309c                CKernel::readMultiplier(char const*, unsigned int&)
                0x00013238                CKernel::readChannel(char const*, unsigned int&)
                0x0001348c                CKernel::readChannelCommand(char const*, unsigned int&)
                0x000136e0                CKernel::parse_buffer_file()
 .text          0x0001423c      0x624 code_util.o
                0x0001423c                CKernel::setSystemVariables()
                0x00014264                CKernel::checkUpdate()
                0x0001427c                CKernel::randomVec8(unsigned long)
                0x000143ec                CKernel::calculate1BPMnew(int, int, int, unsigned long)
                0x00014598                CKernel::predict1Beat(int, int)
                0x000146f0                CKernel::sample1WaveTable(int, int, int, int)
 .text          0x00014860      0x4ac code_vc_service.o
                0x00014860                CKernel::callbackVCSM(void*, VCHI_CALLBACK_REASON_T, void*)
                0x000148b4                CKernel::callbackMMAL(void*, VCHI_CALLBACK_REASON_T, void*)
                0x00014908                CKernel::getStateVCHI()
                0x00014988                CKernel::initEventsVCOS(VCOS_EVENT_T&, char const*)
                0x00014a18                CKernel::convertAddress(void*, unsigned int)
                0x00014ac4                CKernel::checkGLerrorMMAL()
                0x00014b44                CKernel::NextTransId(unsigned int&)
                0x00014b58                CKernel::initHeaderVCSM(CKernel::vc_sm_msg_hdr_t&, unsigned int)
                0x00014b7c                CKernel::initHeaderMMAL(CKernel::mmal_msg_header&, unsigned int)
                0x00014bc0                CKernel::sendAndWaitVCHI(opaque_vchi_service_handle_t*, VCOS_EVENT_T&, void const*, unsigned int, void*, unsigned int, unsigned int*)
                0x00014ca4                CKernel::openServiceVCHI(SERVICE_CREATION_T&, unsigned long, unsigned long, long, void (*)(void*, VCHI_CALLBACK_REASON_T, void*), void*, opaque_vchi_instance_handle_t*, opaque_vchi_service_handle_t*&)
 *fill*         0x00014d0c        0x4 
 .text          0x00014d10      0x6e8 code_vc_mmal_api.o
                0x00014d10                CKernel::bufferReadyMMAL(unsigned int)
                0x00014e04                CKernel::queueOutputBufferMMAL(CKernel::MMAL_Buffer_From_Host_Msg&, unsigned int, unsigned int)
                0x00014ed8                CKernel::queueInputBufferMMAL(CKernel::MMAL_Buffer_From_Host_Msg&, unsigned int, unsigned int)
                0x00014fa8                CKernel::framePollerMMAL(unsigned int, unsigned int)
 .text          0x000153f8      0x9f8 code_vc_mmal_init.o
                0x000153f8                CKernel::initTexturesMMAL()
                0x000155c4                CKernel::createComponent(unsigned int&, CKernel::MMAL_Component_Create_Msg&, CKernel::MMAL_Component_Create_Reply&)
                0x000156d8                CKernel::getPortInfoMMAL(unsigned int, unsigned int&, CKernel::MMAL_Port_Info_Get_Msg&, CKernel::MMAL_Port_Info_Get_Reply&)
                0x000157d0                CKernel::setPortInfoMMAL(CKernel::MMAL_Port_Info_Set_Msg&, CKernel::MMAL_Port_Info_Set_Reply&)
                0x0001589c                CKernel::enableComponentMMAL(CKernel::MMAL_Component_Enable_Msg&, CKernel::MMAL_Component_Enable_Reply&)
                0x0001596c                CKernel::setZeroCopyModeMMAL(unsigned int, CKernel::MMAL_Port_Parameter_Set_Msg&, CKernel::MMAL_Port_Parameter_Set_Reply&)
                0x00015a70                CKernel::enablePortMMAL(CKernel::MMAL_Port_Info_Get_Reply const&, CKernel::MMAL_Port_Action_Msg&, CKernel::MMAL_Port_Action_Reply_Msg&)
                0x00015b94                CKernel::PrimeOutputBufferBodyMMAL(CKernel::MMAL_Buffer_From_Host_Msg&)
                0x00015be8                CKernel::PrimeInputBufferBodyMMAL(CKernel::MMAL_Buffer_From_Host_Msg&)
                0x00015c4c                CKernel::primePortFormatInputMMAL(unsigned int, CKernel::MMAL_Port_Info_Get_Reply const&, CKernel::MMAL_Port_Info_Set_Msg&)
                0x00015d20                CKernel::primePortFormatOutputMMAL(unsigned int, CKernel::MMAL_Port_Info_Get_Reply const&, CKernel::MMAL_Port_Info_Set_Msg&)
 .text          0x00015df0      0x49c code_vc_vcsm.o
                0x00015df0                CKernel::allocMemoryVCSM(unsigned int, unsigned int, unsigned int, CKernel::vc_sm_alloc_type_t, unsigned int, char const*, unsigned int&, CKernel::VCSM_Alloc_MEM_Msg&, CKernel::VCSM_Alloc_MEM_Reply&)
                0x00015f38                CKernel::importMemoryVCSM(void*, unsigned int, unsigned int&, CKernel::VCSM_Import_MEM_Msg&, CKernel::VCSM_Import_MEM_Reply&)
                0x0001608c                CKernel::lockMemoryVCSM(unsigned int&, unsigned int&, CKernel::VCSM_Lock_MEM_Msg&, CKernel::VCSM_Lock_MEM_Reply&)
                0x00016194                CKernel::freeMemoryVCSM(unsigned int&, unsigned int&, CKernel::VCSM_Free_MEM_Msg&, CKernel::VCSM_Free_MEM_Reply&)
 .text          0x0001628c     0x2160 code_wrappers.o
                0x0001628c                CKernel::wrapperInitDMA()
                0x00016418                CKernel::wrapperInitMEM()
                0x000164e8                CKernel::wrapperDMAcleanUp()
                0x00016544                CKernel::wrapperMEMcleanUp()
                0x000165c4                CKernel::wrapperVCSM()
                0x0001688c                CKernel::wrapperMMAL()
                0x00016f18                CKernel::wrapper_load_sd()
                0x00017250                CKernel::wrapper_load_usb()
                0x00017430                CKernel::wrapper_parser_sd()
                0x000174b4                CKernel::wrapper_parser_usb()
                0x0001757c                CKernel::wrapper_init_gl_sd()
                0x000177a4                CKernel::wrapper_init_gl_usb()
                0x000178a8                CKernel::wrapperInitVCSMstruct()
                0x000179f4                CKernel::wrapperInitMMALstruct()
                0x00017e94                CKernel::wrapperFreeVCSMstruct()
                0x00017fd4                CKernel::wrapperFreeMMALstruct()
 .text          0x000183ec      0x610 ../../lib/usb/libusb.a(usbhostcontroller.o)
                0x000183ec                CUSBHostController::UpdatePlugAndPlay()
                0x00018544                CUSBHostController::CUSBHostController(bool)
                0x00018544                CUSBHostController::CUSBHostController(bool)
                0x00018588                CUSBHostController::~CUSBHostController()
                0x00018588                CUSBHostController::~CUSBHostController()
                0x000185b8                CUSBHostController::~CUSBHostController()
                0x000185f4                CUSBHostController::ControlMessage(CUSBEndpoint*, unsigned char, unsigned char, unsigned short, unsigned short, void*, unsigned short)
                0x000186e4                CUSBHostController::GetDescriptor(CUSBEndpoint*, unsigned char, unsigned char, void*, unsigned int, unsigned char, unsigned short)
                0x00018718                CUSBHostController::SetAddress(CUSBEndpoint*, unsigned char)
                0x00018760                CUSBHostController::SetConfiguration(CUSBEndpoint*, unsigned char)
                0x000187a8                CUSBHostController::Transfer(CUSBEndpoint*, void*, unsigned int, unsigned int)
                0x0001880c                CUSBHostController::IsPlugAndPlay()
                0x0001881c                CUSBHostController::PortStatusChanged(CUSBHCIRootPort*)
                0x000188f4                CUSBHostController::PortStatusChanged(CUSBStandardHub*)
                0x000189cc                CUSBHostController::Get()
 .text._ZN18CUSBHostController24CancelDeviceTransactionsEP10CUSBDevice
                0x000189fc        0x4 ../../lib/usb/libusb.a(usbhostcontroller.o)
                0x000189fc                CUSBHostController::CancelDeviceTransactions(CUSBDevice*)
 .text          0x00018a00      0x488 ../../lib/usb/libusb.a(usbrequest.o)
                0x00018a00                CUSBRequest::CUSBRequest(CUSBEndpoint*, void*, unsigned int, TSetupData*)
                0x00018a00                CUSBRequest::CUSBRequest(CUSBEndpoint*, void*, unsigned int, TSetupData*)
                0x00018a88                CUSBRequest::~CUSBRequest()
                0x00018a88                CUSBRequest::~CUSBRequest()
                0x00018a8c                CUSBRequest::GetEndpoint() const
                0x00018ab4                CUSBRequest::SetStatus(int)
                0x00018abc                CUSBRequest::SetResultLen(unsigned int)
                0x00018ac4                CUSBRequest::SetUSBError(TUSBError)
                0x00018acc                CUSBRequest::GetStatus() const
                0x00018ad4                CUSBRequest::GetResultLength() const
                0x00018b04                CUSBRequest::GetUSBError() const
                0x00018b34                CUSBRequest::GetSetupData()
                0x00018b84                CUSBRequest::GetBuffer()
                0x00018bbc                CUSBRequest::GetBufLen() const
                0x00018bc4                CUSBRequest::AddIsoPacket(unsigned short)
                0x00018c3c                CUSBRequest::GetNumIsoPackets() const
                0x00018c64                CUSBRequest::GetIsoPacketSize(unsigned int) const
                0x00018c98                CUSBRequest::SetCompletionRoutine(void (*)(CUSBRequest*, void*, void*), void*, void*)
                0x00018cc4                CUSBRequest::CallCompletionRoutine()
                0x00018d00                CUSBRequest::SetCompleteOnNAK()
                0x00018d0c                CUSBRequest::IsCompleteOnNAK() const
                0x00018d14                CUSBRequest::operator new(unsigned int)
                0x00018d68                CUSBRequest::operator delete(void*, unsigned int)
                0x00018dc0                CUSBRequest::InitAllocator(unsigned int)
                0x00018e1c                CUSBRequest::InitProtectedAllocator(unsigned int, unsigned int)
 .text          0x00018e88     0x1134 ../../lib/usb/libusb.a(usbstandardhub.o)
                0x00018e88                CUSBStandardHub::~CUSBStandardHub()
                0x00018e88                CUSBStandardHub::~CUSBStandardHub()
                0x00018fa4                CUSBStandardHub::~CUSBStandardHub()
                0x00018fc4                CUSBStandardHub::CUSBStandardHub(CUSBFunction*)
                0x00018fc4                CUSBStandardHub::CUSBStandardHub(CUSBFunction*)
                0x00019048                CUSBStandardHub::DisablePort(unsigned int)
                0x00019108                CUSBStandardHub::RemoveDeviceAt(unsigned int)
                0x0001914c                CUSBStandardHub::StartStatusChangeRequest()
                0x00019228                CUSBStandardHub::CompletionRoutine(CUSBRequest*)
                0x000192d0                CUSBStandardHub::CompletionStub(CUSBRequest*, void*, void*)
                0x00019304                CUSBStandardHub::Initialize()
                0x00019440                CUSBStandardHub::EnumeratePorts()
                0x00019aa4                CUSBStandardHub::ReScanDevices()
                0x00019aa8                CUSBStandardHub::Configure()
                0x00019c0c                CUSBStandardHub::HandlePortStatusChange()
 .text.startup  0x00019fbc       0x38 ../../lib/usb/libusb.a(usbstandardhub.o)
 .text          0x00019ff4     0x3198 ../../lib/usb/libusb.a(dwhcidevice.o)
                0x00019ff4                CDWHCIDevice::CancelDeviceTransactions(CUSBDevice*)
                0x00019ffc                CDWHCIDevice::CompletionRoutine(CUSBRequest*, void*, void*)
                0x0001a050                CDWHCIDevice::CDWHCIDevice(CInterruptSystem*, CTimer*, bool)
                0x0001a050                CDWHCIDevice::CDWHCIDevice(CInterruptSystem*, CTimer*, bool)
                0x0001a13c                CDWHCIDevice::DeviceConnected()
                0x0001a174                CDWHCIDevice::GetPortSpeed()
                0x0001a1c0                CDWHCIDevice::OvercurrentDetected()
                0x0001a1fc                CDWHCIDevice::DisableRootPort(bool)
                0x0001a270                CDWHCIDevice::PowerOn()
                0x0001a2dc                CDWHCIDevice::Reset()
                0x0001a3b8                CDWHCIDevice::InitCore()
                0x0001a640                CDWHCIDevice::EnableGlobalInterrupts()
                0x0001a684                CDWHCIDevice::EnableCommonInterrupts()
                0x0001a6bc                CDWHCIDevice::EnableHostInterrupts()
                0x0001a754                CDWHCIDevice::EnableChannelInterrupt(unsigned int)
                0x0001a7d8                CDWHCIDevice::DisableChannelInterrupt(unsigned int)
                0x0001a85c                CDWHCIDevice::FlushTxFIFO(unsigned int)
                0x0001a920                CDWHCIDevice::FlushRxFIFO()
                0x0001a9c8                CDWHCIDevice::InitHost()
                0x0001abc8                CDWHCIDevice::QueueTransaction(CDWHCITransferStageData*)
                0x0001ac64                CDWHCIDevice::TransferStageAsync(CUSBRequest*, bool, bool, unsigned int)
                0x0001ad24                CDWHCIDevice::SubmitAsyncRequest(CUSBRequest*, unsigned int)
                0x0001ae04                CDWHCIDevice::QueueDelayedTransaction(CDWHCITransferStageData*)
                0x0001af90                CDWHCIDevice::StartChannel(CDWHCITransferStageData*)
                0x0001b3b0                CDWHCIDevice::StartTransaction(CDWHCITransferStageData*)
                0x0001b4c0                CDWHCIDevice::AllocateChannel()
                0x0001b65c                CDWHCIDevice::SOFInterruptHandler()
                0x0001b66c                CDWHCIDevice::FreeChannel(unsigned int)
                0x0001bd68                CDWHCIDevice::ChannelInterruptHandler(unsigned int)
                0x0001bd78                CDWHCIDevice::InterruptHandler()
                0x0001bf58                CDWHCIDevice::InterruptStub(void*)
                0x0001bf84                CDWHCIDevice::AllocateWaitBlock()
                0x0001c024                CDWHCIDevice::FreeWaitBlock(unsigned int)
                0x0001c0b0                CDWHCIDevice::TransferStage(CUSBRequest*, bool, bool, unsigned int)
                0x0001c1b4                CDWHCIDevice::SubmitBlockingRequest(CUSBRequest*, unsigned int)
                0x0001c434                CDWHCIDevice::WaitForBit(CDWHCIRegister*, unsigned int, bool, unsigned int)
                0x0001c514                CDWHCIDevice::EnableRootPort()
                0x0001c634                CDWHCIDevice::LogTransactionFailed(unsigned int)
                0x0001c67c                CDWHCIDevice::DumpRegister(char const*, unsigned int)
                0x0001c6e4                CDWHCIDevice::DumpStatus(unsigned int)
                0x0001cd94                CDWHCIDevice::~CDWHCIDevice()
                0x0001cd94                CDWHCIDevice::~CDWHCIDevice()
                0x0001ce80                CDWHCIDevice::~CDWHCIDevice()
                0x0001cea0                CDWHCIDevice::ReScanDevices()
                0x0001cf30                CDWHCIDevice::Initialize(bool)
 .text          0x0001d18c      0x430 ../../lib/usb/libusb.a(dwhciframeschednper.o)
                0x0001d18c                CDWHCIFrameSchedulerNonPeriodic::~CDWHCIFrameSchedulerNonPeriodic()
                0x0001d18c                CDWHCIFrameSchedulerNonPeriodic::~CDWHCIFrameSchedulerNonPeriodic()
                0x0001d190                CDWHCIFrameSchedulerNonPeriodic::StartSplit()
                0x0001d1ac                CDWHCIFrameSchedulerNonPeriodic::IsOddFrame() const
                0x0001d1b4                CDWHCIFrameSchedulerNonPeriodic::PeriodicDelay(unsigned short)
                0x0001d1d0                CDWHCIFrameSchedulerNonPeriodic::CompleteSplit()
                0x0001d240                CDWHCIFrameSchedulerNonPeriodic::TransactionComplete(unsigned int)
                0x0001d334                CDWHCIFrameSchedulerNonPeriodic::GetFrameNumber()
                0x0001d3b0                CDWHCIFrameSchedulerNonPeriodic::~CDWHCIFrameSchedulerNonPeriodic()
                0x0001d3f4                CDWHCIFrameSchedulerNonPeriodic::CDWHCIFrameSchedulerNonPeriodic()
                0x0001d3f4                CDWHCIFrameSchedulerNonPeriodic::CDWHCIFrameSchedulerNonPeriodic()
                0x0001d448                CDWHCIFrameSchedulerNonPeriodic::operator new(unsigned int)
                0x0001d49c                CDWHCIFrameSchedulerNonPeriodic::operator delete(void*, unsigned int)
                0x0001d4f4                CDWHCIFrameSchedulerNonPeriodic::InitAllocator(unsigned int)
                0x0001d550                CDWHCIFrameSchedulerNonPeriodic::InitProtectedAllocator(unsigned int, unsigned int)
 .text          0x0001d5bc      0x2cc ../../lib/usb/libusb.a(dwhciframeschednsplit.o)
                0x0001d5bc                CDWHCIFrameSchedulerNoSplit::~CDWHCIFrameSchedulerNoSplit()
                0x0001d5bc                CDWHCIFrameSchedulerNoSplit::~CDWHCIFrameSchedulerNoSplit()
                0x0001d5c0                CDWHCIFrameSchedulerNoSplit::StartSplit()
                0x0001d5dc                CDWHCIFrameSchedulerNoSplit::CompleteSplit()
                0x0001d5f8                CDWHCIFrameSchedulerNoSplit::TransactionComplete(unsigned int)
                0x0001d614                CDWHCIFrameSchedulerNoSplit::PeriodicDelay(unsigned short)
                0x0001d630                CDWHCIFrameSchedulerNoSplit::GetFrameNumber()
                0x0001d67c                CDWHCIFrameSchedulerNoSplit::IsOddFrame() const
                0x0001d6b4                CDWHCIFrameSchedulerNoSplit::~CDWHCIFrameSchedulerNoSplit()
                0x0001d6f8                CDWHCIFrameSchedulerNoSplit::CDWHCIFrameSchedulerNoSplit(bool)
                0x0001d6f8                CDWHCIFrameSchedulerNoSplit::CDWHCIFrameSchedulerNoSplit(bool)
                0x0001d714                CDWHCIFrameSchedulerNoSplit::operator new(unsigned int)
                0x0001d768                CDWHCIFrameSchedulerNoSplit::operator delete(void*, unsigned int)
                0x0001d7c0                CDWHCIFrameSchedulerNoSplit::InitAllocator(unsigned int)
                0x0001d81c                CDWHCIFrameSchedulerNoSplit::InitProtectedAllocator(unsigned int, unsigned int)
 .text          0x0001d888      0x4a4 ../../lib/usb/libusb.a(dwhciframeschedper.o)
                0x0001d888                CDWHCIFrameSchedulerPeriodic::~CDWHCIFrameSchedulerPeriodic()
                0x0001d888                CDWHCIFrameSchedulerPeriodic::~CDWHCIFrameSchedulerPeriodic()
                0x0001d88c                CDWHCIFrameSchedulerPeriodic::StartSplit()
                0x0001d8ac                CDWHCIFrameSchedulerPeriodic::PeriodicDelay(unsigned short)
                0x0001d8c4                CDWHCIFrameSchedulerPeriodic::CompleteSplit()
                0x0001d960                CDWHCIFrameSchedulerPeriodic::GetFrameNumber()
                0x0001d9f0                CDWHCIFrameSchedulerPeriodic::IsOddFrame() const
                0x0001da28                CDWHCIFrameSchedulerPeriodic::TransactionComplete(unsigned int)
                0x0001db1c                CDWHCIFrameSchedulerPeriodic::~CDWHCIFrameSchedulerPeriodic()
                0x0001db60                CDWHCIFrameSchedulerPeriodic::CDWHCIFrameSchedulerPeriodic()
                0x0001db60                CDWHCIFrameSchedulerPeriodic::CDWHCIFrameSchedulerPeriodic()
                0x0001dbb8                CDWHCIFrameSchedulerPeriodic::operator new(unsigned int)
                0x0001dc0c                CDWHCIFrameSchedulerPeriodic::operator delete(void*, unsigned int)
                0x0001dc64                CDWHCIFrameSchedulerPeriodic::InitAllocator(unsigned int)
                0x0001dcc0                CDWHCIFrameSchedulerPeriodic::InitProtectedAllocator(unsigned int, unsigned int)
 .text          0x0001dd2c      0x32c ../../lib/usb/libusb.a(dwhcirootport.o)
                0x0001dd2c                CDWHCIRootPort::~CDWHCIRootPort()
                0x0001dd2c                CDWHCIRootPort::~CDWHCIRootPort()
                0x0001dd60                CDWHCIRootPort::RemoveDevice()
                0x0001ddbc                CDWHCIRootPort::ReScanDevices()
                0x0001ddfc                CDWHCIRootPort::HandlePortStatusChange()
                0x0001de68                CDWHCIRootPort::~CDWHCIRootPort()
                0x0001dea8                CDWHCIRootPort::CDWHCIRootPort(CDWHCIDevice*)
                0x0001dea8                CDWHCIRootPort::CDWHCIRootPort(CDWHCIDevice*)
                0x0001dee0                CDWHCIRootPort::Initialize()
 .text          0x0001e058      0x7bc ../../lib/usb/libusb.a(dwhcixactqueue.o)
                0x0001e058                TQueueEntry::operator new(unsigned int)
                0x0001e0ac                TQueueEntry::operator delete(void*, unsigned int)
                0x0001e104                TQueueEntry::InitAllocator(unsigned int)
                0x0001e160                TQueueEntry::InitProtectedAllocator(unsigned int, unsigned int)
                0x0001e1cc                CDWHCITransactionQueue::CDWHCITransactionQueue(unsigned int, unsigned int)
                0x0001e1cc                CDWHCITransactionQueue::CDWHCITransactionQueue(unsigned int, unsigned int)
                0x0001e24c                CDWHCITransactionQueue::Flush()
                0x0001e388                CDWHCITransactionQueue::~CDWHCITransactionQueue()
                0x0001e388                CDWHCITransactionQueue::~CDWHCITransactionQueue()
                0x0001e3a4                CDWHCITransactionQueue::FlushDevice(CUSBDevice*)
                0x0001e53c                CDWHCITransactionQueue::Enqueue(CDWHCITransferStageData*, unsigned short)
                0x0001e6d0                CDWHCITransactionQueue::Dequeue(unsigned short)
 .text          0x0001e814      0xe00 ../../lib/usb/libusb.a(dwhcixferstagedata.o)
                0x0001e814                CDWHCITransferStageData::CDWHCITransferStageData(unsigned int, CUSBRequest*, bool, bool, unsigned int)
                0x0001e814                CDWHCITransferStageData::CDWHCITransferStageData(unsigned int, CUSBRequest*, bool, bool, unsigned int)
                0x0001ec64                CDWHCITransferStageData::~CDWHCITransferStageData()
                0x0001ec64                CDWHCITransferStageData::~CDWHCITransferStageData()
                0x0001ec8c                CDWHCITransferStageData::SetChannelNumber(unsigned int)
                0x0001ec94                CDWHCITransferStageData::TransactionComplete(unsigned int, unsigned int, unsigned int)
                0x0001ef04                CDWHCITransferStageData::SetSplitComplete(bool)
                0x0001ef34                CDWHCITransferStageData::SetState(unsigned int)
                0x0001ef3c                CDWHCITransferStageData::GetState() const
                0x0001ef44                CDWHCITransferStageData::SetSubState(unsigned int)
                0x0001ef4c                CDWHCITransferStageData::GetSubState() const
                0x0001ef54                CDWHCITransferStageData::GetChannelNumber() const
                0x0001ef5c                CDWHCITransferStageData::IsPeriodic() const
                0x0001efa0                CDWHCITransferStageData::IsIsochronous() const
                0x0001efe0                CDWHCITransferStageData::GetDeviceAddress() const
                0x0001f010                CDWHCITransferStageData::GetEndpointType() const
                0x0001f070                CDWHCITransferStageData::GetEndpointNumber() const
                0x0001f0a0                CDWHCITransferStageData::GetMaxPacketSize() const
                0x0001f0a8                CDWHCITransferStageData::GetSpeed() const
                0x0001f0b0                CDWHCITransferStageData::GetPID() const
                0x0001f11c                CDWHCITransferStageData::IsDirectionIn() const
                0x0001f124                CDWHCITransferStageData::IsStatusStage() const
                0x0001f12c                CDWHCITransferStageData::GetDMAAddress() const
                0x0001f158                CDWHCITransferStageData::GetBytesToTransfer() const
                0x0001f160                CDWHCITransferStageData::GetPacketsToTransfer() const
                0x0001f168                CDWHCITransferStageData::IsSplit() const
                0x0001f170                CDWHCITransferStageData::IsSplitComplete() const
                0x0001f1a4                CDWHCITransferStageData::GetHubAddress() const
                0x0001f1f8                CDWHCITransferStageData::GetHubPortAddress() const
                0x0001f24c                CDWHCITransferStageData::GetSplitPosition() const
                0x0001f2d8                CDWHCITransferStageData::GetStatusMask() const
                0x0001f338                CDWHCITransferStageData::GetTransactionStatus() const
                0x0001f364                CDWHCITransferStageData::GetUSBError() const
                0x0001f3c8                CDWHCITransferStageData::IsStageComplete() const
                0x0001f3d8                CDWHCITransferStageData::GetResultLen() const
                0x0001f3ec                CDWHCITransferStageData::IsTimeout() const
                0x0001f424                CDWHCITransferStageData::IsRetryOK() const
                0x0001f438                CDWHCITransferStageData::GetURB() const
                0x0001f464                CDWHCITransferStageData::GetDevice() const
                0x0001f48c                CDWHCITransferStageData::GetFrameScheduler() const
                0x0001f494                CDWHCITransferStageData::operator new(unsigned int)
                0x0001f4ec                CDWHCITransferStageData::operator delete(void*, unsigned int)
                0x0001f548                CDWHCITransferStageData::InitAllocator(unsigned int)
                0x0001f5a8                CDWHCITransferStageData::InitProtectedAllocator(unsigned int, unsigned int)
 .text          0x0001f614      0x558 ../../lib/usb/libusb.a(dwhciframeschediso.o)
                0x0001f614                CDWHCIFrameSchedulerIsochronous::~CDWHCIFrameSchedulerIsochronous()
                0x0001f614                CDWHCIFrameSchedulerIsochronous::~CDWHCIFrameSchedulerIsochronous()
                0x0001f618                CDWHCIFrameSchedulerIsochronous::CompleteSplit()
                0x0001f6d8                CDWHCIFrameSchedulerIsochronous::TransactionComplete(unsigned int)
                0x0001f79c                CDWHCIFrameSchedulerIsochronous::GetFrameNumber()
                0x0001f83c                CDWHCIFrameSchedulerIsochronous::IsOddFrame() const
                0x0001f874                CDWHCIFrameSchedulerIsochronous::StartSplit()
                0x0001f944                CDWHCIFrameSchedulerIsochronous::PeriodicDelay(unsigned short)
                0x0001f984                CDWHCIFrameSchedulerIsochronous::~CDWHCIFrameSchedulerIsochronous()
                0x0001f9c8                CDWHCIFrameSchedulerIsochronous::CDWHCIFrameSchedulerIsochronous(bool)
                0x0001f9c8                CDWHCIFrameSchedulerIsochronous::CDWHCIFrameSchedulerIsochronous(bool)
                0x0001f9f8                CDWHCIFrameSchedulerIsochronous::operator new(unsigned int)
                0x0001fa4c                CDWHCIFrameSchedulerIsochronous::operator delete(void*, unsigned int)
                0x0001faa4                CDWHCIFrameSchedulerIsochronous::InitAllocator(unsigned int)
                0x0001fb00                CDWHCIFrameSchedulerIsochronous::InitProtectedAllocator(unsigned int, unsigned int)
 .text          0x0001fb6c     0x12b0 ../../lib/usb/libusb.a(usbdevice.o)
                0x0001fb6c                CUSBDevice::Configure()
                0x0001fc28                CUSBDevice::CUSBDevice(CUSBHostController*, TUSBSpeed, CUSBHCIRootPort*)
                0x0001fc28                CUSBDevice::CUSBDevice(CUSBHostController*, TUSBSpeed, CUSBHCIRootPort*)
                0x0001fcdc                CUSBDevice::CUSBDevice(CUSBHostController*, TUSBSpeed, CUSBStandardHub*, unsigned int)
                0x0001fcdc                CUSBDevice::CUSBDevice(CUSBHostController*, TUSBSpeed, CUSBStandardHub*, unsigned int)
                0x0001fe2c                CUSBDevice::ReScanDevices()
                0x0001fe6c                CUSBDevice::RemoveDevice()
                0x0001febc                CUSBDevice::GetName(TDeviceNameSelector) const
                0x0001ffd4                CUSBDevice::GetNames() const
                0x000200bc                CUSBDevice::SetAddress(unsigned char)
                0x000200e8                CUSBDevice::GetAddress() const
                0x000200f0                CUSBDevice::GetSpeed() const
                0x000200f8                CUSBDevice::IsSplit() const
                0x00020100                CUSBDevice::GetHubAddress() const
                0x00020108                CUSBDevice::GetHubPortNumber() const
                0x00020110                CUSBDevice::GetTTHubDevice() const
                0x00020118                CUSBDevice::GetEndpoint0() const
                0x00020144                CUSBDevice::GetHost() const
                0x00020170                CUSBDevice::GetDeviceDescriptor() const
                0x0002019c                CUSBDevice::GetConfigurationDescriptor() const
                0x000201c8                CUSBDevice::GetDescriptor(unsigned char)
                0x000201f8                CUSBDevice::ConfigurationError(char const*) const
                0x00020228                CUSBDevice::GetFunction(unsigned int)
                0x0002023c                CUSBDevice::LogWrite(TLogSeverity, char const*, ...)
                0x00020428                CUSBDevice::~CUSBDevice()
                0x00020428                CUSBDevice::~CUSBDevice()
                0x00020494                CUSBDevice::~CUSBDevice()
                0x0002050c                CUSBDevice::Initialize()
 .text.startup  0x00020e1c       0x38 ../../lib/usb/libusb.a(usbdevice.o)
 .text          0x00020e54      0x910 ../../lib/usb/libusb.a(usbdevicefactory.o)
                0x00020e54                CUSBDeviceFactory::GetGenericHIDDevice(CUSBFunction*)
                0x0002102c                CUSBDeviceFactory::FindDeviceID(CString*, TUSBDeviceID const*)
                0x000210c0                CUSBDeviceFactory::GetDevice(CUSBFunction*, CString*)
 .text          0x00021764      0x3dc ../../lib/usb/libusb.a(usbendpoint.o)
                0x00021764                CUSBEndpoint::CUSBEndpoint(CUSBDevice*)
                0x00021764                CUSBEndpoint::CUSBEndpoint(CUSBDevice*)
                0x000217ac                CUSBEndpoint::CUSBEndpoint(CUSBDevice*, TUSBEndpointDescriptor const*)
                0x000217ac                CUSBEndpoint::CUSBEndpoint(CUSBDevice*, TUSBEndpointDescriptor const*)
                0x000219a0                CUSBEndpoint::~CUSBEndpoint()
                0x000219a0                CUSBEndpoint::~CUSBEndpoint()
                0x000219a4                CUSBEndpoint::GetDevice() const
                0x000219cc                CUSBEndpoint::GetNumber() const
                0x000219d4                CUSBEndpoint::GetType() const
                0x000219dc                CUSBEndpoint::IsDirectionIn() const
                0x000219e4                CUSBEndpoint::SetMaxPacketSize(unsigned int)
                0x000219f4                CUSBEndpoint::GetMaxPacketSize() const
                0x000219fc                CUSBEndpoint::GetInterval() const
                0x00021a30                CUSBEndpoint::GetNextPID(bool)
                0x00021a70                CUSBEndpoint::SkipPID(unsigned int, bool)
                0x00021b0c                CUSBEndpoint::ResetPID()
 .text          0x00021b40      0x6cc ../../lib/usb/libusb.a(usbfunction.o)
                0x00021b40                CUSBFunction::Initialize()
                0x00021b48                CUSBFunction::ReScanDevices()
                0x00021b50                CUSBFunction::~CUSBFunction()
                0x00021b50                CUSBFunction::~CUSBFunction()
                0x00021ba8                CUSBFunction::RemoveDevice()
                0x00021bd4                CUSBFunction::~CUSBFunction()
                0x00021c38                CUSBFunction::Configure()
                0x00021d2c                CUSBFunction::CUSBFunction(CUSBDevice*, CUSBConfigurationParser*)
                0x00021d2c                CUSBFunction::CUSBFunction(CUSBDevice*, CUSBConfigurationParser*)
                0x00021de0                CUSBFunction::CUSBFunction(CUSBFunction*)
                0x00021de0                CUSBFunction::CUSBFunction(CUSBFunction*)
                0x00021eb8                CUSBFunction::GetInterfaceName() const
                0x00021f30                CUSBFunction::GetNumEndpoints() const
                0x00021f60                CUSBFunction::GetDevice() const
                0x00021f88                CUSBFunction::GetEndpoint0() const
                0x00021fb4                CUSBFunction::GetHost() const
                0x00021fe0                CUSBFunction::GetDescriptor(unsigned char)
                0x0002200c                CUSBFunction::ConfigurationError(char const*) const
                0x00022058                CUSBFunction::SelectInterfaceByClass(unsigned char, unsigned char, unsigned char)
                0x00022124                CUSBFunction::GetInterfaceNumber() const
                0x00022154                CUSBFunction::GetInterfaceClass() const
                0x00022184                CUSBFunction::GetInterfaceSubClass() const
                0x000221b4                CUSBFunction::GetInterfaceProtocol() const
                0x000221e4                CUSBFunction::GetInterfaceDescriptor() const
 .text          0x0002220c      0x558 ../../lib/usb/libusb.a(usbgamepadps3.o)
                0x0002220c                CUSBGamePadPS3Device::~CUSBGamePadPS3Device()
                0x0002220c                CUSBGamePadPS3Device::~CUSBGamePadPS3Device()
                0x0002222c                CUSBGamePadPS3Device::~CUSBGamePadPS3Device()
                0x00022258                CUSBGamePadPS3Device::SetRumbleMode(TGamePadRumbleMode)
                0x00022334                CUSBGamePadPS3Device::SetLEDMode(TGamePadLEDMode)
                0x000223c8                CUSBGamePadPS3Device::CUSBGamePadPS3Device(CUSBFunction*)
                0x000223c8                CUSBGamePadPS3Device::CUSBGamePadPS3Device(CUSBFunction*)
                0x00022418                CUSBGamePadPS3Device::PS3Enable()
                0x000224d0                CUSBGamePadPS3Device::Configure()
                0x000225ec                CUSBGamePadPS3Device::DecodeReport(unsigned char const*)
 .text._ZN17CUSBGamePadDevice10SetLEDModeEjhh
                0x00022764        0x8 ../../lib/usb/libusb.a(usbgamepadps3.o)
                0x00022764                CUSBGamePadDevice::SetLEDMode(unsigned int, unsigned char, unsigned char)
 .text._ZN20CUSBGamePadPS3Device13GetPropertiesEv
                0x0002276c        0x8 ../../lib/usb/libusb.a(usbgamepadps3.o)
                0x0002276c                CUSBGamePadPS3Device::GetProperties()
 .text          0x00022774      0xa2c ../../lib/usb/libusb.a(usbgamepadps4.o)
                0x00022774                CUSBGamePadPS4Device::DecodeReport(unsigned char const*)
                0x00022924                CUSBGamePadPS4Device::~CUSBGamePadPS4Device()
                0x00022924                CUSBGamePadPS4Device::~CUSBGamePadPS4Device()
                0x00022970                CUSBGamePadPS4Device::~CUSBGamePadPS4Device()
                0x000229c8                CUSBGamePadPS4Device::SetLEDMode(unsigned int, unsigned char, unsigned char)
                0x00022a98                CUSBGamePadPS4Device::SetRumbleMode(TGamePadRumbleMode)
                0x00022b8c                CUSBGamePadPS4Device::SetLEDMode(TGamePadLEDMode)
                0x00022d30                CUSBGamePadPS4Device::CUSBGamePadPS4Device(CUSBFunction*)
                0x00022d30                CUSBGamePadPS4Device::CUSBGamePadPS4Device(CUSBFunction*)
                0x00022d7c                CUSBGamePadPS4Device::HandleTouchpad(unsigned char const*)
                0x00022f2c                CUSBGamePadPS4Device::ReportHandler(unsigned char const*, unsigned int)
                0x00022f94                CUSBGamePadPS4Device::SendLedRumbleCommand()
                0x0002303c                CUSBGamePadPS4Device::DisableTouchpad()
                0x00023050                CUSBGamePadPS4Device::Configure()
 .text._ZN20CUSBGamePadPS4Device13GetPropertiesEv
                0x000231a0        0x8 ../../lib/usb/libusb.a(usbgamepadps4.o)
                0x000231a0                CUSBGamePadPS4Device::GetProperties()
 .text          0x000231a8      0x82c ../../lib/usb/libusb.a(usbgamepadstandard.o)
                0x000231a8                CUSBGamePadStandardDevice::~CUSBGamePadStandardDevice()
                0x000231a8                CUSBGamePadStandardDevice::~CUSBGamePadStandardDevice()
                0x000231e4                CUSBGamePadStandardDevice::~CUSBGamePadStandardDevice()
                0x0002322c                CUSBGamePadStandardDevice::CUSBGamePadStandardDevice(CUSBFunction*, bool)
                0x0002322c                CUSBGamePadStandardDevice::CUSBGamePadStandardDevice(CUSBFunction*, bool)
                0x00023264                CUSBGamePadStandardDevice::BitGetUnsigned(void const*, unsigned int, unsigned int)
                0x000232f8                CUSBGamePadStandardDevice::BitGetSigned(void const*, unsigned int, unsigned int)
                0x000233b4                CUSBGamePadStandardDevice::DecodeReport(unsigned char const*)
                0x0002384c                CUSBGamePadStandardDevice::Configure()
 .text._ZN17CUSBGamePadDevice13GetPropertiesEv
                0x000239d4        0x8 ../../lib/usb/libusb.a(usbgamepadstandard.o)
                0x000239d4                CUSBGamePadDevice::GetProperties()
 .text._ZN17CUSBGamePadDevice10SetLEDModeE15TGamePadLEDMode
                0x000239dc        0x8 ../../lib/usb/libusb.a(usbgamepadstandard.o)
                0x000239dc                CUSBGamePadDevice::SetLEDMode(TGamePadLEDMode)
 .text._ZN17CUSBGamePadDevice13SetRumbleModeE18TGamePadRumbleMode
                0x000239e4        0x8 ../../lib/usb/libusb.a(usbgamepadstandard.o)
                0x000239e4                CUSBGamePadDevice::SetRumbleMode(TGamePadRumbleMode)
 .text          0x000239ec      0x724 ../../lib/usb/libusb.a(usbgamepadswitchpro.o)
                0x000239ec                CUSBGamePadSwitchProDevice::~CUSBGamePadSwitchProDevice()
                0x000239ec                CUSBGamePadSwitchProDevice::~CUSBGamePadSwitchProDevice()
                0x00023a0c                CUSBGamePadSwitchProDevice::~CUSBGamePadSwitchProDevice()
                0x00023a38                CUSBGamePadSwitchProDevice::SetRumbleMode(TGamePadRumbleMode)
                0x00023b30                CUSBGamePadSwitchProDevice::DecodeReport(unsigned char const*)
                0x00023d2c                CUSBGamePadSwitchProDevice::SetLEDMode(TGamePadLEDMode)
                0x00023dd8                CUSBGamePadSwitchProDevice::CUSBGamePadSwitchProDevice(CUSBFunction*)
                0x00023dd8                CUSBGamePadSwitchProDevice::CUSBGamePadSwitchProDevice(CUSBFunction*)
                0x00023e1c                CUSBGamePadSwitchProDevice::Configure()
 .text._ZN26CUSBGamePadSwitchProDevice13GetPropertiesEv
                0x00024110        0x8 ../../lib/usb/libusb.a(usbgamepadswitchpro.o)
                0x00024110                CUSBGamePadSwitchProDevice::GetProperties()
 .text          0x00024118      0x408 ../../lib/usb/libusb.a(usbgamepadxbox360.o)
                0x00024118                CUSBGamePadXbox360Device::~CUSBGamePadXbox360Device()
                0x00024118                CUSBGamePadXbox360Device::~CUSBGamePadXbox360Device()
                0x00024138                CUSBGamePadXbox360Device::~CUSBGamePadXbox360Device()
                0x00024164                CUSBGamePadXbox360Device::DecodeReport(unsigned char const*)
                0x00024280                CUSBGamePadXbox360Device::ReportHandler(unsigned char const*, unsigned int)
                0x000242ec                CUSBGamePadXbox360Device::SetLEDMode(TGamePadLEDMode)
                0x00024348                CUSBGamePadXbox360Device::SetRumbleMode(TGamePadRumbleMode)
                0x000243dc                CUSBGamePadXbox360Device::CUSBGamePadXbox360Device(CUSBFunction*)
                0x000243dc                CUSBGamePadXbox360Device::CUSBGamePadXbox360Device(CUSBFunction*)
                0x000243fc                CUSBGamePadXbox360Device::Configure()
 .text._ZN24CUSBGamePadXbox360Device13GetPropertiesEv
                0x00024520        0x8 ../../lib/usb/libusb.a(usbgamepadxbox360.o)
                0x00024520                CUSBGamePadXbox360Device::GetProperties()
 .text          0x00024528      0x4f0 ../../lib/usb/libusb.a(usbgamepadxboxone.o)
                0x00024528                CUSBGamePadXboxOneDevice::DecodeReport(unsigned char const*)
                0x000246d0                CUSBGamePadXboxOneDevice::~CUSBGamePadXboxOneDevice()
                0x000246d0                CUSBGamePadXboxOneDevice::~CUSBGamePadXboxOneDevice()
                0x000246f0                CUSBGamePadXboxOneDevice::~CUSBGamePadXboxOneDevice()
                0x0002471c                CUSBGamePadXboxOneDevice::ReportHandler(unsigned char const*, unsigned int)
                0x00024824                CUSBGamePadXboxOneDevice::SetRumbleMode(TGamePadRumbleMode)
                0x000248e0                CUSBGamePadXboxOneDevice::CUSBGamePadXboxOneDevice(CUSBFunction*)
                0x000248e0                CUSBGamePadXboxOneDevice::CUSBGamePadXboxOneDevice(CUSBFunction*)
                0x00024908                CUSBGamePadXboxOneDevice::Configure()
 .text._ZN24CUSBGamePadXboxOneDevice13GetPropertiesEv
                0x00024a18        0x8 ../../lib/usb/libusb.a(usbgamepadxboxone.o)
                0x00024a18                CUSBGamePadXboxOneDevice::GetProperties()
 .text          0x00024a20      0x7c8 ../../lib/usb/libusb.a(usbhiddevice.o)
                0x00024a20                CUSBHIDDevice::SendCompletionRoutine(CUSBRequest*, void*, void*)
                0x00024ab0                CUSBHIDDevice::CUSBHIDDevice(CUSBFunction*, unsigned int)
                0x00024ab0                CUSBHIDDevice::CUSBHIDDevice(CUSBFunction*, unsigned int)
                0x00024b04                CUSBHIDDevice::~CUSBHIDDevice()
                0x00024b04                CUSBHIDDevice::~CUSBHIDDevice()
                0x00024b90                CUSBHIDDevice::~CUSBHIDDevice()
                0x00024bb0                CUSBHIDDevice::ConfigureHID(unsigned int)
                0x00024df8                CUSBHIDDevice::SendToEndpointOut(void const*, unsigned int, unsigned int)
                0x00024e88                CUSBHIDDevice::SendToEndpointOutAsync(void const*, unsigned int, unsigned int)
                0x00024f68                CUSBHIDDevice::ReceiveFromEndpointIn(void*, unsigned int, unsigned int)
                0x00024ffc                CUSBHIDDevice::StartRequest()
                0x000250cc                CUSBHIDDevice::CompletionRoutine(CUSBRequest*)
                0x000251b8                CUSBHIDDevice::CompletionStub(CUSBRequest*, void*, void*)
 .text          0x000251e8      0x4c8 ../../lib/usb/libusb.a(usbkeyboard.o)
                0x000251ec                CUSBKeyboardDevice::~CUSBKeyboardDevice()
                0x000251ec                CUSBKeyboardDevice::~CUSBKeyboardDevice()
                0x00025254                CUSBKeyboardDevice::~CUSBKeyboardDevice()
                0x00025278                CUSBKeyboardDevice::ReportHandler(unsigned char const*, unsigned int)
                0x000253f4                CUSBKeyboardDevice::CUSBKeyboardDevice(CUSBFunction*)
                0x000253f4                CUSBKeyboardDevice::CUSBKeyboardDevice(CUSBFunction*)
                0x00025448                CUSBKeyboardDevice::RegisterKeyPressedHandler(void (*)(char const*))
                0x00025450                CUSBKeyboardDevice::RegisterSelectConsoleHandler(void (*)(unsigned int))
                0x00025458                CUSBKeyboardDevice::RegisterShutdownHandler(void (*)())
                0x00025460                CUSBKeyboardDevice::GetLEDStatus() const
                0x00025488                CUSBKeyboardDevice::RegisterKeyStatusHandlerRaw(void (*)(unsigned char, unsigned char const*, void*), bool, void*)
                0x000254bc                CUSBKeyboardDevice::RegisterKeyStatusHandlerRaw(void (*)(unsigned char, unsigned char const*), bool)
                0x000254d4                CUSBKeyboardDevice::UnregisterKeyStatusHandlerRaw()
                0x000254e4                CUSBKeyboardDevice::SetLEDs(unsigned char)
                0x00025570                CUSBKeyboardDevice::Configure()
                0x00025608                CUSBKeyboardDevice::UpdateLEDs()
                0x00025684                CUSBKeyboardDevice::FindByte(unsigned char const*, unsigned char, unsigned int)
 .text.startup  0x000256b0       0x38 ../../lib/usb/libusb.a(usbkeyboard.o)
 .text          0x000256e8      0xe20 ../../lib/usb/libusb.a(usbmassdevice.o)
                0x000256e8                CUSBBulkOnlyMassStorageDevice::Seek(unsigned long long)
                0x000256fc                CUSBBulkOnlyMassStorageDevice::~CUSBBulkOnlyMassStorageDevice()
                0x000256fc                CUSBBulkOnlyMassStorageDevice::~CUSBBulkOnlyMassStorageDevice()
                0x000257d4                CUSBBulkOnlyMassStorageDevice::~CUSBBulkOnlyMassStorageDevice()
                0x000257f4                CUSBBulkOnlyMassStorageDevice::GetSize() const
                0x00025840                CUSBBulkOnlyMassStorageDevice::CUSBBulkOnlyMassStorageDevice(CUSBFunction*)
                0x00025840                CUSBBulkOnlyMassStorageDevice::CUSBBulkOnlyMassStorageDevice(CUSBFunction*)
                0x00025888                CUSBBulkOnlyMassStorageDevice::GetCapacity() const
                0x00025890                CUSBBulkOnlyMassStorageDevice::Command(void*, unsigned int, void*, unsigned int, bool)
                0x00025c8c                CUSBBulkOnlyMassStorageDevice::TryRead(void*, unsigned int)
                0x00025d74                CUSBBulkOnlyMassStorageDevice::TryWrite(void const*, unsigned int)
                0x00025e5c                CUSBBulkOnlyMassStorageDevice::Reset()
                0x00025fdc                CUSBBulkOnlyMassStorageDevice::Read(void*, unsigned int)
                0x00026044                CUSBBulkOnlyMassStorageDevice::Write(void const*, unsigned int)
                0x000260ac                CUSBBulkOnlyMassStorageDevice::Configure()
 .text.startup  0x00026508       0x38 ../../lib/usb/libusb.a(usbmassdevice.o)
 .text          0x00026540      0x7b8 ../../lib/usb/libusb.a(usbmidihost.o)
                0x00026540                CUSBMIDIHostDevice::~CUSBMIDIHostDevice()
                0x00026540                CUSBMIDIHostDevice::~CUSBMIDIHostDevice()
                0x00026610                CUSBMIDIHostDevice::~CUSBMIDIHostDevice()
                0x00026630                CUSBMIDIHostDevice::SendEventsHandler(unsigned char const*, unsigned int, void*)
                0x0002671c                CUSBMIDIHostDevice::CUSBMIDIHostDevice(CUSBFunction*)
                0x0002671c                CUSBMIDIHostDevice::CUSBMIDIHostDevice(CUSBFunction*)
                0x00026754                CUSBMIDIHostDevice::StartRequest()
                0x0002682c                CUSBMIDIHostDevice::TimerStub(unsigned int, void*, void*)
                0x00026888                CUSBMIDIHostDevice::CompletionRoutine(CUSBRequest*)
                0x00026a54                CUSBMIDIHostDevice::CompletionStub(CUSBRequest*, void*, void*)
                0x00026a84                CUSBMIDIHostDevice::TimerHandler(unsigned int)
                0x00026ab8                CUSBMIDIHostDevice::Configure()
 .text          0x00026cf8      0x740 ../../lib/usb/libusb.a(usbmouse.o)
                0x00026cf8                CUSBMouseDevice::~CUSBMouseDevice()
                0x00026cf8                CUSBMouseDevice::~CUSBMouseDevice()
                0x00026d54                CUSBMouseDevice::~CUSBMouseDevice()
                0x00026d74                CUSBMouseDevice::CUSBMouseDevice(CUSBFunction*)
                0x00026d74                CUSBMouseDevice::CUSBMouseDevice(CUSBFunction*)
                0x00026da4                CUSBMouseDevice::ExtractUnsigned(void const*, unsigned int, unsigned int)
                0x00026e30                CUSBMouseDevice::ExtractSigned(void const*, unsigned int, unsigned int)
                0x00026ee4                CUSBMouseDevice::ReportHandler(unsigned char const*, unsigned int)
                0x00026fd0                CUSBMouseDevice::DecodeReport()
                0x000272e8                CUSBMouseDevice::Configure()
 .text          0x00027438      0x36c ../../lib/usb/libusb.a(usbprinter.o)
                0x00027438                CUSBPrinterDevice::~CUSBPrinterDevice()
                0x00027438                CUSBPrinterDevice::~CUSBPrinterDevice()
                0x000274e0                CUSBPrinterDevice::~CUSBPrinterDevice()
                0x00027500                CUSBPrinterDevice::Write(void const*, unsigned int)
                0x00027598                CUSBPrinterDevice::CUSBPrinterDevice(CUSBFunction*)
                0x00027598                CUSBPrinterDevice::CUSBPrinterDevice(CUSBFunction*)
                0x000275cc                CUSBPrinterDevice::Configure()
 .text.startup  0x000277a4       0x38 ../../lib/usb/libusb.a(usbprinter.o)
 .text          0x000277dc      0x548 ../../lib/usb/libusb.a(usbstring.o)
                0x000277dc                CUSBString::CUSBString(CUSBDevice*)
                0x000277dc                CUSBString::CUSBString(CUSBDevice*)
                0x0002782c                CUSBString::CUSBString(CUSBString*)
                0x0002782c                CUSBString::CUSBString(CUSBString*)
                0x000278e8                CUSBString::~CUSBString()
                0x000278e8                CUSBString::~CUSBString()
                0x00027928                CUSBString::GetFromDescriptor(unsigned char, unsigned short)
                0x00027b74                CUSBString::Get() const
                0x00027b7c                CUSBString::GetLanguageID()
 .text          0x00027d24      0x560 ../../lib/usb/libusb.a(usbserialch341.o)
                0x00027d24                CUSBSerialCH341Device::~CUSBSerialCH341Device()
                0x00027d24                CUSBSerialCH341Device::~CUSBSerialCH341Device()
                0x00027d44                CUSBSerialCH341Device::~CUSBSerialCH341Device()
                0x00027d70                CUSBSerialCH341Device::SetBaudRate(unsigned int)
                0x00027e88                CUSBSerialCH341Device::CUSBSerialCH341Device(CUSBFunction*)
                0x00027e88                CUSBSerialCH341Device::CUSBSerialCH341Device(CUSBFunction*)
                0x00027eac                CUSBSerialCH341Device::GetDeviceIDTable()
                0x00027eb8                CUSBSerialCH341Device::Configure()
                0x00028040                CUSBSerialCH341Device::SetLineProperties(TUSBSerialDataBits, TUSBSerialParity, TUSBSerialStopBits)
 .text          0x00028284      0x5f4 ../../lib/usb/libusb.a(usbserialcp210x.o)
                0x00028284                CUSBSerialCP210xDevice::~CUSBSerialCP210xDevice()
                0x00028284                CUSBSerialCP210xDevice::~CUSBSerialCP210xDevice()
                0x000282a4                CUSBSerialCP210xDevice::~CUSBSerialCP210xDevice()
                0x000282d0                CUSBSerialCP210xDevice::SetBaudRate(unsigned int)
                0x000283f0                CUSBSerialCP210xDevice::CUSBSerialCP210xDevice(CUSBFunction*)
                0x000283f0                CUSBSerialCP210xDevice::CUSBSerialCP210xDevice(CUSBFunction*)
                0x0002841c                CUSBSerialCP210xDevice::GetDeviceIDTable()
                0x00028428                CUSBSerialCP210xDevice::Configure()
                0x0002861c                CUSBSerialCP210xDevice::SetLineProperties(TUSBSerialDataBits, TUSBSerialParity, TUSBSerialStopBits)
 .text          0x00028878      0x960 ../../lib/usb/libusb.a(usbserialpl2303.o)
                0x00028878                CUSBSerialPL2303Device::~CUSBSerialPL2303Device()
                0x00028878                CUSBSerialPL2303Device::~CUSBSerialPL2303Device()
                0x00028898                CUSBSerialPL2303Device::~CUSBSerialPL2303Device()
                0x000288c4                CUSBSerialPL2303Device::SetBaudRate(unsigned int)
                0x000289e8                CUSBSerialPL2303Device::CUSBSerialPL2303Device(CUSBFunction*)
                0x000289e8                CUSBSerialPL2303Device::CUSBSerialPL2303Device(CUSBFunction*)
                0x00028a0c                CUSBSerialPL2303Device::GetDeviceIDTable()
                0x00028a18                CUSBSerialPL2303Device::Configure()
                0x00028f60                CUSBSerialPL2303Device::SetLineProperties(TUSBSerialDataBits, TUSBSerialParity, TUSBSerialStopBits)
 .text          0x000291d8      0x5e0 ../../lib/usb/libusb.a(usbserialft231x.o)
                0x000291d8                CUSBSerialFT231XDevice::~CUSBSerialFT231XDevice()
                0x000291d8                CUSBSerialFT231XDevice::~CUSBSerialFT231XDevice()
                0x000291f8                CUSBSerialFT231XDevice::~CUSBSerialFT231XDevice()
                0x00029224                CUSBSerialFT231XDevice::SetBaudRate(unsigned int)
                0x0002935c                CUSBSerialFT231XDevice::CUSBSerialFT231XDevice(CUSBFunction*)
                0x0002935c                CUSBSerialFT231XDevice::CUSBSerialFT231XDevice(CUSBFunction*)
                0x00029380                CUSBSerialFT231XDevice::GetDeviceIDTable()
                0x0002938c                CUSBSerialFT231XDevice::Configure()
                0x000295a8                CUSBSerialFT231XDevice::SetLineProperties(TUSBSerialDataBits, TUSBSerialParity, TUSBSerialStopBits)
 .text          0x000297b8      0x200 ../../lib/usb/libusb.a(usbserialcdc.o)
                0x000297b8                CUSBSerialCDCDevice::~CUSBSerialCDCDevice()
                0x000297b8                CUSBSerialCDCDevice::~CUSBSerialCDCDevice()
                0x000297d8                CUSBSerialCDCDevice::~CUSBSerialCDCDevice()
                0x00029804                CUSBSerialCDCDevice::CUSBSerialCDCDevice(CUSBFunction*)
                0x00029804                CUSBSerialCDCDevice::CUSBSerialCDCDevice(CUSBFunction*)
                0x00029854                CUSBSerialCDCDevice::SetLineCoding()
                0x00029940                CUSBSerialCDCDevice::SetBaudRate(unsigned int)
                0x00029948                CUSBSerialCDCDevice::SetLineProperties(TUSBSerialDataBits, TUSBSerialParity, TUSBSerialStopBits)
                0x00029958                CUSBSerialCDCDevice::Configure()
 .text          0x000299b8      0x96c ../../lib/usb/libusb.a(usbtouchscreen.o)
                0x000299b8                CUSBTouchScreenDevice::~CUSBTouchScreenDevice()
                0x000299b8                CUSBTouchScreenDevice::~CUSBTouchScreenDevice()
                0x000299fc                CUSBTouchScreenDevice::~CUSBTouchScreenDevice()
                0x00029a4c                CUSBTouchScreenDevice::CUSBTouchScreenDevice(CUSBFunction*)
                0x00029a4c                CUSBTouchScreenDevice::CUSBTouchScreenDevice(CUSBFunction*)
                0x00029aa4                CUSBTouchScreenDevice::DecodeReportDescriptor(unsigned char const*, unsigned int)
                0x00029e04                CUSBTouchScreenDevice::Configure()
                0x00029f98                CUSBTouchScreenDevice::GetValue(void const*, CUSBTouchScreenDevice::TReportItem const&, unsigned int)
                0x0002a034                CUSBTouchScreenDevice::ReportHandler(unsigned char const*, unsigned int)
 .text          0x0002a324      0x2b8 ../../lib/usb/libusb.a(dwhciregister.o)
                0x0002a324                CDWHCIRegister::CDWHCIRegister(unsigned int)
                0x0002a324                CDWHCIRegister::CDWHCIRegister(unsigned int)
                0x0002a334                CDWHCIRegister::CDWHCIRegister(unsigned int, unsigned int)
                0x0002a334                CDWHCIRegister::CDWHCIRegister(unsigned int, unsigned int)
                0x0002a344                CDWHCIRegister::~CDWHCIRegister()
                0x0002a344                CDWHCIRegister::~CDWHCIRegister()
                0x0002a348                CDWHCIRegister::Read()
                0x0002a364                CDWHCIRegister::Write()
                0x0002a39c                CDWHCIRegister::Get() const
                0x0002a3cc                CDWHCIRegister::Set(unsigned int)
                0x0002a3dc                CDWHCIRegister::IsSet(unsigned int) const
                0x0002a418                CDWHCIRegister::And(unsigned int)
                0x0002a450                CDWHCIRegister::Or(unsigned int)
                0x0002a488                CDWHCIRegister::ClearBit(unsigned int)
                0x0002a4e0                CDWHCIRegister::SetBit(unsigned int)
                0x0002a538                CDWHCIRegister::ClearAll()
                0x0002a54c                CDWHCIRegister::SetAll()
                0x0002a560                CDWHCIRegister::Dump() const
 .text          0x0002a5dc      0xeb8 ../../lib/usb/libusb.a(lan7800.o)
                0x0002a5dc                CLAN7800Device::GetMACAddress() const
                0x0002a5e4                CLAN7800Device::~CLAN7800Device()
                0x0002a5e4                CLAN7800Device::~CLAN7800Device()
                0x0002a668                non-virtual thunk to CLAN7800Device::~CLAN7800Device()
                0x0002a670                CLAN7800Device::~CLAN7800Device()
                0x0002a690                CLAN7800Device::ReceiveFrame(void*, unsigned int*)
                0x0002a7f8                non-virtual thunk to CLAN7800Device::ReceiveFrame(void*, unsigned int*)
                0x0002a888                CLAN7800Device::SendFrame(void const*, unsigned int)
                0x0002a8c4                non-virtual thunk to CLAN7800Device::GetMACAddress() const
                0x0002a8cc                non-virtual thunk to CLAN7800Device::~CLAN7800Device()
                0x0002a8f0                non-virtual thunk to CLAN7800Device::SendFrame(void const*, unsigned int)
                0x0002a930                CLAN7800Device::CLAN7800Device(CUSBFunction*)
                0x0002a930                CLAN7800Device::CLAN7800Device(CUSBFunction*)
                0x0002a970                CLAN7800Device::WriteReg(unsigned int, unsigned int)
                0x0002aa08                CLAN7800Device::ReadReg(unsigned int, unsigned int*)
                0x0002aa9c                CLAN7800Device::WaitReg(unsigned int, unsigned int, unsigned int, unsigned int, unsigned int)
                0x0002ab4c                CLAN7800Device::PHYWrite(unsigned char, unsigned short)
                0x0002ac0c                CLAN7800Device::PHYRead(unsigned char, unsigned short*)
                0x0002acf4                CLAN7800Device::IsLinkUp()
                0x0002ad20                CLAN7800Device::GetLinkSpeed()
                0x0002adf0                non-virtual thunk to CLAN7800Device::GetLinkSpeed()
                0x0002adf8                CLAN7800Device::InitPHY()
                0x0002ae5c                non-virtual thunk to CLAN7800Device::IsLinkUp()
                0x0002ae8c                CLAN7800Device::ReadWriteReg(unsigned int, unsigned int, unsigned int)
                0x0002aed8                CLAN7800Device::InitMACAddress()
                0x0002b000                CLAN7800Device::Configure()
 .text._ZN10CNetDevice7GetTypeEv
                0x0002b494        0x8 ../../lib/usb/libusb.a(lan7800.o)
                0x0002b494                CNetDevice::GetType()
 .text._ZN10CNetDevice20IsSendFrameAdvisableEv
                0x0002b49c        0x8 ../../lib/usb/libusb.a(lan7800.o)
                0x0002b49c                CNetDevice::IsSendFrameAdvisable()
 .text._ZN10CNetDevice9UpdatePHYEv
                0x0002b4a4        0x8 ../../lib/usb/libusb.a(lan7800.o)
                0x0002b4a4                CNetDevice::UpdatePHY()
 .text          0x0002b4ac     0x11dc ../../lib/usb/libusb.a(smsc951x.o)
                0x0002b4ac                CSMSC951xDevice::GetMACAddress() const
                0x0002b4b4                CSMSC951xDevice::~CSMSC951xDevice()
                0x0002b4b4                CSMSC951xDevice::~CSMSC951xDevice()
                0x0002b538                non-virtual thunk to CSMSC951xDevice::~CSMSC951xDevice()
                0x0002b540                CSMSC951xDevice::~CSMSC951xDevice()
                0x0002b560                CSMSC951xDevice::ReceiveFrame(void*, unsigned int*)
                0x0002b6d8                non-virtual thunk to CSMSC951xDevice::ReceiveFrame(void*, unsigned int*)
                0x0002b760                CSMSC951xDevice::SendFrame(void const*, unsigned int)
                0x0002b79c                non-virtual thunk to CSMSC951xDevice::GetMACAddress() const
                0x0002b7a4                non-virtual thunk to CSMSC951xDevice::~CSMSC951xDevice()
                0x0002b7c8                non-virtual thunk to CSMSC951xDevice::SendFrame(void const*, unsigned int)
                0x0002b808                CSMSC951xDevice::CSMSC951xDevice(CUSBFunction*)
                0x0002b808                CSMSC951xDevice::CSMSC951xDevice(CUSBFunction*)
                0x0002b848                CSMSC951xDevice::PHYWaitNotBusy()
                0x0002b910                CSMSC951xDevice::PHYWrite(unsigned char, unsigned short)
                0x0002ba1c                CSMSC951xDevice::PHYRead(unsigned char, unsigned short*)
                0x0002bb54                CSMSC951xDevice::IsLinkUp()
                0x0002bc44                non-virtual thunk to CSMSC951xDevice::IsLinkUp()
                0x0002bd38                CSMSC951xDevice::GetLinkSpeed()
                0x0002be7c                non-virtual thunk to CSMSC951xDevice::GetLinkSpeed()
                0x0002bfc4                CSMSC951xDevice::WriteReg(unsigned int, unsigned int)
                0x0002c02c                CSMSC951xDevice::ReadReg(unsigned int, unsigned int*)
                0x0002c090                CSMSC951xDevice::DumpReg(char const*, unsigned int)
                0x0002c148                CSMSC951xDevice::DumpRegs()
                0x0002c2e0                CSMSC951xDevice::Configure()
 .text          0x0002c688      0x5c4 ../../lib/usb/libusb.a(usbbluetooth.o)
                0x0002c688                CUSBBluetoothDevice::~CUSBBluetoothDevice()
                0x0002c688                CUSBBluetoothDevice::~CUSBBluetoothDevice()
                0x0002c778                CUSBBluetoothDevice::~CUSBBluetoothDevice()
                0x0002c798                CUSBBluetoothDevice::CUSBBluetoothDevice(CUSBFunction*)
                0x0002c798                CUSBBluetoothDevice::CUSBBluetoothDevice(CUSBFunction*)
                0x0002c7d4                CUSBBluetoothDevice::SendHCICommand(void const*, unsigned int)
                0x0002c82c                CUSBBluetoothDevice::StartRequest()
                0x0002c8f0                CUSBBluetoothDevice::RegisterHCIEventHandler(void (*)(void const*, unsigned int))
                0x0002c91c                CUSBBluetoothDevice::CompletionRoutine(CUSBRequest*)
                0x0002ca1c                CUSBBluetoothDevice::CompletionStub(CUSBRequest*, void*, void*)
                0x0002ca4c                CUSBBluetoothDevice::Configure()
 .text.startup  0x0002cc4c       0x38 ../../lib/usb/libusb.a(usbbluetooth.o)
 .text          0x0002cc84      0x5d0 ../../lib/usb/libusb.a(usbcdcethernet.o)
                0x0002cc84                CUSBCDCEthernetDevice::GetMACAddress() const
                0x0002cc8c                CUSBCDCEthernetDevice::~CUSBCDCEthernetDevice()
                0x0002cc8c                CUSBCDCEthernetDevice::~CUSBCDCEthernetDevice()
                0x0002cd10                non-virtual thunk to CUSBCDCEthernetDevice::~CUSBCDCEthernetDevice()
                0x0002cd18                CUSBCDCEthernetDevice::~CUSBCDCEthernetDevice()
                0x0002cd38                CUSBCDCEthernetDevice::SendFrame(void const*, unsigned int)
                0x0002cdd4                non-virtual thunk to CUSBCDCEthernetDevice::SendFrame(void const*, unsigned int)
                0x0002cddc                CUSBCDCEthernetDevice::ReceiveFrame(void*, unsigned int*)
                0x0002cebc                non-virtual thunk to CUSBCDCEthernetDevice::ReceiveFrame(void*, unsigned int*)
                0x0002cec4                non-virtual thunk to CUSBCDCEthernetDevice::GetMACAddress() const
                0x0002cecc                non-virtual thunk to CUSBCDCEthernetDevice::~CUSBCDCEthernetDevice()
                0x0002cef0                CUSBCDCEthernetDevice::CUSBCDCEthernetDevice(CUSBFunction*)
                0x0002cef0                CUSBCDCEthernetDevice::CUSBCDCEthernetDevice(CUSBFunction*)
                0x0002cf30                CUSBCDCEthernetDevice::InitMACAddress(unsigned char)
                0x0002d030                CUSBCDCEthernetDevice::Configure()
 .text._ZN10CNetDevice8IsLinkUpEv
                0x0002d254        0x8 ../../lib/usb/libusb.a(usbcdcethernet.o)
                0x0002d254                CNetDevice::IsLinkUp()
 .text._ZN10CNetDevice12GetLinkSpeedEv
                0x0002d25c        0x8 ../../lib/usb/libusb.a(usbcdcethernet.o)
                0x0002d25c                CNetDevice::GetLinkSpeed()
 .text          0x0002d264      0x32c ../../lib/usb/libusb.a(usbconfigparser.o)
                0x0002d264                CUSBConfigurationParser::CUSBConfigurationParser(void const*, unsigned int)
                0x0002d264                CUSBConfigurationParser::CUSBConfigurationParser(void const*, unsigned int)
                0x0002d3cc                CUSBConfigurationParser::CUSBConfigurationParser(CUSBConfigurationParser*)
                0x0002d3cc                CUSBConfigurationParser::CUSBConfigurationParser(CUSBConfigurationParser*)
                0x0002d42c                CUSBConfigurationParser::~CUSBConfigurationParser()
                0x0002d42c                CUSBConfigurationParser::~CUSBConfigurationParser()
                0x0002d430                CUSBConfigurationParser::IsValid() const
                0x0002d438                CUSBConfigurationParser::GetDescriptor(unsigned char)
                0x0002d4e0                CUSBConfigurationParser::GetCurrentDescriptor()
                0x0002d528                CUSBConfigurationParser::Error(char const*) const
 .text          0x0002d590      0x230 ../../lib/usb/libusb.a(usbgamepad.o)
                0x0002d590                CUSBGamePadDevice::GetInitialState()
                0x0002d598                CUSBGamePadDevice::Configure()
                0x0002d660                CUSBGamePadDevice::ReportHandler(unsigned char const*, unsigned int)
                0x0002d6b4                CUSBGamePadDevice::RegisterStatusHandler(void (*)(unsigned int, TGamePadState const*))
                0x0002d6fc                CUSBGamePadDevice::CUSBGamePadDevice(CUSBFunction*)
                0x0002d6fc                CUSBGamePadDevice::CUSBGamePadDevice(CUSBFunction*)
                0x0002d740                CUSBGamePadDevice::~CUSBGamePadDevice()
                0x0002d740                CUSBGamePadDevice::~CUSBGamePadDevice()
                0x0002d7a0                CUSBGamePadDevice::~CUSBGamePadDevice()
 .text.startup  0x0002d7c0       0x38 ../../lib/usb/libusb.a(usbgamepad.o)
 .text          0x0002d7f8      0x688 ../../lib/usb/libusb.a(usbmidi.o)
                0x0002d7f8                CUSBMIDIDevice::~CUSBMIDIDevice()
                0x0002d7f8                CUSBMIDIDevice::~CUSBMIDIDevice()
                0x0002d874                CUSBMIDIDevice::~CUSBMIDIDevice()
                0x0002d8cc                CUSBMIDIDevice::CUSBMIDIDevice()
                0x0002d8cc                CUSBMIDIDevice::CUSBMIDIDevice()
                0x0002d938                CUSBMIDIDevice::RegisterPacketHandler(void (*)(unsigned int, unsigned char*, unsigned int))
                0x0002d990                CUSBMIDIDevice::RegisterPacketHandler(void (*)(unsigned int, unsigned char*, unsigned int, unsigned int, void*), void*)
                0x0002d9dc                CUSBMIDIDevice::SendEventPackets(unsigned char const*, unsigned int)
                0x0002da10                CUSBMIDIDevice::SendPlainMIDI(unsigned int, unsigned char const*, unsigned int)
                0x0002dd64                CUSBMIDIDevice::SetAllSoundOffOnUSBError(bool)
                0x0002dd6c                CUSBMIDIDevice::CallPacketHandler(unsigned char*, unsigned int)
                0x0002de24                CUSBMIDIDevice::RegisterSendEventsHandler(bool (*)(unsigned char const*, unsigned int, void*), void*)
                0x0002de78                CUSBMIDIDevice::GetAllSoundOffOnUSBError() const
 .text.startup  0x0002de80       0x38 ../../lib/usb/libusb.a(usbmidi.o)
 .text          0x0002deb8      0x738 ../../lib/usb/libusb.a(usbserial.o)
                0x0002deb8                CUSBSerialDevice::SetBaudRate(unsigned int)
                0x0002dec0                CUSBSerialDevice::SetLineProperties(TUSBSerialDataBits, TUSBSerialParity, TUSBSerialStopBits)
                0x0002dec8                CUSBSerialDevice::~CUSBSerialDevice()
                0x0002dec8                CUSBSerialDevice::~CUSBSerialDevice()
                0x0002df8c                CUSBSerialDevice::~CUSBSerialDevice()
                0x0002dfac                CUSBSerialDevice::Write(void const*, unsigned int)
                0x0002e0d0                CUSBSerialDevice::Read(void*, unsigned int)
                0x0002e2d8                CUSBSerialDevice::CUSBSerialDevice(CUSBFunction*, unsigned int)
                0x0002e2d8                CUSBSerialDevice::CUSBSerialDevice(CUSBFunction*, unsigned int)
                0x0002e33c                CUSBSerialDevice::CompletionRoutine(CUSBRequest*)
                0x0002e43c                CUSBSerialDevice::CompletionStub(CUSBRequest*, void*, void*)
                0x0002e46c                CUSBSerialDevice::Configure()
 .text.startup  0x0002e5f0       0x38 ../../lib/usb/libusb.a(usbserial.o)
 .text          0x0002e628      0x384 ../../lib/input/libinput.a(keyboardbehaviour.o)
                0x0002e628                CKeyboardBehaviour::CKeyboardBehaviour()
                0x0002e628                CKeyboardBehaviour::CKeyboardBehaviour()
                0x0002e658                CKeyboardBehaviour::~CKeyboardBehaviour()
                0x0002e658                CKeyboardBehaviour::~CKeyboardBehaviour()
                0x0002e680                CKeyboardBehaviour::RegisterKeyPressedHandler(void (*)(char const*))
                0x0002e6ac                CKeyboardBehaviour::RegisterSelectConsoleHandler(void (*)(unsigned int))
                0x0002e6d8                CKeyboardBehaviour::RegisterShutdownHandler(void (*)())
                0x0002e704                CKeyboardBehaviour::GetLEDStatus() const
                0x0002e70c                CKeyboardBehaviour::GenerateKeyEvent(unsigned char)
                0x0002e7e0                CKeyboardBehaviour::TimerStub(unsigned int, void*, void*)
                0x0002e880                CKeyboardBehaviour::KeyPressed(unsigned char)
                0x0002e8c0                CKeyboardBehaviour::KeyReleased(unsigned char)
                0x0002e928                CKeyboardBehaviour::TimerHandler(unsigned int)
 .text          0x0002e9ac      0x464 ../../lib/input/libinput.a(keymap.o)
                0x0002e9ac                CKeyMap::CKeyMap()
                0x0002e9ac                CKeyMap::CKeyMap()
                0x0002eaa8                CKeyMap::~CKeyMap()
                0x0002eaa8                CKeyMap::~CKeyMap()
                0x0002eaac                CKeyMap::ClearTable(unsigned char)
                0x0002eae0                CKeyMap::SetEntry(unsigned char, unsigned char, unsigned short)
                0x0002eb34                CKeyMap::Translate(unsigned char, unsigned char)
                0x0002eca4                CKeyMap::GetString(unsigned short, unsigned char, char*) const
                0x0002ed68                CKeyMap::GetLEDStatus() const
                0x0002ed8c                CKeyMap::LookupDefaultMap(char const*)
 .text          0x0002ee10      0x240 ../../lib/input/libinput.a(mouse.o)
                0x0002ee18                CMouseDevice::~CMouseDevice()
                0x0002ee18                CMouseDevice::~CMouseDevice()
                0x0002ee78                CMouseDevice::~CMouseDevice()
                0x0002ee98                CMouseDevice::CMouseDevice(unsigned int, bool)
                0x0002ee98                CMouseDevice::CMouseDevice(unsigned int, bool)
                0x0002ef18                CMouseDevice::Setup(unsigned int, unsigned int)
                0x0002ef20                CMouseDevice::Release()
                0x0002ef28                CMouseDevice::RegisterEventHandler(void (*)(TMouseEvent, unsigned int, unsigned int, unsigned int, int))
                0x0002ef30                CMouseDevice::SetCursor(unsigned int, unsigned int)
                0x0002ef38                CMouseDevice::ShowCursor(bool)
                0x0002ef40                CMouseDevice::UpdateCursor()
                0x0002ef54                CMouseDevice::RegisterStatusHandler(void (*)(unsigned int, int, int, int, void*), void*)
                0x0002efa0                CMouseDevice::RegisterStatusHandler(void (*)(unsigned int, int, int, int))
                0x0002efdc                CMouseDevice::ReportHandler(unsigned int, int, int, int)
                0x0002f040                CMouseDevice::GetButtonCount() const
                0x0002f048                CMouseDevice::HasWheel() const
 .text.startup  0x0002f050       0x38 ../../lib/input/libinput.a(mouse.o)
 .text          0x0002f088      0x328 ../../lib/input/libinput.a(touchscreen.o)
                0x0002f088                CTouchScreenDevice::~CTouchScreenDevice()
                0x0002f088                CTouchScreenDevice::~CTouchScreenDevice()
                0x0002f0e0                CTouchScreenDevice::~CTouchScreenDevice()
                0x0002f144                CTouchScreenDevice::CTouchScreenDevice(void (*)(void*), void*)
                0x0002f144                CTouchScreenDevice::CTouchScreenDevice(void (*)(void*), void*)
                0x0002f1e0                CTouchScreenDevice::Update()
                0x0002f1f4                CTouchScreenDevice::RegisterEventHandler(void (*)(TTouchScreenEvent, unsigned int, unsigned int, unsigned int))
                0x0002f23c                CTouchScreenDevice::SetCalibration(unsigned int const*, unsigned int, unsigned int)
                0x0002f320                CTouchScreenDevice::ReportHandler(TTouchScreenEvent, unsigned int, unsigned int, unsigned int)
 .text.startup  0x0002f3b0       0x38 ../../lib/input/libinput.a(touchscreen.o)
 .text          0x0002f3e8      0x580 ../../lib/input/libinput.a(mousebehaviour.o)
                0x0002f3e8                CMouseBehaviour::CMouseBehaviour()
                0x0002f3e8                CMouseBehaviour::CMouseBehaviour()
                0x0002f40c                CMouseBehaviour::Setup(unsigned int, unsigned int)
                0x0002f52c                CMouseBehaviour::RegisterEventHandler(void (*)(TMouseEvent, unsigned int, unsigned int, unsigned int, int))
                0x0002f574                CMouseBehaviour::MouseStatusChanged(unsigned int, int, int, int)
                0x0002f72c                CMouseBehaviour::SetCursorState(unsigned int, unsigned int, bool)
                0x0002f7a4                CMouseBehaviour::~CMouseBehaviour()
                0x0002f7a4                CMouseBehaviour::~CMouseBehaviour()
                0x0002f7dc                CMouseBehaviour::Release()
                0x0002f83c                CMouseBehaviour::SetCursor(unsigned int, unsigned int)
                0x0002f8cc                CMouseBehaviour::ShowCursor(bool)
                0x0002f938                CMouseBehaviour::UpdateCursor()
 .text          0x0002f968     0x1d84 ../../addon/SDCard/libsdcard.a(emmc.o)
                0x0002f968                CEMMCDevice::Seek(unsigned long long)
                0x0002f97c                CEMMCDevice::~CEMMCDevice()
                0x0002f97c                CEMMCDevice::~CEMMCDevice()
                0x0002f9f0                CEMMCDevice::~CEMMCDevice()
                0x0002fa10                CEMMCDevice::CEMMCDevice(CInterruptSystem*, CTimer*, CActLED*)
                0x0002fa10                CEMMCDevice::CEMMCDevice(CInterruptSystem*, CTimer*, CActLED*)
                0x0002faa4                CEMMCDevice::PowerOff()
                0x0002fabc                CEMMCDevice::GetBaseClock()
                0x0002fad0                CEMMCDevice::GetClockDivider(unsigned int, unsigned int)
                0x0002fb88                CEMMCDevice::TimeoutWait(unsigned int, unsigned int, int, unsigned int)
                0x0002fc08                CEMMCDevice::usDelay(unsigned int)
                0x0002fc38                CEMMCDevice::LogWrite(TLogSeverity, char const*, ...)
                0x0002fca4                CEMMCDevice::PowerOn()
                0x0002fd2c                CEMMCDevice::SwitchClockRate(unsigned int, unsigned int)
                0x0002fe20                CEMMCDevice::ResetCmd()
                0x0002fea0                CEMMCDevice::ResetDat()
                0x0002ff20                CEMMCDevice::IssueCommandInt(unsigned int, unsigned int, int)
                0x0003026c                CEMMCDevice::HandleCardInterrupt()
                0x000302b8                CEMMCDevice::HandleInterrupts()
                0x000303a0                CEMMCDevice::IssueCommand(unsigned int, unsigned int, int)
                0x000304b8                CEMMCDevice::DoDataCommand(int, unsigned char*, unsigned int, unsigned int)
                0x00030620                CEMMCDevice::CardReset()
                0x00031114                CEMMCDevice::CardInit()
                0x000311b0                CEMMCDevice::Initialize()
                0x00031268                CEMMCDevice::EnsureDataMode()