Archive member included to satisfy reference by file (symbol)

../../lib/usb/libusb.a(usbhostcontroller.o)
                              kernel.o (CUSBHostController::UpdatePlugAndPlay())
../../lib/usb/libusb.a(usbrequest.o)
                              ../../lib/usb/libusb.a(usbhostcontroller.o) (CUSBRequest::CUSBRequest(CUSBEndpoint*, void*, unsigned int, TSetupData*))
../../lib/usb/libusb.a(usbstandardhub.o)
                              ../../lib/usb/libusb.a(usbhostcontroller.o) (CUSBStandardHub::HandlePortStatusChange())
../../lib/usb/libusb.a(dwhcidevice.o)
                              kernel.o (CDWHCIDevice::CDWHCIDevice(CInterruptSystem*, CTimer*, bool))
../../lib/usb/libusb.a(dwhciframeschednper.o)
                              ../../lib/usb/libusb.a(dwhcidevice.o) (CDWHCIFrameSchedulerNonPeriodic::InitProtectedAllocator(unsigned int, unsigned int))
../../lib/usb/libusb.a(dwhciframeschednsplit.o)
                              ../../lib/usb/libusb.a(dwhcidevice.o) (CDWHCIFrameSchedulerNoSplit::InitProtectedAllocator(unsigned int, unsigned int))
../../lib/usb/libusb.a(dwhciframeschedper.o)
                              ../../lib/usb/libusb.a(dwhcidevice.o) (CDWHCIFrameSchedulerPeriodic::InitProtectedAllocator(unsigned int, unsigned int))
../../lib/usb/libusb.a(dwhcirootport.o)
                              ../../lib/usb/libusb.a(dwhcidevice.o) (CDWHCIRootPort::~CDWHCIRootPort())
../../lib/usb/libusb.a(dwhcixactqueue.o)
                              ../../lib/usb/libusb.a(dwhcidevice.o) (CDWHCITransactionQueue::CDWHCITransactionQueue(unsigned int, unsigned int))
../../lib/usb/libusb.a(dwhcixferstagedata.o)
                              ../../lib/usb/libusb.a(dwhcidevice.o) (CDWHCITransferStageData::CDWHCITransferStageData(unsigned int, CUSBRequest*, bool, bool, unsigned int))
../../lib/usb/libusb.a(dwhciframeschediso.o)
                              ../../lib/usb/libusb.a(dwhcixferstagedata.o) (CDWHCIFrameSchedulerIsochronous::CDWHCIFrameSchedulerIsochronous(bool))
../../lib/usb/libusb.a(usbdevice.o)
                              ../../lib/usb/libusb.a(dwhcirootport.o) (CUSBDevice::CUSBDevice(CUSBHostController*, TUSBSpeed, CUSBHCIRootPort*))
../../lib/usb/libusb.a(usbdevicefactory.o)
                              ../../lib/usb/libusb.a(usbdevice.o) (CUSBDeviceFactory::GetDevice(CUSBFunction*, CString*))
../../lib/usb/libusb.a(usbendpoint.o)
                              ../../lib/usb/libusb.a(usbdevice.o) (CUSBEndpoint::CUSBEndpoint(CUSBDevice*))
../../lib/usb/libusb.a(usbfunction.o)
                              ../../lib/usb/libusb.a(usbstandardhub.o) (CUSBFunction::Initialize())
../../lib/usb/libusb.a(usbgamepadps3.o)
                              ../../lib/usb/libusb.a(usbdevicefactory.o) (CUSBGamePadPS3Device::CUSBGamePadPS3Device(CUSBFunction*))
../../lib/usb/libusb.a(usbgamepadps4.o)
                              ../../lib/usb/libusb.a(usbdevicefactory.o) (CUSBGamePadPS4Device::CUSBGamePadPS4Device(CUSBFunction*))
../../lib/usb/libusb.a(usbgamepadstandard.o)
                              ../../lib/usb/libusb.a(usbgamepadps3.o) (CUSBGamePadStandardDevice::~CUSBGamePadStandardDevice())
../../lib/usb/libusb.a(usbgamepadswitchpro.o)
                              ../../lib/usb/libusb.a(usbdevicefactory.o) (CUSBGamePadSwitchProDevice::CUSBGamePadSwitchProDevice(CUSBFunction*))
../../lib/usb/libusb.a(usbgamepadxbox360.o)
                              ../../lib/usb/libusb.a(usbdevicefactory.o) (CUSBGamePadXbox360Device::CUSBGamePadXbox360Device(CUSBFunction*))
../../lib/usb/libusb.a(usbgamepadxboxone.o)
                              ../../lib/usb/libusb.a(usbdevicefactory.o) (CUSBGamePadXboxOneDevice::CUSBGamePadXboxOneDevice(CUSBFunction*))
../../lib/usb/libusb.a(usbhiddevice.o)
                              ../../lib/usb/libusb.a(usbgamepadps4.o) (CUSBHIDDevice::SendToEndpointOut(void const*, unsigned int, unsigned int))
../../lib/usb/libusb.a(usbkeyboard.o)
                              ../../lib/usb/libusb.a(usbdevicefactory.o) (CUSBKeyboardDevice::CUSBKeyboardDevice(CUSBFunction*))
../../lib/usb/libusb.a(usbmassdevice.o)
                              ../../lib/usb/libusb.a(usbdevicefactory.o) (CUSBBulkOnlyMassStorageDevice::CUSBBulkOnlyMassStorageDevice(CUSBFunction*))
../../lib/usb/libusb.a(usbmidihost.o)
                              ../../lib/usb/libusb.a(usbdevicefactory.o) (CUSBMIDIHostDevice::CUSBMIDIHostDevice(CUSBFunction*))
../../lib/usb/libusb.a(usbmouse.o)
                              ../../lib/usb/libusb.a(usbdevicefactory.o) (CUSBMouseDevice::CUSBMouseDevice(CUSBFunction*))
../../lib/usb/libusb.a(usbprinter.o)
                              ../../lib/usb/libusb.a(usbdevicefactory.o) (CUSBPrinterDevice::CUSBPrinterDevice(CUSBFunction*))
../../lib/usb/libusb.a(usbstring.o)
                              ../../lib/usb/libusb.a(usbdevice.o) (CUSBString::CUSBString(CUSBDevice*))
../../lib/usb/libusb.a(usbserialch341.o)
[...]
Memory Configuration

Name             Origin             Length             Attributes
*default*        0x00000000         0xffffffff

Linker script and memory map

Address of section .init set to 0x8000

.init           0x00008000       0x64
 *(.init)
 .init          0x00008000       0x64 ../../lib/libcircle.a(startup.o)
                0x00008000                _start

.text           0x00008068    0x78094
 *(.text*)
 .text          0x00008068        0x0 main.o
 .text.startup  0x00008068       0x3c main.o
                0x00008068                main
 .text          0x000080a4      0xe70 kernel.o
                0x000080a4                CKernel::CKernel()
                0x000080a4                CKernel::CKernel()
                0x0000832c                CKernel::~CKernel()
                0x0000832c                CKernel::~CKernel()
                0x00008460                CKernel::Initialize()
                0x00008794                CKernel::Run()
 .text          0x00008f14      0x864 display.o
                0x00008f14                CKernel::display_LoadScreenTexVidShd(int)
                0x00008f18                CKernel::display_startup_screen(CKernel::CUBE_STATE_T*)
                0x000091ac                CKernel::display_append_modes()
 .text          0x00009778      0x9fc filesystem.o
                0x00009778                CKernel::filesystem_remove_USB(CDevice*, void*)
                0x000097a8                CKernel::filesystem_open_file(char const*)
                0x000097d0                CKernel::filesystem_load_file(char*, unsigned int, int)
                0x00009894                CKernel::filesystem_close_file()
                0x000098bc                CKernel::filesystem_process_files(char**, unsigned int*, char**, int, int, unsigned int, int)
                0x00009960                CKernel::filesystem_save_log_file(char const*, char const*, CString const&)
                0x00009a6c                CKernel::filesystem_save_kernel(char const*, char const*, unsigned int)
                0x00009b68                CKernel::filesystem_IsValidFileType(char const*, char const*)
                0x00009bf4                CKernel::filesystem_ScanRootDir(char**, char const**, int, unsigned int)
                0x00009cd4                CKernel::filesystem_mount(char const*, char**, unsigned int*, int, char**, unsigned int*, int, char**, unsigned int*, int, char**, unsigned int*, int)
                0x00009f68                CKernel::filesystem_update_USB(char const*)
                0x00009fd4                CKernel::filesystem_load_kernel(char const*, char const*, unsigned int)
 .text          0x0000a174     0x1028 gfx.o
                0x0000a174                CKernel::gfx_shader_log(int, int)
                0x0000a1b8                CKernel::gfx_init_OGL(CKernel::CUBE_STATE_T*)
                0x0000a334                CKernel::gfx_init_vshaders(CKernel::CUBE_STATE_T*, int, int)
                0x0000a3a4                CKernel::gfx_init_fshaders(CKernel::CUBE_STATE_T*, int, int)
                0x0000a450                CKernel::gfx_init_textures(CKernel::CUBE_STATE_T*, int, int)
                0x0000a5e0                CKernel::gfx_init_v_buffer(CKernel::CUBE_STATE_T*)
                0x0000a69c                CKernel::gfx_render_shader_a(CKernel::CUBE_STATE_T*)
                0x0000a8d8                CKernel::gfx_render_shader_b(CKernel::CUBE_STATE_T*)
                0x0000a8e0                CKernel::gfx_program_log(int, int)
                0x0000ab88                CKernel::gfx_check(char const*, unsigned int)
                0x0000ae98                CKernel::gfx_init_programs(CKernel::CUBE_STATE_T*, int, int)
                0x0000afa0                CKernel::gfx_init_uniforms(CKernel::CUBE_STATE_T*, int, int)
 .text          0x0000b19c        0x0 global.o
 .text.startup  0x0000b19c       0xa8 global.o
 .text          0x0000b244      0x45c io.o
                0x0000b244                CKernel::io_read_ADC()
                0x0000b374                CKernel::io_event_button_A(BUTTONS::TEvent, void*)
                0x0000b56c                CKernel::io_event_button_B(BUTTONS::TEvent, void*)
 .text          0x0000b6a0      0x5c8 LED.o
                0x0000b6a0                CKernel::LED_circle_color()
                0x0000b924                CKernel::LED_update()
 .text          0x0000bc68      0x584 memory.o
                0x0000bc68                CKernel::memory_clean_up()
                0x0000bdbc                CKernel::memory_allocate()
                0x0000c068                CKernel::memory_init_buffer(unsigned int, unsigned int)
                0x0000c0bc                CKernel::memory_init_dma_buffer(unsigned int, unsigned int, char**, char**, unsigned int*)
                0x0000c18c                CKernel::memory_clear_buffer(char**, unsigned int)
                0x0000c1c4                CKernel::memory_clear_dma_buffer(char**, char*)
 .text          0x0000c1ec     0x2428 menu.o
                0x0000c1ec                CKernel::menu_general()
                0x0000c230                CKernel::menu_mode_default_A()
                0x0000cf98                CKernel::menu_mode_default_B()
                0x0000dcf4                CKernel::menu_mode_assign_A()
                0x0000e160                CKernel::menu_mode_assign_B()
                0x0000e45c                CKernel::menu_mode_assign_LFO()
 .text          0x0000e614     0x12fc util.o
                0x0000e614                CKernel::util_prep_parameters()
                0x0000e648                CKernel::util_choose_program()
                0x0000e69c                CKernel::util_store_program()
                0x0000e7ac                CKernel::util_choose_texture()
                0x0000e800                CKernel::util_random_vec8(unsigned long)
                0x0000e964                CKernel::util_calculate_BPM(unsigned long, unsigned long)
                0x0000eb60                CKernel::util_determine_bpm_source()
                0x0000eb98                CKernel::util_update_predicted_beat()
                0x0000ed54                CKernel::util_LFO()
                0x0000ee78                CKernel::util_audio_energy(float)
                0x0000f0d8                CKernel::util_check_for_update()
                0x0000f3cc                CKernel::util_save_modes_file()
                0x0000f710                CKernel::GenerateH264ParserInfo(int)
                0x0000f768                CKernel::GenerateBmpParserInfo(int)
                0x0000f7c0                CKernel::parser_h264(int, int)
                0x0000f864                CKernel::parser_bmp(int, int)
 .text          0x0000f910      0x610 ../../lib/usb/libusb.a(usbhostcontroller.o)
                0x0000f910                CUSBHostController::UpdatePlugAndPlay()
                0x0000fa68                CUSBHostController::CUSBHostController(bool)
                0x0000fa68                CUSBHostController::CUSBHostController(bool)
                0x0000faac                CUSBHostController::~CUSBHostController()
                0x0000faac                CUSBHostController::~CUSBHostController()
                0x0000fadc                CUSBHostController::~CUSBHostController()
                0x0000fb18                CUSBHostController::ControlMessage(CUSBEndpoint*, unsigned char, unsigned char, unsigned short, unsigned short, void*, unsigned short)
                0x0000fc08                CUSBHostController::GetDescriptor(CUSBEndpoint*, unsigned char, unsigned char, void*, unsigned int, unsigned char, unsigned short)
                0x0000fc3c                CUSBHostController::SetAddress(CUSBEndpoint*, unsigned char)
                0x0000fc84                CUSBHostController::SetConfiguration(CUSBEndpoint*, unsigned char)
                0x0000fccc                CUSBHostController::Transfer(CUSBEndpoint*, void*, unsigned int, unsigned int)
                0x0000fd30                CUSBHostController::IsPlugAndPlay()
                0x0000fd40                CUSBHostController::PortStatusChanged(CUSBHCIRootPort*)
                0x0000fe18                CUSBHostController::PortStatusChanged(CUSBStandardHub*)
                0x0000fef0                CUSBHostController::Get()
 .text._ZN18CUSBHostController24CancelDeviceTransactionsEP10CUSBDevice
                0x0000ff20        0x4 ../../lib/usb/libusb.a(usbhostcontroller.o)
                0x0000ff20                CUSBHostController::CancelDeviceTransactions(CUSBDevice*)
 .text          0x0000ff24      0x488 ../../lib/usb/libusb.a(usbrequest.o)
                0x0000ff24                CUSBRequest::CUSBRequest(CUSBEndpoint*, void*, unsigned int, TSetupData*)
                0x0000ff24                CUSBRequest::CUSBRequest(CUSBEndpoint*, void*, unsigned int, TSetupData*)
                0x0000ffac                CUSBRequest::~CUSBRequest()
                0x0000ffac                CUSBRequest::~CUSBRequest()
                0x0000ffb0                CUSBRequest::GetEndpoint() const
                0x0000ffd8                CUSBRequest::SetStatus(int)
                0x0000ffe0                CUSBRequest::SetResultLen(unsigned int)
                0x0000ffe8                CUSBRequest::SetUSBError(TUSBError)
                0x0000fff0                CUSBRequest::GetStatus() const
                0x0000fff8                CUSBRequest::GetResultLength() const
                0x00010028                CUSBRequest::GetUSBError() const
                0x00010058                CUSBRequest::GetSetupData()
                0x000100a8                CUSBRequest::GetBuffer()
                0x000100e0                CUSBRequest::GetBufLen() const
                0x000100e8                CUSBRequest::AddIsoPacket(unsigned short)
                0x00010160                CUSBRequest::GetNumIsoPackets() const
                0x00010188                CUSBRequest::GetIsoPacketSize(unsigned int) const
                0x000101bc                CUSBRequest::SetCompletionRoutine(void (*)(CUSBRequest*, void*, void*), void*, void*)
                0x000101e8                CUSBRequest::CallCompletionRoutine()
                0x00010224                CUSBRequest::SetCompleteOnNAK()
                0x00010230                CUSBRequest::IsCompleteOnNAK() const
                0x00010238                CUSBRequest::operator new(unsigned int)
                0x0001028c                CUSBRequest::operator delete(void*, unsigned int)
                0x000102e4                CUSBRequest::InitAllocator(unsigned int)
                0x00010340                CUSBRequest::InitProtectedAllocator(unsigned int, unsigned int)
 .text          0x000103ac     0x1134 ../../lib/usb/libusb.a(usbstandardhub.o)
                0x000103ac                CUSBStandardHub::~CUSBStandardHub()
                0x000103ac                CUSBStandardHub::~CUSBStandardHub()
                0x000104c8                CUSBStandardHub::~CUSBStandardHub()
                0x000104e8                CUSBStandardHub::CUSBStandardHub(CUSBFunction*)
                0x000104e8                CUSBStandardHub::CUSBStandardHub(CUSBFunction*)
                0x0001056c                CUSBStandardHub::DisablePort(unsigned int)
                0x0001062c                CUSBStandardHub::RemoveDeviceAt(unsigned int)
                0x00010670                CUSBStandardHub::StartStatusChangeRequest()
                0x0001074c                CUSBStandardHub::CompletionRoutine(CUSBRequest*)
                0x000107f4                CUSBStandardHub::CompletionStub(CUSBRequest*, void*, void*)
                0x00010828                CUSBStandardHub::Initialize()
                0x00010964                CUSBStandardHub::EnumeratePorts()
                0x00010fc8                CUSBStandardHub::ReScanDevices()
                0x00010fcc                CUSBStandardHub::Configure()
                0x00011130                CUSBStandardHub::HandlePortStatusChange()
 .text.startup  0x000114e0       0x38 ../../lib/usb/libusb.a(usbstandardhub.o)
 .text          0x00011518     0x3198 ../../lib/usb/libusb.a(dwhcidevice.o)
                0x00011518                CDWHCIDevice::CancelDeviceTransactions(CUSBDevice*)
                0x00011520                CDWHCIDevice::CompletionRoutine(CUSBRequest*, void*, void*)
                0x00011574                CDWHCIDevice::CDWHCIDevice(CInterruptSystem*, CTimer*, bool)
                0x00011574                CDWHCIDevice::CDWHCIDevice(CInterruptSystem*, CTimer*, bool)
                0x00011660                CDWHCIDevice::DeviceConnected()
                0x00011698                CDWHCIDevice::GetPortSpeed()
                0x000116e4                CDWHCIDevice::OvercurrentDetected()
                0x00011720                CDWHCIDevice::DisableRootPort(bool)
                0x00011794                CDWHCIDevice::PowerOn()
                0x00011800                CDWHCIDevice::Reset()
                0x000118dc                CDWHCIDevice::InitCore()
                0x00011b64                CDWHCIDevice::EnableGlobalInterrupts()
                0x00011ba8                CDWHCIDevice::EnableCommonInterrupts()
                0x00011be0                CDWHCIDevice::EnableHostInterrupts()
                0x00011c78                CDWHCIDevice::EnableChannelInterrupt(unsigned int)
                0x00011cfc                CDWHCIDevice::DisableChannelInterrupt(unsigned int)
                0x00011d80                CDWHCIDevice::FlushTxFIFO(unsigned int)
                0x00011e44                CDWHCIDevice::FlushRxFIFO()
                0x00011eec                CDWHCIDevice::InitHost()
                0x000120ec                CDWHCIDevice::QueueTransaction(CDWHCITransferStageData*)
                0x00012188                CDWHCIDevice::TransferStageAsync(CUSBRequest*, bool, bool, unsigned int)
                0x00012248                CDWHCIDevice::SubmitAsyncRequest(CUSBRequest*, unsigned int)
                0x00012328                CDWHCIDevice::QueueDelayedTransaction(CDWHCITransferStageData*)
                0x000124b4                CDWHCIDevice::StartChannel(CDWHCITransferStageData*)
                0x000128d4                CDWHCIDevice::StartTransaction(CDWHCITransferStageData*)
                0x000129e4                CDWHCIDevice::AllocateChannel()
                0x00012b80                CDWHCIDevice::SOFInterruptHandler()
                0x00012b90                CDWHCIDevice::FreeChannel(unsigned int)
                0x0001328c                CDWHCIDevice::ChannelInterruptHandler(unsigned int)
                0x0001329c                CDWHCIDevice::InterruptHandler()
                0x0001347c                CDWHCIDevice::InterruptStub(void*)
                0x000134a8                CDWHCIDevice::AllocateWaitBlock()
                0x00013548                CDWHCIDevice::FreeWaitBlock(unsigned int)
                0x000135d4                CDWHCIDevice::TransferStage(CUSBRequest*, bool, bool, unsigned int)
                0x000136d8                CDWHCIDevice::SubmitBlockingRequest(CUSBRequest*, unsigned int)
                0x00013958                CDWHCIDevice::WaitForBit(CDWHCIRegister*, unsigned int, bool, unsigned int)
                0x00013a38                CDWHCIDevice::EnableRootPort()
                0x00013b58                CDWHCIDevice::LogTransactionFailed(unsigned int)
                0x00013ba0                CDWHCIDevice::DumpRegister(char const*, unsigned int)
                0x00013c08                CDWHCIDevice::DumpStatus(unsigned int)
                0x000142b8                CDWHCIDevice::~CDWHCIDevice()
                0x000142b8                CDWHCIDevice::~CDWHCIDevice()
                0x000143a4                CDWHCIDevice::~CDWHCIDevice()
                0x000143c4                CDWHCIDevice::ReScanDevices()
                0x00014454                CDWHCIDevice::Initialize(bool)
 .text          0x000146b0      0x430 ../../lib/usb/libusb.a(dwhciframeschednper.o)
                0x000146b0                CDWHCIFrameSchedulerNonPeriodic::~CDWHCIFrameSchedulerNonPeriodic()
                0x000146b0                CDWHCIFrameSchedulerNonPeriodic::~CDWHCIFrameSchedulerNonPeriodic()
                0x000146b4                CDWHCIFrameSchedulerNonPeriodic::StartSplit()
                0x000146d0                CDWHCIFrameSchedulerNonPeriodic::IsOddFrame() const
                0x000146d8                CDWHCIFrameSchedulerNonPeriodic::PeriodicDelay(unsigned short)
                0x000146f4                CDWHCIFrameSchedulerNonPeriodic::CompleteSplit()
                0x00014764                CDWHCIFrameSchedulerNonPeriodic::TransactionComplete(unsigned int)
                0x00014858                CDWHCIFrameSchedulerNonPeriodic::GetFrameNumber()
                0x000148d4                CDWHCIFrameSchedulerNonPeriodic::~CDWHCIFrameSchedulerNonPeriodic()
                0x00014918                CDWHCIFrameSchedulerNonPeriodic::CDWHCIFrameSchedulerNonPeriodic()
                0x00014918                CDWHCIFrameSchedulerNonPeriodic::CDWHCIFrameSchedulerNonPeriodic()
                0x0001496c                CDWHCIFrameSchedulerNonPeriodic::operator new(unsigned int)
                0x000149c0                CDWHCIFrameSchedulerNonPeriodic::operator delete(void*, unsigned int)
                0x00014a18                CDWHCIFrameSchedulerNonPeriodic::InitAllocator(unsigned int)
                0x00014a74                CDWHCIFrameSchedulerNonPeriodic::InitProtectedAllocator(unsigned int, unsigned int)
 .text          0x00014ae0      0x2cc ../../lib/usb/libusb.a(dwhciframeschednsplit.o)
                0x00014ae0                CDWHCIFrameSchedulerNoSplit::~CDWHCIFrameSchedulerNoSplit()
                0x00014ae0                CDWHCIFrameSchedulerNoSplit::~CDWHCIFrameSchedulerNoSplit()
                0x00014ae4                CDWHCIFrameSchedulerNoSplit::StartSplit()
                0x00014b00                CDWHCIFrameSchedulerNoSplit::CompleteSplit()
                0x00014b1c                CDWHCIFrameSchedulerNoSplit::TransactionComplete(unsigned int)
                0x00014b38                CDWHCIFrameSchedulerNoSplit::PeriodicDelay(unsigned short)
                0x00014b54                CDWHCIFrameSchedulerNoSplit::GetFrameNumber()
                0x00014ba0                CDWHCIFrameSchedulerNoSplit::IsOddFrame() const
                0x00014bd8                CDWHCIFrameSchedulerNoSplit::~CDWHCIFrameSchedulerNoSplit()
                0x00014c1c                CDWHCIFrameSchedulerNoSplit::CDWHCIFrameSchedulerNoSplit(bool)
                0x00014c1c                CDWHCIFrameSchedulerNoSplit::CDWHCIFrameSchedulerNoSplit(bool)
                0x00014c38                CDWHCIFrameSchedulerNoSplit::operator new(unsigned int)
                0x00014c8c                CDWHCIFrameSchedulerNoSplit::operator delete(void*, unsigned int)
                0x00014ce4                CDWHCIFrameSchedulerNoSplit::InitAllocator(unsigned int)
                0x00014d40                CDWHCIFrameSchedulerNoSplit::InitProtectedAllocator(unsigned int, unsigned int)
 .text          0x00014dac      0x4a4 ../../lib/usb/libusb.a(dwhciframeschedper.o)
                0x00014dac                CDWHCIFrameSchedulerPeriodic::~CDWHCIFrameSchedulerPeriodic()
                0x00014dac                CDWHCIFrameSchedulerPeriodic::~CDWHCIFrameSchedulerPeriodic()
                0x00014db0                CDWHCIFrameSchedulerPeriodic::StartSplit()
                0x00014dd0                CDWHCIFrameSchedulerPeriodic::PeriodicDelay(unsigned short)
                0x00014de8                CDWHCIFrameSchedulerPeriodic::CompleteSplit()
                0x00014e84                CDWHCIFrameSchedulerPeriodic::GetFrameNumber()
                0x00014f14                CDWHCIFrameSchedulerPeriodic::IsOddFrame() const
                0x00014f4c                CDWHCIFrameSchedulerPeriodic::TransactionComplete(unsigned int)
                0x00015040                CDWHCIFrameSchedulerPeriodic::~CDWHCIFrameSchedulerPeriodic()
                0x00015084                CDWHCIFrameSchedulerPeriodic::CDWHCIFrameSchedulerPeriodic()
                0x00015084                CDWHCIFrameSchedulerPeriodic::CDWHCIFrameSchedulerPeriodic()
                0x000150dc                CDWHCIFrameSchedulerPeriodic::operator new(unsigned int)
                0x00015130                CDWHCIFrameSchedulerPeriodic::operator delete(void*, unsigned int)
                0x00015188                CDWHCIFrameSchedulerPeriodic::InitAllocator(unsigned int)
                0x000151e4                CDWHCIFrameSchedulerPeriodic::InitProtectedAllocator(unsigned int, unsigned int)
 .text          0x00015250      0x32c ../../lib/usb/libusb.a(dwhcirootport.o)
                0x00015250                CDWHCIRootPort::~CDWHCIRootPort()
                0x00015250                CDWHCIRootPort::~CDWHCIRootPort()
                0x00015284                CDWHCIRootPort::RemoveDevice()
                0x000152e0                CDWHCIRootPort::ReScanDevices()
                0x00015320                CDWHCIRootPort::HandlePortStatusChange()
                0x0001538c                CDWHCIRootPort::~CDWHCIRootPort()
                0x000153cc                CDWHCIRootPort::CDWHCIRootPort(CDWHCIDevice*)
                0x000153cc                CDWHCIRootPort::CDWHCIRootPort(CDWHCIDevice*)
                0x00015404                CDWHCIRootPort::Initialize()
 .text          0x0001557c      0x7bc ../../lib/usb/libusb.a(dwhcixactqueue.o)
                0x0001557c                TQueueEntry::operator new(unsigned int)
                0x000155d0                TQueueEntry::operator delete(void*, unsigned int)
                0x00015628                TQueueEntry::InitAllocator(unsigned int)
                0x00015684                TQueueEntry::InitProtectedAllocator(unsigned int, unsigned int)
                0x000156f0                CDWHCITransactionQueue::CDWHCITransactionQueue(unsigned int, unsigned int)
                0x000156f0                CDWHCITransactionQueue::CDWHCITransactionQueue(unsigned int, unsigned int)
                0x00015770                CDWHCITransactionQueue::Flush()
                0x000158ac                CDWHCITransactionQueue::~CDWHCITransactionQueue()
                0x000158ac                CDWHCITransactionQueue::~CDWHCITransactionQueue()
                0x000158c8                CDWHCITransactionQueue::FlushDevice(CUSBDevice*)
                0x00015a60                CDWHCITransactionQueue::Enqueue(CDWHCITransferStageData*, unsigned short)
                0x00015bf4                CDWHCITransactionQueue::Dequeue(unsigned short)
 .text          0x00015d38      0xe00 ../../lib/usb/libusb.a(dwhcixferstagedata.o)
                0x00015d38                CDWHCITransferStageData::CDWHCITransferStageData(unsigned int, CUSBRequest*, bool, bool, unsigned int)
                0x00015d38                CDWHCITransferStageData::CDWHCITransferStageData(unsigned int, CUSBRequest*, bool, bool, unsigned int)
                0x00016188                CDWHCITransferStageData::~CDWHCITransferStageData()
                0x00016188                CDWHCITransferStageData::~CDWHCITransferStageData()
                0x000161b0                CDWHCITransferStageData::SetChannelNumber(unsigned int)
                0x000161b8                CDWHCITransferStageData::TransactionComplete(unsigned int, unsigned int, unsigned int)
                0x00016428                CDWHCITransferStageData::SetSplitComplete(bool)
                0x00016458                CDWHCITransferStageData::SetState(unsigned int)
                0x00016460                CDWHCITransferStageData::GetState() const
                0x00016468                CDWHCITransferStageData::SetSubState(unsigned int)
                0x00016470                CDWHCITransferStageData::GetSubState() const
                0x00016478                CDWHCITransferStageData::GetChannelNumber() const
                0x00016480                CDWHCITransferStageData::IsPeriodic() const
                0x000164c4                CDWHCITransferStageData::IsIsochronous() const
                0x00016504                CDWHCITransferStageData::GetDeviceAddress() const
                0x00016534                CDWHCITransferStageData::GetEndpointType() const
                0x00016594                CDWHCITransferStageData::GetEndpointNumber() const
                0x000165c4                CDWHCITransferStageData::GetMaxPacketSize() const
                0x000165cc                CDWHCITransferStageData::GetSpeed() const
                0x000165d4                CDWHCITransferStageData::GetPID() const
                0x00016640                CDWHCITransferStageData::IsDirectionIn() const
                0x00016648                CDWHCITransferStageData::IsStatusStage() const
                0x00016650                CDWHCITransferStageData::GetDMAAddress() const
                0x0001667c                CDWHCITransferStageData::GetBytesToTransfer() const
                0x00016684                CDWHCITransferStageData::GetPacketsToTransfer() const
                0x0001668c                CDWHCITransferStageData::IsSplit() const
                0x00016694                CDWHCITransferStageData::IsSplitComplete() const
                0x000166c8                CDWHCITransferStageData::GetHubAddress() const
                0x0001671c                CDWHCITransferStageData::GetHubPortAddress() const
                0x00016770                CDWHCITransferStageData::GetSplitPosition() const
                0x000167fc                CDWHCITransferStageData::GetStatusMask() const
                0x0001685c                CDWHCITransferStageData::GetTransactionStatus() const
                0x00016888                CDWHCITransferStageData::GetUSBError() const
                0x000168ec                CDWHCITransferStageData::IsStageComplete() const
                0x000168fc                CDWHCITransferStageData::GetResultLen() const
                0x00016910                CDWHCITransferStageData::IsTimeout() const
                0x00016948                CDWHCITransferStageData::IsRetryOK() const
                0x0001695c                CDWHCITransferStageData::GetURB() const
                0x00016988                CDWHCITransferStageData::GetDevice() const
                0x000169b0                CDWHCITransferStageData::GetFrameScheduler() const
                0x000169b8                CDWHCITransferStageData::operator new(unsigned int)
                0x00016a10                CDWHCITransferStageData::operator delete(void*, unsigned int)
                0x00016a6c                CDWHCITransferStageData::InitAllocator(unsigned int)
                0x00016acc                CDWHCITransferStageData::InitProtectedAllocator(unsigned int, unsigned int)
 .text          0x00016b38      0x558 ../../lib/usb/libusb.a(dwhciframeschediso.o)
                0x00016b38                CDWHCIFrameSchedulerIsochronous::~CDWHCIFrameSchedulerIsochronous()
                0x00016b38                CDWHCIFrameSchedulerIsochronous::~CDWHCIFrameSchedulerIsochronous()
                0x00016b3c                CDWHCIFrameSchedulerIsochronous::CompleteSplit()
                0x00016bfc                CDWHCIFrameSchedulerIsochronous::TransactionComplete(unsigned int)
                0x00016cc0                CDWHCIFrameSchedulerIsochronous::GetFrameNumber()
                0x00016d60                CDWHCIFrameSchedulerIsochronous::IsOddFrame() const
                0x00016d98                CDWHCIFrameSchedulerIsochronous::StartSplit()
                0x00016e68                CDWHCIFrameSchedulerIsochronous::PeriodicDelay(unsigned short)
                0x00016ea8                CDWHCIFrameSchedulerIsochronous::~CDWHCIFrameSchedulerIsochronous()
                0x00016eec                CDWHCIFrameSchedulerIsochronous::CDWHCIFrameSchedulerIsochronous(bool)
                0x00016eec                CDWHCIFrameSchedulerIsochronous::CDWHCIFrameSchedulerIsochronous(bool)
                0x00016f1c                CDWHCIFrameSchedulerIsochronous::operator new(unsigned int)
                0x00016f70                CDWHCIFrameSchedulerIsochronous::operator delete(void*, unsigned int)
                0x00016fc8                CDWHCIFrameSchedulerIsochronous::InitAllocator(unsigned int)
                0x00017024                CDWHCIFrameSchedulerIsochronous::InitProtectedAllocator(unsigned int, unsigned int)
 .text          0x00017090     0x12b0 ../../lib/usb/libusb.a(usbdevice.o)
                0x00017090                CUSBDevice::Configure()
                0x0001714c                CUSBDevice::CUSBDevice(CUSBHostController*, TUSBSpeed, CUSBHCIRootPort*)
                0x0001714c                CUSBDevice::CUSBDevice(CUSBHostController*, TUSBSpeed, CUSBHCIRootPort*)
                0x00017200                CUSBDevice::CUSBDevice(CUSBHostController*, TUSBSpeed, CUSBStandardHub*, unsigned int)
                0x00017200                CUSBDevice::CUSBDevice(CUSBHostController*, TUSBSpeed, CUSBStandardHub*, unsigned int)
                0x00017350                CUSBDevice::ReScanDevices()
                0x00017390                CUSBDevice::RemoveDevice()
                0x000173e0                CUSBDevice::GetName(TDeviceNameSelector) const
                0x000174f8                CUSBDevice::GetNames() const
                0x000175e0                CUSBDevice::SetAddress(unsigned char)
                0x0001760c                CUSBDevice::GetAddress() const
                0x00017614                CUSBDevice::GetSpeed() const
                0x0001761c                CUSBDevice::IsSplit() const
                0x00017624                CUSBDevice::GetHubAddress() const
                0x0001762c                CUSBDevice::GetHubPortNumber() const
                0x00017634                CUSBDevice::GetTTHubDevice() const
                0x0001763c                CUSBDevice::GetEndpoint0() const
                0x00017668                CUSBDevice::GetHost() const
                0x00017694                CUSBDevice::GetDeviceDescriptor() const
                0x000176c0                CUSBDevice::GetConfigurationDescriptor() const
                0x000176ec                CUSBDevice::GetDescriptor(unsigned char)
                0x0001771c                CUSBDevice::ConfigurationError(char const*) const
                0x0001774c                CUSBDevice::GetFunction(unsigned int)
                0x00017760                CUSBDevice::LogWrite(TLogSeverity, char const*, ...)
                0x0001794c                CUSBDevice::~CUSBDevice()
                0x0001794c                CUSBDevice::~CUSBDevice()
                0x000179b8                CUSBDevice::~CUSBDevice()
                0x00017a30                CUSBDevice::Initialize()
 .text.startup  0x00018340       0x38 ../../lib/usb/libusb.a(usbdevice.o)
 .text          0x00018378      0x910 ../../lib/usb/libusb.a(usbdevicefactory.o)
                0x00018378                CUSBDeviceFactory::GetGenericHIDDevice(CUSBFunction*)
                0x00018550                CUSBDeviceFactory::FindDeviceID(CString*, TUSBDeviceID const*)
                0x000185e4                CUSBDeviceFactory::GetDevice(CUSBFunction*, CString*)
 .text          0x00018c88      0x3dc ../../lib/usb/libusb.a(usbendpoint.o)
                0x00018c88                CUSBEndpoint::CUSBEndpoint(CUSBDevice*)
                0x00018c88                CUSBEndpoint::CUSBEndpoint(CUSBDevice*)
                0x00018cd0                CUSBEndpoint::CUSBEndpoint(CUSBDevice*, TUSBEndpointDescriptor const*)
                0x00018cd0                CUSBEndpoint::CUSBEndpoint(CUSBDevice*, TUSBEndpointDescriptor const*)
                0x00018ec4                CUSBEndpoint::~CUSBEndpoint()
                0x00018ec4                CUSBEndpoint::~CUSBEndpoint()
                0x00018ec8                CUSBEndpoint::GetDevice() const
                0x00018ef0                CUSBEndpoint::GetNumber() const
                0x00018ef8                CUSBEndpoint::GetType() const
                0x00018f00                CUSBEndpoint::IsDirectionIn() const
                0x00018f08                CUSBEndpoint::SetMaxPacketSize(unsigned int)
                0x00018f18                CUSBEndpoint::GetMaxPacketSize() const
                0x00018f20                CUSBEndpoint::GetInterval() const
                0x00018f54                CUSBEndpoint::GetNextPID(bool)
                0x00018f94                CUSBEndpoint::SkipPID(unsigned int, bool)
                0x00019030                CUSBEndpoint::ResetPID()
 .text          0x00019064      0x6cc ../../lib/usb/libusb.a(usbfunction.o)
                0x00019064                CUSBFunction::Initialize()
                0x0001906c                CUSBFunction::ReScanDevices()
                0x00019074                CUSBFunction::~CUSBFunction()
                0x00019074                CUSBFunction::~CUSBFunction()
                0x000190cc                CUSBFunction::RemoveDevice()
                0x000190f8                CUSBFunction::~CUSBFunction()
                0x0001915c                CUSBFunction::Configure()
                0x00019250                CUSBFunction::CUSBFunction(CUSBDevice*, CUSBConfigurationParser*)
                0x00019250                CUSBFunction::CUSBFunction(CUSBDevice*, CUSBConfigurationParser*)
                0x00019304                CUSBFunction::CUSBFunction(CUSBFunction*)
                0x00019304                CUSBFunction::CUSBFunction(CUSBFunction*)
                0x000193dc                CUSBFunction::GetInterfaceName() const
                0x00019454                CUSBFunction::GetNumEndpoints() const
                0x00019484                CUSBFunction::GetDevice() const
                0x000194ac                CUSBFunction::GetEndpoint0() const
                0x000194d8                CUSBFunction::GetHost() const
                0x00019504                CUSBFunction::GetDescriptor(unsigned char)
                0x00019530                CUSBFunction::ConfigurationError(char const*) const
                0x0001957c                CUSBFunction::SelectInterfaceByClass(unsigned char, unsigned char, unsigned char)
                0x00019648                CUSBFunction::GetInterfaceNumber() const
                0x00019678                CUSBFunction::GetInterfaceClass() const
                0x000196a8                CUSBFunction::GetInterfaceSubClass() const
                0x000196d8                CUSBFunction::GetInterfaceProtocol() const
                0x00019708                CUSBFunction::GetInterfaceDescriptor() const
 .text          0x00019730      0x558 ../../lib/usb/libusb.a(usbgamepadps3.o)
                0x00019730                CUSBGamePadPS3Device::~CUSBGamePadPS3Device()
                0x00019730                CUSBGamePadPS3Device::~CUSBGamePadPS3Device()
                0x00019750                CUSBGamePadPS3Device::~CUSBGamePadPS3Device()
                0x0001977c                CUSBGamePadPS3Device::SetRumbleMode(TGamePadRumbleMode)
                0x00019858                CUSBGamePadPS3Device::SetLEDMode(TGamePadLEDMode)
                0x000198ec                CUSBGamePadPS3Device::CUSBGamePadPS3Device(CUSBFunction*)
                0x000198ec                CUSBGamePadPS3Device::CUSBGamePadPS3Device(CUSBFunction*)
                0x0001993c                CUSBGamePadPS3Device::PS3Enable()
                0x000199f4                CUSBGamePadPS3Device::Configure()
                0x00019b10                CUSBGamePadPS3Device::DecodeReport(unsigned char const*)
 .text._ZN17CUSBGamePadDevice10SetLEDModeEjhh
                0x00019c88        0x8 ../../lib/usb/libusb.a(usbgamepadps3.o)
                0x00019c88                CUSBGamePadDevice::SetLEDMode(unsigned int, unsigned char, unsigned char)
 .text._ZN20CUSBGamePadPS3Device13GetPropertiesEv
                0x00019c90        0x8 ../../lib/usb/libusb.a(usbgamepadps3.o)
                0x00019c90                CUSBGamePadPS3Device::GetProperties()
 .text          0x00019c98      0xa2c ../../lib/usb/libusb.a(usbgamepadps4.o)
                0x00019c98                CUSBGamePadPS4Device::DecodeReport(unsigned char const*)
                0x00019e48                CUSBGamePadPS4Device::~CUSBGamePadPS4Device()
                0x00019e48                CUSBGamePadPS4Device::~CUSBGamePadPS4Device()
                0x00019e94                CUSBGamePadPS4Device::~CUSBGamePadPS4Device()
                0x00019eec                CUSBGamePadPS4Device::SetLEDMode(unsigned int, unsigned char, unsigned char)
                0x00019fbc                CUSBGamePadPS4Device::SetRumbleMode(TGamePadRumbleMode)
                0x0001a0b0                CUSBGamePadPS4Device::SetLEDMode(TGamePadLEDMode)
                0x0001a254                CUSBGamePadPS4Device::CUSBGamePadPS4Device(CUSBFunction*)
                0x0001a254                CUSBGamePadPS4Device::CUSBGamePadPS4Device(CUSBFunction*)
                0x0001a2a0                CUSBGamePadPS4Device::HandleTouchpad(unsigned char const*)
                0x0001a450                CUSBGamePadPS4Device::ReportHandler(unsigned char const*, unsigned int)
                0x0001a4b8                CUSBGamePadPS4Device::SendLedRumbleCommand()
                0x0001a560                CUSBGamePadPS4Device::DisableTouchpad()
                0x0001a574                CUSBGamePadPS4Device::Configure()
 .text._ZN20CUSBGamePadPS4Device13GetPropertiesEv
                0x0001a6c4        0x8 ../../lib/usb/libusb.a(usbgamepadps4.o)
                0x0001a6c4                CUSBGamePadPS4Device::GetProperties()
 .text          0x0001a6cc      0x82c ../../lib/usb/libusb.a(usbgamepadstandard.o)
                0x0001a6cc                CUSBGamePadStandardDevice::~CUSBGamePadStandardDevice()
                0x0001a6cc                CUSBGamePadStandardDevice::~CUSBGamePadStandardDevice()
                0x0001a708                CUSBGamePadStandardDevice::~CUSBGamePadStandardDevice()
                0x0001a750                CUSBGamePadStandardDevice::CUSBGamePadStandardDevice(CUSBFunction*, bool)
                0x0001a750                CUSBGamePadStandardDevice::CUSBGamePadStandardDevice(CUSBFunction*, bool)
                0x0001a788                CUSBGamePadStandardDevice::BitGetUnsigned(void const*, unsigned int, unsigned int)
                0x0001a81c                CUSBGamePadStandardDevice::BitGetSigned(void const*, unsigned int, unsigned int)
                0x0001a8d8                CUSBGamePadStandardDevice::DecodeReport(unsigned char const*)
                0x0001ad70                CUSBGamePadStandardDevice::Configure()
 .text._ZN17CUSBGamePadDevice13GetPropertiesEv
                0x0001aef8        0x8 ../../lib/usb/libusb.a(usbgamepadstandard.o)
                0x0001aef8                CUSBGamePadDevice::GetProperties()
 .text._ZN17CUSBGamePadDevice10SetLEDModeE15TGamePadLEDMode
                0x0001af00        0x8 ../../lib/usb/libusb.a(usbgamepadstandard.o)
                0x0001af00                CUSBGamePadDevice::SetLEDMode(TGamePadLEDMode)
 .text._ZN17CUSBGamePadDevice13SetRumbleModeE18TGamePadRumbleMode
                0x0001af08        0x8 ../../lib/usb/libusb.a(usbgamepadstandard.o)
                0x0001af08                CUSBGamePadDevice::SetRumbleMode(TGamePadRumbleMode)
 .text          0x0001af10      0x724 ../../lib/usb/libusb.a(usbgamepadswitchpro.o)
                0x0001af10                CUSBGamePadSwitchProDevice::~CUSBGamePadSwitchProDevice()
                0x0001af10                CUSBGamePadSwitchProDevice::~CUSBGamePadSwitchProDevice()
                0x0001af30                CUSBGamePadSwitchProDevice::~CUSBGamePadSwitchProDevice()
                0x0001af5c                CUSBGamePadSwitchProDevice::SetRumbleMode(TGamePadRumbleMode)
                0x0001b054                CUSBGamePadSwitchProDevice::DecodeReport(unsigned char const*)
                0x0001b250                CUSBGamePadSwitchProDevice::SetLEDMode(TGamePadLEDMode)
                0x0001b2fc                CUSBGamePadSwitchProDevice::CUSBGamePadSwitchProDevice(CUSBFunction*)
                0x0001b2fc                CUSBGamePadSwitchProDevice::CUSBGamePadSwitchProDevice(CUSBFunction*)
                0x0001b340                CUSBGamePadSwitchProDevice::Configure()
 .text._ZN26CUSBGamePadSwitchProDevice13GetPropertiesEv
                0x0001b634        0x8 ../../lib/usb/libusb.a(usbgamepadswitchpro.o)
                0x0001b634                CUSBGamePadSwitchProDevice::GetProperties()
 .text          0x0001b63c      0x408 ../../lib/usb/libusb.a(usbgamepadxbox360.o)
                0x0001b63c                CUSBGamePadXbox360Device::~CUSBGamePadXbox360Device()
                0x0001b63c                CUSBGamePadXbox360Device::~CUSBGamePadXbox360Device()
                0x0001b65c                CUSBGamePadXbox360Device::~CUSBGamePadXbox360Device()
                0x0001b688                CUSBGamePadXbox360Device::DecodeReport(unsigned char const*)
                0x0001b7a4                CUSBGamePadXbox360Device::ReportHandler(unsigned char const*, unsigned int)
                0x0001b810                CUSBGamePadXbox360Device::SetLEDMode(TGamePadLEDMode)
                0x0001b86c                CUSBGamePadXbox360Device::SetRumbleMode(TGamePadRumbleMode)
                0x0001b900                CUSBGamePadXbox360Device::CUSBGamePadXbox360Device(CUSBFunction*)
                0x0001b900                CUSBGamePadXbox360Device::CUSBGamePadXbox360Device(CUSBFunction*)
                0x0001b920                CUSBGamePadXbox360Device::Configure()
 .text._ZN24CUSBGamePadXbox360Device13GetPropertiesEv
                0x0001ba44        0x8 ../../lib/usb/libusb.a(usbgamepadxbox360.o)
                0x0001ba44                CUSBGamePadXbox360Device::GetProperties()
 .text          0x0001ba4c      0x4f0 ../../lib/usb/libusb.a(usbgamepadxboxone.o)
                0x0001ba4c                CUSBGamePadXboxOneDevice::DecodeReport(unsigned char const*)
                0x0001bbf4                CUSBGamePadXboxOneDevice::~CUSBGamePadXboxOneDevice()
                0x0001bbf4                CUSBGamePadXboxOneDevice::~CUSBGamePadXboxOneDevice()
                0x0001bc14                CUSBGamePadXboxOneDevice::~CUSBGamePadXboxOneDevice()
                0x0001bc40                CUSBGamePadXboxOneDevice::ReportHandler(unsigned char const*, unsigned int)
                0x0001bd48                CUSBGamePadXboxOneDevice::SetRumbleMode(TGamePadRumbleMode)
                0x0001be04                CUSBGamePadXboxOneDevice::CUSBGamePadXboxOneDevice(CUSBFunction*)
                0x0001be04                CUSBGamePadXboxOneDevice::CUSBGamePadXboxOneDevice(CUSBFunction*)
                0x0001be2c                CUSBGamePadXboxOneDevice::Configure()
 .text._ZN24CUSBGamePadXboxOneDevice13GetPropertiesEv
                0x0001bf3c        0x8 ../../lib/usb/libusb.a(usbgamepadxboxone.o)
                0x0001bf3c                CUSBGamePadXboxOneDevice::GetProperties()
 .text          0x0001bf44      0x7c8 ../../lib/usb/libusb.a(usbhiddevice.o)
                0x0001bf44                CUSBHIDDevice::SendCompletionRoutine(CUSBRequest*, void*, void*)
                0x0001bfd4                CUSBHIDDevice::CUSBHIDDevice(CUSBFunction*, unsigned int)
                0x0001bfd4                CUSBHIDDevice::CUSBHIDDevice(CUSBFunction*, unsigned int)
                0x0001c028                CUSBHIDDevice::~CUSBHIDDevice()
                0x0001c028                CUSBHIDDevice::~CUSBHIDDevice()
                0x0001c0b4                CUSBHIDDevice::~CUSBHIDDevice()
                0x0001c0d4                CUSBHIDDevice::ConfigureHID(unsigned int)
                0x0001c31c                CUSBHIDDevice::SendToEndpointOut(void const*, unsigned int, unsigned int)
                0x0001c3ac                CUSBHIDDevice::SendToEndpointOutAsync(void const*, unsigned int, unsigned int)
                0x0001c48c                CUSBHIDDevice::ReceiveFromEndpointIn(void*, unsigned int, unsigned int)
                0x0001c520                CUSBHIDDevice::StartRequest()
                0x0001c5f0                CUSBHIDDevice::CompletionRoutine(CUSBRequest*)
                0x0001c6dc                CUSBHIDDevice::CompletionStub(CUSBRequest*, void*, void*)
 .text          0x0001c70c      0x4c8 ../../lib/usb/libusb.a(usbkeyboard.o)
                0x0001c710                CUSBKeyboardDevice::~CUSBKeyboardDevice()
                0x0001c710                CUSBKeyboardDevice::~CUSBKeyboardDevice()
                0x0001c778                CUSBKeyboardDevice::~CUSBKeyboardDevice()
                0x0001c79c                CUSBKeyboardDevice::ReportHandler(unsigned char const*, unsigned int)
                0x0001c918                CUSBKeyboardDevice::CUSBKeyboardDevice(CUSBFunction*)
                0x0001c918                CUSBKeyboardDevice::CUSBKeyboardDevice(CUSBFunction*)
                0x0001c96c                CUSBKeyboardDevice::RegisterKeyPressedHandler(void (*)(char const*))
                0x0001c974                CUSBKeyboardDevice::RegisterSelectConsoleHandler(void (*)(unsigned int))
                0x0001c97c                CUSBKeyboardDevice::RegisterShutdownHandler(void (*)())
                0x0001c984                CUSBKeyboardDevice::GetLEDStatus() const
                0x0001c9ac                CUSBKeyboardDevice::RegisterKeyStatusHandlerRaw(void (*)(unsigned char, unsigned char const*, void*), bool, void*)
                0x0001c9e0                CUSBKeyboardDevice::RegisterKeyStatusHandlerRaw(void (*)(unsigned char, unsigned char const*), bool)
                0x0001c9f8                CUSBKeyboardDevice::UnregisterKeyStatusHandlerRaw()
                0x0001ca08                CUSBKeyboardDevice::SetLEDs(unsigned char)
                0x0001ca94                CUSBKeyboardDevice::Configure()
                0x0001cb2c                CUSBKeyboardDevice::UpdateLEDs()
                0x0001cba8                CUSBKeyboardDevice::FindByte(unsigned char const*, unsigned char, unsigned int)
 .text.startup  0x0001cbd4       0x38 ../../lib/usb/libusb.a(usbkeyboard.o)
 .text          0x0001cc0c      0xe20 ../../lib/usb/libusb.a(usbmassdevice.o)
                0x0001cc0c                CUSBBulkOnlyMassStorageDevice::Seek(unsigned long long)
                0x0001cc20                CUSBBulkOnlyMassStorageDevice::~CUSBBulkOnlyMassStorageDevice()
                0x0001cc20                CUSBBulkOnlyMassStorageDevice::~CUSBBulkOnlyMassStorageDevice()
                0x0001ccf8                CUSBBulkOnlyMassStorageDevice::~CUSBBulkOnlyMassStorageDevice()
                0x0001cd18                CUSBBulkOnlyMassStorageDevice::GetSize() const
                0x0001cd64                CUSBBulkOnlyMassStorageDevice::CUSBBulkOnlyMassStorageDevice(CUSBFunction*)
                0x0001cd64                CUSBBulkOnlyMassStorageDevice::CUSBBulkOnlyMassStorageDevice(CUSBFunction*)
                0x0001cdac                CUSBBulkOnlyMassStorageDevice::GetCapacity() const
                0x0001cdb4                CUSBBulkOnlyMassStorageDevice::Command(void*, unsigned int, void*, unsigned int, bool)
                0x0001d1b0                CUSBBulkOnlyMassStorageDevice::TryRead(void*, unsigned int)
                0x0001d298                CUSBBulkOnlyMassStorageDevice::TryWrite(void const*, unsigned int)
                0x0001d380                CUSBBulkOnlyMassStorageDevice::Reset()
                0x0001d500                CUSBBulkOnlyMassStorageDevice::Read(void*, unsigned int)
                0x0001d568                CUSBBulkOnlyMassStorageDevice::Write(void const*, unsigned int)
                0x0001d5d0                CUSBBulkOnlyMassStorageDevice::Configure()
 .text.startup  0x0001da2c       0x38 ../../lib/usb/libusb.a(usbmassdevice.o)
 .text          0x0001da64      0x7b8 ../../lib/usb/libusb.a(usbmidihost.o)
                0x0001da64                CUSBMIDIHostDevice::~CUSBMIDIHostDevice()
                0x0001da64                CUSBMIDIHostDevice::~CUSBMIDIHostDevice()
                0x0001db34                CUSBMIDIHostDevice::~CUSBMIDIHostDevice()
                0x0001db54                CUSBMIDIHostDevice::SendEventsHandler(unsigned char const*, unsigned int, void*)
                0x0001dc40                CUSBMIDIHostDevice::CUSBMIDIHostDevice(CUSBFunction*)
                0x0001dc40                CUSBMIDIHostDevice::CUSBMIDIHostDevice(CUSBFunction*)
                0x0001dc78                CUSBMIDIHostDevice::StartRequest()
                0x0001dd50                CUSBMIDIHostDevice::TimerStub(unsigned int, void*, void*)
                0x0001ddac                CUSBMIDIHostDevice::CompletionRoutine(CUSBRequest*)
                0x0001df78                CUSBMIDIHostDevice::CompletionStub(CUSBRequest*, void*, void*)
                0x0001dfa8                CUSBMIDIHostDevice::TimerHandler(unsigned int)
                0x0001dfdc                CUSBMIDIHostDevice::Configure()
 .text          0x0001e21c      0x740 ../../lib/usb/libusb.a(usbmouse.o)
                0x0001e21c                CUSBMouseDevice::~CUSBMouseDevice()
                0x0001e21c                CUSBMouseDevice::~CUSBMouseDevice()
                0x0001e278                CUSBMouseDevice::~CUSBMouseDevice()
                0x0001e298                CUSBMouseDevice::CUSBMouseDevice(CUSBFunction*)
                0x0001e298                CUSBMouseDevice::CUSBMouseDevice(CUSBFunction*)
                0x0001e2c8                CUSBMouseDevice::ExtractUnsigned(void const*, unsigned int, unsigned int)
                0x0001e354                CUSBMouseDevice::ExtractSigned(void const*, unsigned int, unsigned int)
                0x0001e408                CUSBMouseDevice::ReportHandler(unsigned char const*, unsigned int)
                0x0001e4f4                CUSBMouseDevice::DecodeReport()
                0x0001e80c                CUSBMouseDevice::Configure()
 .text          0x0001e95c      0x36c ../../lib/usb/libusb.a(usbprinter.o)
                0x0001e95c                CUSBPrinterDevice::~CUSBPrinterDevice()
                0x0001e95c                CUSBPrinterDevice::~CUSBPrinterDevice()
                0x0001ea04                CUSBPrinterDevice::~CUSBPrinterDevice()
                0x0001ea24                CUSBPrinterDevice::Write(void const*, unsigned int)
                0x0001eabc                CUSBPrinterDevice::CUSBPrinterDevice(CUSBFunction*)
                0x0001eabc                CUSBPrinterDevice::CUSBPrinterDevice(CUSBFunction*)
                0x0001eaf0                CUSBPrinterDevice::Configure()
 .text.startup  0x0001ecc8       0x38 ../../lib/usb/libusb.a(usbprinter.o)
 .text          0x0001ed00      0x548 ../../lib/usb/libusb.a(usbstring.o)
                0x0001ed00                CUSBString::CUSBString(CUSBDevice*)
                0x0001ed00                CUSBString::CUSBString(CUSBDevice*)
                0x0001ed50                CUSBString::CUSBString(CUSBString*)
                0x0001ed50                CUSBString::CUSBString(CUSBString*)
                0x0001ee0c                CUSBString::~CUSBString()
                0x0001ee0c                CUSBString::~CUSBString()
                0x0001ee4c                CUSBString::GetFromDescriptor(unsigned char, unsigned short)
                0x0001f098                CUSBString::Get() const
                0x0001f0a0                CUSBString::GetLanguageID()
 .text          0x0001f248      0x560 ../../lib/usb/libusb.a(usbserialch341.o)
                0x0001f248                CUSBSerialCH341Device::~CUSBSerialCH341Device()
                0x0001f248                CUSBSerialCH341Device::~CUSBSerialCH341Device()
                0x0001f268                CUSBSerialCH341Device::~CUSBSerialCH341Device()
                0x0001f294                CUSBSerialCH341Device::SetBaudRate(unsigned int)
                0x0001f3ac                CUSBSerialCH341Device::CUSBSerialCH341Device(CUSBFunction*)
                0x0001f3ac                CUSBSerialCH341Device::CUSBSerialCH341Device(CUSBFunction*)
                0x0001f3d0                CUSBSerialCH341Device::GetDeviceIDTable()
                0x0001f3dc                CUSBSerialCH341Device::Configure()
                0x0001f564                CUSBSerialCH341Device::SetLineProperties(TUSBSerialDataBits, TUSBSerialParity, TUSBSerialStopBits)
 .text          0x0001f7a8      0x5f4 ../../lib/usb/libusb.a(usbserialcp210x.o)
                0x0001f7a8                CUSBSerialCP210xDevice::~CUSBSerialCP210xDevice()
                0x0001f7a8                CUSBSerialCP210xDevice::~CUSBSerialCP210xDevice()
                0x0001f7c8                CUSBSerialCP210xDevice::~CUSBSerialCP210xDevice()
                0x0001f7f4                CUSBSerialCP210xDevice::SetBaudRate(unsigned int)
                0x0001f914                CUSBSerialCP210xDevice::CUSBSerialCP210xDevice(CUSBFunction*)
                0x0001f914                CUSBSerialCP210xDevice::CUSBSerialCP210xDevice(CUSBFunction*)
                0x0001f940                CUSBSerialCP210xDevice::GetDeviceIDTable()
                0x0001f94c                CUSBSerialCP210xDevice::Configure()
                0x0001fb40                CUSBSerialCP210xDevice::SetLineProperties(TUSBSerialDataBits, TUSBSerialParity, TUSBSerialStopBits)
 .text          0x0001fd9c      0x960 ../../lib/usb/libusb.a(usbserialpl2303.o)
                0x0001fd9c                CUSBSerialPL2303Device::~CUSBSerialPL2303Device()
                0x0001fd9c                CUSBSerialPL2303Device::~CUSBSerialPL2303Device()
                0x0001fdbc                CUSBSerialPL2303Device::~CUSBSerialPL2303Device()
                0x0001fde8                CUSBSerialPL2303Device::SetBaudRate(unsigned int)
                0x0001ff0c                CUSBSerialPL2303Device::CUSBSerialPL2303Device(CUSBFunction*)
                0x0001ff0c                CUSBSerialPL2303Device::CUSBSerialPL2303Device(CUSBFunction*)
                0x0001ff30                CUSBSerialPL2303Device::GetDeviceIDTable()
                0x0001ff3c                CUSBSerialPL2303Device::Configure()
                0x00020484                CUSBSerialPL2303Device::SetLineProperties(TUSBSerialDataBits, TUSBSerialParity, TUSBSerialStopBits)
 .text          0x000206fc      0x5e0 ../../lib/usb/libusb.a(usbserialft231x.o)
                0x000206fc                CUSBSerialFT231XDevice::~CUSBSerialFT231XDevice()
                0x000206fc                CUSBSerialFT231XDevice::~CUSBSerialFT231XDevice()
                0x0002071c                CUSBSerialFT231XDevice::~CUSBSerialFT231XDevice()
                0x00020748                CUSBSerialFT231XDevice::SetBaudRate(unsigned int)
                0x00020880                CUSBSerialFT231XDevice::CUSBSerialFT231XDevice(CUSBFunction*)
                0x00020880                CUSBSerialFT231XDevice::CUSBSerialFT231XDevice(CUSBFunction*)
                0x000208a4                CUSBSerialFT231XDevice::GetDeviceIDTable()
                0x000208b0                CUSBSerialFT231XDevice::Configure()
                0x00020acc                CUSBSerialFT231XDevice::SetLineProperties(TUSBSerialDataBits, TUSBSerialParity, TUSBSerialStopBits)
 .text          0x00020cdc      0x200 ../../lib/usb/libusb.a(usbserialcdc.o)
                0x00020cdc                CUSBSerialCDCDevice::~CUSBSerialCDCDevice()
                0x00020cdc                CUSBSerialCDCDevice::~CUSBSerialCDCDevice()
                0x00020cfc                CUSBSerialCDCDevice::~CUSBSerialCDCDevice()
                0x00020d28                CUSBSerialCDCDevice::CUSBSerialCDCDevice(CUSBFunction*)
                0x00020d28                CUSBSerialCDCDevice::CUSBSerialCDCDevice(CUSBFunction*)
                0x00020d78                CUSBSerialCDCDevice::SetLineCoding()
                0x00020e64                CUSBSerialCDCDevice::SetBaudRate(unsigned int)
                0x00020e6c                CUSBSerialCDCDevice::SetLineProperties(TUSBSerialDataBits, TUSBSerialParity, TUSBSerialStopBits)
                0x00020e7c                CUSBSerialCDCDevice::Configure()
 .text          0x00020edc      0x96c ../../lib/usb/libusb.a(usbtouchscreen.o)
                0x00020edc                CUSBTouchScreenDevice::~CUSBTouchScreenDevice()
                0x00020edc                CUSBTouchScreenDevice::~CUSBTouchScreenDevice()
                0x00020f20                CUSBTouchScreenDevice::~CUSBTouchScreenDevice()
                0x00020f70                CUSBTouchScreenDevice::CUSBTouchScreenDevice(CUSBFunction*)
                0x00020f70                CUSBTouchScreenDevice::CUSBTouchScreenDevice(CUSBFunction*)
                0x00020fc8                CUSBTouchScreenDevice::DecodeReportDescriptor(unsigned char const*, unsigned int)
                0x00021328                CUSBTouchScreenDevice::Configure()
                0x000214bc                CUSBTouchScreenDevice::GetValue(void const*, CUSBTouchScreenDevice::TReportItem const&, unsigned int)
                0x00021558                CUSBTouchScreenDevice::ReportHandler(unsigned char const*, unsigned int)
 .text          0x00021848      0x2b8 ../../lib/usb/libusb.a(dwhciregister.o)
                0x00021848                CDWHCIRegister::CDWHCIRegister(unsigned int)
                0x00021848                CDWHCIRegister::CDWHCIRegister(unsigned int)
                0x00021858                CDWHCIRegister::CDWHCIRegister(unsigned int, unsigned int)
                0x00021858                CDWHCIRegister::CDWHCIRegister(unsigned int, unsigned int)
                0x00021868                CDWHCIRegister::~CDWHCIRegister()
                0x00021868                CDWHCIRegister::~CDWHCIRegister()
                0x0002186c                CDWHCIRegister::Read()
                0x00021888                CDWHCIRegister::Write()
                0x000218c0                CDWHCIRegister::Get() const
                0x000218f0                CDWHCIRegister::Set(unsigned int)
                0x00021900                CDWHCIRegister::IsSet(unsigned int) const
                0x0002193c                CDWHCIRegister::And(unsigned int)
                0x00021974                CDWHCIRegister::Or(unsigned int)
                0x000219ac                CDWHCIRegister::ClearBit(unsigned int)
                0x00021a04                CDWHCIRegister::SetBit(unsigned int)
                0x00021a5c                CDWHCIRegister::ClearAll()
                0x00021a70                CDWHCIRegister::SetAll()
                0x00021a84                CDWHCIRegister::Dump() const
 .text          0x00021b00      0xeb8 ../../lib/usb/libusb.a(lan7800.o)
                0x00021b00                CLAN7800Device::GetMACAddress() const
                0x00021b08                CLAN7800Device::~CLAN7800Device()
                0x00021b08                CLAN7800Device::~CLAN7800Device()
                0x00021b8c                non-virtual thunk to CLAN7800Device::~CLAN7800Device()
                0x00021b94                CLAN7800Device::~CLAN7800Device()
                0x00021bb4                CLAN7800Device::ReceiveFrame(void*, unsigned int*)
                0x00021d1c                non-virtual thunk to CLAN7800Device::ReceiveFrame(void*, unsigned int*)
                0x00021dac                CLAN7800Device::SendFrame(void const*, unsigned int)
                0x00021de8                non-virtual thunk to CLAN7800Device::GetMACAddress() const
                0x00021df0                non-virtual thunk to CLAN7800Device::~CLAN7800Device()
                0x00021e14                non-virtual thunk to CLAN7800Device::SendFrame(void const*, unsigned int)
                0x00021e54                CLAN7800Device::CLAN7800Device(CUSBFunction*)
                0x00021e54                CLAN7800Device::CLAN7800Device(CUSBFunction*)
                0x00021e94                CLAN7800Device::WriteReg(unsigned int, unsigned int)
                0x00021f2c                CLAN7800Device::ReadReg(unsigned int, unsigned int*)
                0x00021fc0                CLAN7800Device::WaitReg(unsigned int, unsigned int, unsigned int, unsigned int, unsigned int)
                0x00022070                CLAN7800Device::PHYWrite(unsigned char, unsigned short)
                0x00022130                CLAN7800Device::PHYRead(unsigned char, unsigned short*)
                0x00022218                CLAN7800Device::IsLinkUp()
                0x00022244                CLAN7800Device::GetLinkSpeed()
                0x00022314                non-virtual thunk to CLAN7800Device::GetLinkSpeed()
                0x0002231c                CLAN7800Device::InitPHY()
                0x00022380                non-virtual thunk to CLAN7800Device::IsLinkUp()
                0x000223b0                CLAN7800Device::ReadWriteReg(unsigned int, unsigned int, unsigned int)
                0x000223fc                CLAN7800Device::InitMACAddress()
                0x00022524                CLAN7800Device::Configure()
 .text._ZN10CNetDevice7GetTypeEv
                0x000229b8        0x8 ../../lib/usb/libusb.a(lan7800.o)
                0x000229b8                CNetDevice::GetType()
 .text._ZN10CNetDevice20IsSendFrameAdvisableEv
                0x000229c0        0x8 ../../lib/usb/libusb.a(lan7800.o)
                0x000229c0                CNetDevice::IsSendFrameAdvisable()
 .text._ZN10CNetDevice9UpdatePHYEv
                0x000229c8        0x8 ../../lib/usb/libusb.a(lan7800.o)
                0x000229c8                CNetDevice::UpdatePHY()
 .text          0x000229d0     0x11dc ../../lib/usb/libusb.a(smsc951x.o)
                0x000229d0                CSMSC951xDevice::GetMACAddress() const
                0x000229d8                CSMSC951xDevice::~CSMSC951xDevice()
                0x000229d8                CSMSC951xDevice::~CSMSC951xDevice()
                0x00022a5c                non-virtual thunk to CSMSC951xDevice::~CSMSC951xDevice()
                0x00022a64                CSMSC951xDevice::~CSMSC951xDevice()
                0x00022a84                CSMSC951xDevice::ReceiveFrame(void*, unsigned int*)
                0x00022bfc                non-virtual thunk to CSMSC951xDevice::ReceiveFrame(void*, unsigned int*)
                0x00022c84                CSMSC951xDevice::SendFrame(void const*, unsigned int)
                0x00022cc0                non-virtual thunk to CSMSC951xDevice::GetMACAddress() const
                0x00022cc8                non-virtual thunk to CSMSC951xDevice::~CSMSC951xDevice()
                0x00022cec                non-virtual thunk to CSMSC951xDevice::SendFrame(void const*, unsigned int)
                0x00022d2c                CSMSC951xDevice::CSMSC951xDevice(CUSBFunction*)
                0x00022d2c                CSMSC951xDevice::CSMSC951xDevice(CUSBFunction*)
                0x00022d6c                CSMSC951xDevice::PHYWaitNotBusy()
                0x00022e34                CSMSC951xDevice::PHYWrite(unsigned char, unsigned short)
                0x00022f40                CSMSC951xDevice::PHYRead(unsigned char, unsigned short*)
                0x00023078                CSMSC951xDevice::IsLinkUp()
                0x00023168                non-virtual thunk to CSMSC951xDevice::IsLinkUp()
                0x0002325c                CSMSC951xDevice::GetLinkSpeed()
                0x000233a0                non-virtual thunk to CSMSC951xDevice::GetLinkSpeed()
                0x000234e8                CSMSC951xDevice::WriteReg(unsigned int, unsigned int)
                0x00023550                CSMSC951xDevice::ReadReg(unsigned int, unsigned int*)
                0x000235b4                CSMSC951xDevice::DumpReg(char const*, unsigned int)
                0x0002366c                CSMSC951xDevice::DumpRegs()
                0x00023804                CSMSC951xDevice::Configure()
 .text          0x00023bac      0x5c4 ../../lib/usb/libusb.a(usbbluetooth.o)
                0x00023bac                CUSBBluetoothDevice::~CUSBBluetoothDevice()
                0x00023bac                CUSBBluetoothDevice::~CUSBBluetoothDevice()
                0x00023c9c                CUSBBluetoothDevice::~CUSBBluetoothDevice()
                0x00023cbc                CUSBBluetoothDevice::CUSBBluetoothDevice(CUSBFunction*)
                0x00023cbc                CUSBBluetoothDevice::CUSBBluetoothDevice(CUSBFunction*)
                0x00023cf8                CUSBBluetoothDevice::SendHCICommand(void const*, unsigned int)
                0x00023d50                CUSBBluetoothDevice::StartRequest()
                0x00023e14                CUSBBluetoothDevice::RegisterHCIEventHandler(void (*)(void const*, unsigned int))
                0x00023e40                CUSBBluetoothDevice::CompletionRoutine(CUSBRequest*)
                0x00023f40                CUSBBluetoothDevice::CompletionStub(CUSBRequest*, void*, void*)
                0x00023f70                CUSBBluetoothDevice::Configure()
 .text.startup  0x00024170       0x38 ../../lib/usb/libusb.a(usbbluetooth.o)
 .text          0x000241a8      0x5d0 ../../lib/usb/libusb.a(usbcdcethernet.o)
                0x000241a8                CUSBCDCEthernetDevice::GetMACAddress() const
                0x000241b0                CUSBCDCEthernetDevice::~CUSBCDCEthernetDevice()
                0x000241b0                CUSBCDCEthernetDevice::~CUSBCDCEthernetDevice()
                0x00024234                non-virtual thunk to CUSBCDCEthernetDevice::~CUSBCDCEthernetDevice()
                0x0002423c                CUSBCDCEthernetDevice::~CUSBCDCEthernetDevice()
                0x0002425c                CUSBCDCEthernetDevice::SendFrame(void const*, unsigned int)
                0x000242f8                non-virtual thunk to CUSBCDCEthernetDevice::SendFrame(void const*, unsigned int)
                0x00024300                CUSBCDCEthernetDevice::ReceiveFrame(void*, unsigned int*)
                0x000243e0                non-virtual thunk to CUSBCDCEthernetDevice::ReceiveFrame(void*, unsigned int*)
                0x000243e8                non-virtual thunk to CUSBCDCEthernetDevice::GetMACAddress() const
                0x000243f0                non-virtual thunk to CUSBCDCEthernetDevice::~CUSBCDCEthernetDevice()
                0x00024414                CUSBCDCEthernetDevice::CUSBCDCEthernetDevice(CUSBFunction*)
                0x00024414                CUSBCDCEthernetDevice::CUSBCDCEthernetDevice(CUSBFunction*)
                0x00024454                CUSBCDCEthernetDevice::InitMACAddress(unsigned char)
                0x00024554                CUSBCDCEthernetDevice::Configure()
 .text._ZN10CNetDevice8IsLinkUpEv
                0x00024778        0x8 ../../lib/usb/libusb.a(usbcdcethernet.o)
                0x00024778                CNetDevice::IsLinkUp()
 .text._ZN10CNetDevice12GetLinkSpeedEv
                0x00024780        0x8 ../../lib/usb/libusb.a(usbcdcethernet.o)
                0x00024780                CNetDevice::GetLinkSpeed()
 .text          0x00024788      0x32c ../../lib/usb/libusb.a(usbconfigparser.o)
                0x00024788                CUSBConfigurationParser::CUSBConfigurationParser(void const*, unsigned int)
                0x00024788                CUSBConfigurationParser::CUSBConfigurationParser(void const*, unsigned int)
                0x000248f0                CUSBConfigurationParser::CUSBConfigurationParser(CUSBConfigurationParser*)
                0x000248f0                CUSBConfigurationParser::CUSBConfigurationParser(CUSBConfigurationParser*)
                0x00024950                CUSBConfigurationParser::~CUSBConfigurationParser()
                0x00024950                CUSBConfigurationParser::~CUSBConfigurationParser()
                0x00024954                CUSBConfigurationParser::IsValid() const
                0x0002495c                CUSBConfigurationParser::GetDescriptor(unsigned char)
                0x00024a04                CUSBConfigurationParser::GetCurrentDescriptor()
                0x00024a4c                CUSBConfigurationParser::Error(char const*) const
 .text          0x00024ab4      0x230 ../../lib/usb/libusb.a(usbgamepad.o)
                0x00024ab4                CUSBGamePadDevice::GetInitialState()
                0x00024abc                CUSBGamePadDevice::Configure()
                0x00024b84                CUSBGamePadDevice::ReportHandler(unsigned char const*, unsigned int)
                0x00024bd8                CUSBGamePadDevice::RegisterStatusHandler(void (*)(unsigned int, TGamePadState const*))
                0x00024c20                CUSBGamePadDevice::CUSBGamePadDevice(CUSBFunction*)
                0x00024c20                CUSBGamePadDevice::CUSBGamePadDevice(CUSBFunction*)
                0x00024c64                CUSBGamePadDevice::~CUSBGamePadDevice()
                0x00024c64                CUSBGamePadDevice::~CUSBGamePadDevice()
                0x00024cc4                CUSBGamePadDevice::~CUSBGamePadDevice()
 .text.startup  0x00024ce4       0x38 ../../lib/usb/libusb.a(usbgamepad.o)
 .text          0x00024d1c      0x688 ../../lib/usb/libusb.a(usbmidi.o)
                0x00024d1c                CUSBMIDIDevice::~CUSBMIDIDevice()
                0x00024d1c                CUSBMIDIDevice::~CUSBMIDIDevice()
                0x00024d98                CUSBMIDIDevice::~CUSBMIDIDevice()
                0x00024df0                CUSBMIDIDevice::CUSBMIDIDevice()
                0x00024df0                CUSBMIDIDevice::CUSBMIDIDevice()
                0x00024e5c                CUSBMIDIDevice::RegisterPacketHandler(void (*)(unsigned int, unsigned char*, unsigned int))
                0x00024eb4                CUSBMIDIDevice::RegisterPacketHandler(void (*)(unsigned int, unsigned char*, unsigned int, unsigned int, void*), void*)
                0x00024f00                CUSBMIDIDevice::SendEventPackets(unsigned char const*, unsigned int)
                0x00024f34                CUSBMIDIDevice::SendPlainMIDI(unsigned int, unsigned char const*, unsigned int)
                0x00025288                CUSBMIDIDevice::SetAllSoundOffOnUSBError(bool)
                0x00025290                CUSBMIDIDevice::CallPacketHandler(unsigned char*, unsigned int)
                0x00025348                CUSBMIDIDevice::RegisterSendEventsHandler(bool (*)(unsigned char const*, unsigned int, void*), void*)
                0x0002539c                CUSBMIDIDevice::GetAllSoundOffOnUSBError() const
 .text.startup  0x000253a4       0x38 ../../lib/usb/libusb.a(usbmidi.o)
 .text          0x000253dc      0x738 ../../lib/usb/libusb.a(usbserial.o)
                0x000253dc                CUSBSerialDevice::SetBaudRate(unsigned int)
                0x000253e4                CUSBSerialDevice::SetLineProperties(TUSBSerialDataBits, TUSBSerialParity, TUSBSerialStopBits)
                0x000253ec                CUSBSerialDevice::~CUSBSerialDevice()
                0x000253ec                CUSBSerialDevice::~CUSBSerialDevice()
                0x000254b0                CUSBSerialDevice::~CUSBSerialDevice()
                0x000254d0                CUSBSerialDevice::Write(void const*, unsigned int)
                0x000255f4                CUSBSerialDevice::Read(void*, unsigned int)
                0x000257fc                CUSBSerialDevice::CUSBSerialDevice(CUSBFunction*, unsigned int)
                0x000257fc                CUSBSerialDevice::CUSBSerialDevice(CUSBFunction*, unsigned int)
                0x00025860                CUSBSerialDevice::CompletionRoutine(CUSBRequest*)
                0x00025960                CUSBSerialDevice::CompletionStub(CUSBRequest*, void*, void*)
                0x00025990                CUSBSerialDevice::Configure()
 .text.startup  0x00025b14       0x38 ../../lib/usb/libusb.a(usbserial.o)
 .text          0x00025b4c      0x384 ../../lib/input/libinput.a(keyboardbehaviour.o)
                0x00025b4c                CKeyboardBehaviour::CKeyboardBehaviour()
                0x00025b4c                CKeyboardBehaviour::CKeyboardBehaviour()
                0x00025b7c                CKeyboardBehaviour::~CKeyboardBehaviour()
                0x00025b7c                CKeyboardBehaviour::~CKeyboardBehaviour()
                0x00025ba4                CKeyboardBehaviour::RegisterKeyPressedHandler(void (*)(char const*))
                0x00025bd0                CKeyboardBehaviour::RegisterSelectConsoleHandler(void (*)(unsigned int))
                0x00025bfc                CKeyboardBehaviour::RegisterShutdownHandler(void (*)())
                0x00025c28                CKeyboardBehaviour::GetLEDStatus() const
                0x00025c30                CKeyboardBehaviour::GenerateKeyEvent(unsigned char)
                0x00025d04                CKeyboardBehaviour::TimerStub(unsigned int, void*, void*)
                0x00025da4                CKeyboardBehaviour::KeyPressed(unsigned char)
                0x00025de4                CKeyboardBehaviour::KeyReleased(unsigned char)
                0x00025e4c                CKeyboardBehaviour::TimerHandler(unsigned int)
 .text          0x00025ed0      0x464 ../../lib/input/libinput.a(keymap.o)
                0x00025ed0                CKeyMap::CKeyMap()
                0x00025ed0                CKeyMap::CKeyMap()
                0x00025fcc                CKeyMap::~CKeyMap()
                0x00025fcc                CKeyMap::~CKeyMap()
                0x00025fd0                CKeyMap::ClearTable(unsigned char)
                0x00026004                CKeyMap::SetEntry(unsigned char, unsigned char, unsigned short)
                0x00026058                CKeyMap::Translate(unsigned char, unsigned char)
                0x000261c8                CKeyMap::GetString(unsigned short, unsigned char, char*) const
                0x0002628c                CKeyMap::GetLEDStatus() const
                0x000262b0                CKeyMap::LookupDefaultMap(char const*)
 .text          0x00026334      0x240 ../../lib/input/libinput.a(mouse.o)
                0x0002633c                CMouseDevice::~CMouseDevice()
                0x0002633c                CMouseDevice::~CMouseDevice()
                0x0002639c                CMouseDevice::~CMouseDevice()
                0x000263bc                CMouseDevice::CMouseDevice(unsigned int, bool)
                0x000263bc                CMouseDevice::CMouseDevice(unsigned int, bool)
                0x0002643c                CMouseDevice::Setup(unsigned int, unsigned int)
                0x00026444                CMouseDevice::Release()
                0x0002644c                CMouseDevice::RegisterEventHandler(void (*)(TMouseEvent, unsigned int, unsigned int, unsigned int, int))
                0x00026454                CMouseDevice::SetCursor(unsigned int, unsigned int)
                0x0002645c                CMouseDevice::ShowCursor(bool)
                0x00026464                CMouseDevice::UpdateCursor()
                0x00026478                CMouseDevice::RegisterStatusHandler(void (*)(unsigned int, int, int, int, void*), void*)
                0x000264c4                CMouseDevice::RegisterStatusHandler(void (*)(unsigned int, int, int, int))
                0x00026500                CMouseDevice::ReportHandler(unsigned int, int, int, int)
                0x00026564                CMouseDevice::GetButtonCount() const
                0x0002656c                CMouseDevice::HasWheel() const
 .text.startup  0x00026574       0x38 ../../lib/input/libinput.a(mouse.o)
 .text          0x000265ac      0x328 ../../lib/input/libinput.a(touchscreen.o)
                0x000265ac                CTouchScreenDevice::~CTouchScreenDevice()
                0x000265ac                CTouchScreenDevice::~CTouchScreenDevice()
                0x00026604                CTouchScreenDevice::~CTouchScreenDevice()
                0x00026668                CTouchScreenDevice::CTouchScreenDevice(void (*)(void*), void*)
                0x00026668                CTouchScreenDevice::CTouchScreenDevice(void (*)(void*), void*)
                0x00026704                CTouchScreenDevice::Update()
                0x00026718                CTouchScreenDevice::RegisterEventHandler(void (*)(TTouchScreenEvent, unsigned int, unsigned int, unsigned int))
                0x00026760                CTouchScreenDevice::SetCalibration(unsigned int const*, unsigned int, unsigned int)
                0x00026844                CTouchScreenDevice::ReportHandler(TTouchScreenEvent, unsigned int, unsigned int, unsigned int)
 .text.startup  0x000268d4       0x38 ../../lib/input/libinput.a(touchscreen.o)
 .text          0x0002690c      0x580 ../../lib/input/libinput.a(mousebehaviour.o)
                0x0002690c                CMouseBehaviour::CMouseBehaviour()
                0x0002690c                CMouseBehaviour::CMouseBehaviour()
                0x00026930                CMouseBehaviour::Setup(unsigned int, unsigned int)
                0x00026a50                CMouseBehaviour::RegisterEventHandler(void (*)(TMouseEvent, unsigned int, unsigned int, unsigned int, int))
                0x00026a98                CMouseBehaviour::MouseStatusChanged(unsigned int, int, int, int)
                0x00026c50                CMouseBehaviour::SetCursorState(unsigned int, unsigned int, bool)
                0x00026cc8                CMouseBehaviour::~CMouseBehaviour()
                0x00026cc8                CMouseBehaviour::~CMouseBehaviour()
                0x00026d00                CMouseBehaviour::Release()
                0x00026d60                CMouseBehaviour::SetCursor(unsigned int, unsigned int)
                0x00026df0                CMouseBehaviour::ShowCursor(bool)
                0x00026e5c                CMouseBehaviour::UpdateCursor()
 .text          0x00026e8c     0x1d84 ../../addon/SDCard/libsdcard.a(emmc.o)
                0x00026e8c                CEMMCDevice::Seek(unsigned long long)
                0x00026ea0                CEMMCDevice::~CEMMCDevice()
                0x00026ea0                CEMMCDevice::~CEMMCDevice()
                0x00026f14                CEMMCDevice::~CEMMCDevice()
                0x00026f34                CEMMCDevice::CEMMCDevice(CInterruptSystem*, CTimer*, CActLED*)
                0x00026f34                CEMMCDevice::CEMMCDevice(CInterruptSystem*, CTimer*, CActLED*)
                0x00026fc8                CEMMCDevice::PowerOff()
                0x00026fe0                CEMMCDevice::GetBaseClock()
                0x00026ff4                CEMMCDevice::GetClockDivider(unsigned int, unsigned int)
                0x000270ac                CEMMCDevice::TimeoutWait(unsigned int, unsigned int, int, unsigned int)
                0x0002712c                CEMMCDevice::usDelay(unsigned int)
                0x0002715c                CEMMCDevice::LogWrite(TLogSeverity, char const*, ...)
                0x000271c8                CEMMCDevice::PowerOn()
                0x00027250                CEMMCDevice::SwitchClockRate(unsigned int, unsigned int)
                0x00027344                CEMMCDevice::ResetCmd()
                0x000273c4                CEMMCDevice::ResetDat()
                0x00027444                CEMMCDevice::IssueCommandInt(unsigned int, unsigned int, int)
                0x00027790                CEMMCDevice::HandleCardInterrupt()
                0x000277dc                CEMMCDevice::HandleInterrupts()
                0x000278c4                CEMMCDevice::IssueCommand(unsigned int, unsigned int, int)
                0x000279dc                CEMMCDevice::DoDataCommand(int, unsigned char*, unsigned int, unsigned int)
                0x00027b44                CEMMCDevice::CardReset()
                0x00028638                CEMMCDevice::CardInit()
                0x000286d4                CEMMCDevice::Initialize()
                0x0002878c                CEMMCDevice::EnsureDataMode()
                0x000289c8                CEMMCDevice::DoRead(unsigned char*, unsigned int, unsigned int)
                0x00028a1c                CEMMCDevice::DoWrite(unsigned char*, unsigned int, unsigned int)
                0x00028a74                CEMMCDevice::Read(void*, unsigned int)
                0x00028b3c                CEMMCDevice::Write(void const*, unsigned int)
                0x00028c08                CEMMCDevice::GetID()
 .text          0x00028c10      0xbc4 ../../lib/fs/fat/libfatfs.a(fatfs.o)
                0x00028c10                CFATFileSystem::CFATFileSystem()
                0x00028c10                CFATFileSystem::CFATFileSystem()
                0x00028c70                CFATFileSystem::~CFATFileSystem()
                0x00028c70                CFATFileSystem::~CFATFileSystem()
                0x00028ca0                CFATFileSystem::Mount(CDevice*)
                0x00028ce0                CFATFileSystem::UnMount()
                0x00028cfc                CFATFileSystem::Synchronize()
                0x00028d18                CFATFileSystem::RootFindFirst(TDirentry*, TFindCurrentEntry*)
                0x00028d28                CFATFileSystem::RootFindNext(TDirentry*, TFindCurrentEntry*)
                0x00028d38                CFATFileSystem::FileOpen(char const*)
                0x00028e80                CFATFileSystem::FileClose(unsigned int)
                0x00029050                CFATFileSystem::FileRead(unsigned int, void*, unsigned int)
                0x000292f4                CFATFileSystem::FileWrite(unsigned int, void const*, unsigned int)
                0x000295f8                CFATFileSystem::FileDelete(char const*)
                0x000296a8                CFATFileSystem::FileCreate(char const*)
 .text          0x000297d4      0x7c0 ../../lib/fs/fat/libfatfs.a(fatcache.o)
                0x000297d4                CFATCache::CFATCache()
                0x000297d4                CFATCache::CFATCache()
                0x000297f0                CFATCache::~CFATCache()
                0x000297f0                CFATCache::~CFATCache()
                0x000297f4                CFATCache::Open(CDevice*)
                0x000298a0                CFATCache::Flush()
                0x000299b8                CFATCache::Close()
                0x00029a28                CFATCache::FreeSector(TFATBuffer*, int)
                0x00029b0c                CFATCache::MarkDirty(TFATBuffer*)
                0x00029b64                CFATCache::MoveBufferFirst(TFATBuffer*)
                0x00029ba8                CFATCache::MoveBufferLast(TFATBuffer*)
                0x00029be8                CFATCache::Fault(unsigned int)
                0x00029c38                CFATCache::GetSector(unsigned int, int)
 .text          0x00029f94      0x978 ../../lib/fs/fat/libfatfs.a(fatinfo.o)
                0x00029f94                CFATInfo::CFATInfo(CFATCache*)
                0x00029f94                CFATInfo::CFATInfo(CFATCache*)
                0x00029fac                CFATInfo::~CFATInfo()
                0x00029fac                CFATInfo::~CFATInfo()
                0x00029fb0                CFATInfo::Initialize()
                0x0002a414                CFATInfo::GetFATType() const
                0x0002a43c                CFATInfo::GetSectorsPerCluster() const
                0x0002a444                CFATInfo::GetReservedSectors() const
                0x0002a44c                CFATInfo::GetClusterCount() const
                0x0002a454                CFATInfo::GetReadFAT() const
                0x0002a47c                CFATInfo::GetFirstWriteFAT() const
                0x0002a4a4                CFATInfo::GetLastWriteFAT() const
                0x0002a4f4                CFATInfo::GetFATSize() const
                0x0002a4fc                CFATInfo::GetFirstRootSector() const
                0x0002a538                CFATInfo::GetRootSectorCount() const
                0x0002a56c                CFATInfo::GetRootEntries() const
                0x0002a59c                CFATInfo::GetRootCluster() const
                0x0002a5d0                CFATInfo::GetFirstSector(unsigned int) const
                0x0002a610                CFATInfo::UpdateFSInfo()
                0x0002a7b0                CFATInfo::ClusterAllocated(unsigned int)
                0x0002a808                CFATInfo::ClusterFreed(unsigned int)
                0x0002a8cc                CFATInfo::GetNextFreeCluster()
 .text          0x0002a90c      0x7b0 ../../lib/fs/fat/libfatfs.a(fat.o)
                0x0002a90c                CFAT::CFAT(CFATCache*, CFATInfo*)
                0x0002a90c                CFAT::CFAT(CFATCache*, CFATInfo*)
                0x0002a918                CFAT::~CFAT()
                0x0002a918                CFAT::~CFAT()
                0x0002a91c                CFAT::IsEOC(unsigned int) const
                0x0002a9a4                CFAT::GetSector(unsigned int, unsigned int*, unsigned int)
                0x0002aaa8                CFAT::GetEntry(TFATBuffer*, unsigned int)
                0x0002ab60                CFAT::GetClusterEntry(unsigned int)
                0x0002ac50                CFAT::SetEntry(TFATBuffer*, unsigned int, unsigned int)
                0x0002ad3c                CFAT::SetClusterEntry(unsigned int, unsigned int)
                0x0002ae58                CFAT::FreeClusterChain(unsigned int)
                0x0002aecc                CFAT::AllocateCluster()
 .text          0x0002b0bc      0xd54 ../../lib/fs/fat/libfatfs.a(fatdir.o)
                0x0002b0bc                CFATDirectory::CFATDirectory(CFATCache*, CFATInfo*, CFAT*)
                0x0002b0bc                CFATDirectory::CFATDirectory(CFATCache*, CFATInfo*, CFAT*)
                0x0002b0d0                CFATDirectory::~CFATDirectory()
                0x0002b0d0                CFATDirectory::~CFATDirectory()
                0x0002b0d4                CFATDirectory::FreeEntry(bool)
                0x0002b168                CFATDirectory::Time2FAT(unsigned int)
                0x0002b278                CFATDirectory::Name2FAT(char const*, char*)
                0x0002b370                CFATDirectory::GetEntry(char const*)
                0x0002b5f8                CFATDirectory::CreateEntry(char const*)
                0x0002b990                CFATDirectory::FAT2Name(char const*, char*)
                0x0002ba9c                CFATDirectory::FindNext(TDirentry*, TFindCurrentEntry*)
                0x0002bddc                CFATDirectory::FindFirst(TDirentry*, TFindCurrentEntry*)
 .text          0x0002be10      0x318 ../../lib/fs/libfs.a(partitionmanager.o)
                0x0002be10                CPartitionManager::CPartitionManager(CDevice*, char const*)
                0x0002be10                CPartitionManager::CPartitionManager(CDevice*, char const*)
                0x0002be44                CPartitionManager::~CPartitionManager()
                0x0002be44                CPartitionManager::~CPartitionManager()
                0x0002bf08                CPartitionManager::Initialize()
 .text          0x0002c128      0x294 ../../lib/fs/libfs.a(partition.o)
                0x0002c128                CPartition::Read(void*, unsigned int)
                0x0002c1b0                CPartition::Write(void const*, unsigned int)
                0x0002c238                CPartition::Seek(unsigned long long)
                0x0002c2f4                CPartition::~CPartition()
                0x0002c2f4                CPartition::~CPartition()
                0x0002c31c                CPartition::~CPartition()
                0x0002c350                CPartition::CPartition(CDevice*, unsigned int, unsigned int)
                0x0002c350                CPartition::CPartition(CDevice*, unsigned int, unsigned int)
 .text          0x0002c3bc      0x1ec ../../lib/libcircle.a(actled.o)
                0x0002c3bc                CActLED::CActLED(bool)
                0x0002c3bc                CActLED::CActLED(bool)
                0x0002c494                CActLED::~CActLED()
                0x0002c494                CActLED::~CActLED()
                0x0002c4a8                CActLED::On()
                0x0002c4d0                CActLED::Off()
                0x0002c500                CActLED::Blink(unsigned int, unsigned int, unsigned int)
                0x0002c598                CActLED::Get()
 .text          0x0002c5a8      0x110 ../../lib/libcircle.a(alloc.o)
                0x0002c5a8                malloc
                0x0002c5c0                memalign
                0x0002c5f4                free
                0x0002c60c                calloc
                0x0002c66c                realloc
                0x0002c68c                palloc
                0x0002c6a0                pfree
 .text          0x0002c6b8       0x84 ../../lib/libcircle.a(assert.o)
                0x0002c6b8                assertion_failed
 .text          0x0002c73c      0x238 ../../lib/libcircle.a(bcmpropertytags.o)
                0x0002c73c                CBcmPropertyTags::CBcmPropertyTags(bool)
                0x0002c73c                CBcmPropertyTags::CBcmPropertyTags(bool)
                0x0002c758                CBcmPropertyTags::~CBcmPropertyTags()
                0x0002c758                CBcmPropertyTags::~CBcmPropertyTags()
                0x0002c76c                CBcmPropertyTags::GetTags(void*, unsigned int)
                0x0002c880                CBcmPropertyTags::GetTag(unsigned int, void*, unsigned int, unsigned int)
 .text          0x0002c974      0x14c ../../lib/libcircle.a(bcmwatchdog.o)
                0x0002c974                CBcmWatchdog::CBcmWatchdog()
                0x0002c974                CBcmWatchdog::CBcmWatchdog()
                0x0002c980                CBcmWatchdog::~CBcmWatchdog()
                0x0002c980                CBcmWatchdog::~CBcmWatchdog()
                0x0002c984                CBcmWatchdog::Start(unsigned int)
                0x0002c9ec                CBcmWatchdog::Stop()
                0x0002ca04                CBcmWatchdog::Restart(unsigned int)
                0x0002ca90                CBcmWatchdog::IsRunning() const
                0x0002caa8                CBcmWatchdog::GetTimeLeft() const
 .text          0x0002cac0      0x40c ../../lib/libcircle.a(classallocator.o)
                0x0002cac0                CClassAllocator::~CClassAllocator()
                0x0002cac0                CClassAllocator::~CClassAllocator()
                0x0002cae8                CClassAllocator::Init(unsigned int, unsigned int)
                0x0002cba8                CClassAllocator::CClassAllocator(unsigned int, unsigned int, char const*)
                0x0002cba8                CClassAllocator::CClassAllocator(unsigned int, unsigned int, char const*)
                0x0002cbd8                CClassAllocator::CClassAllocator(unsigned int, unsigned int, unsigned int, char const*)
                0x0002cbd8                CClassAllocator::CClassAllocator(unsigned int, unsigned int, unsigned int, char const*)
                0x0002cc10                CClassAllocator::Extend(unsigned int, unsigned int)
                0x0002cd14                CClassAllocator::Allocate()
                0x0002ce00                CClassAllocator::Free(void*)
 .text          0x0002cecc      0x198 ../../lib/libcircle.a(debug.o)
                0x0002cecc                debug_hexdump(void const*, unsigned int, char const*)
                0x0002cfd8                debug_stacktrace(unsigned int const*, char const*)
 .text          0x0002d064      0x1d8 ../../lib/libcircle.a(device.o)
                0x0002d064                CDevice::Read(void*, unsigned int)
                0x0002d064                CDevice::Write(void const*, unsigned int)
                0x0002d06c                CDevice::Seek(unsigned long long)
                0x0002d078                CDevice::GetSize() const
                0x0002d084                CDevice::IOCtl(unsigned long, void*)
                0x0002d08c                CDevice::RemoveDevice()
                0x0002d094                CDevice::~CDevice()
                0x0002d094                CDevice::~CDevice()
                0x0002d128                CDevice::~CDevice()
                0x0002d148                CDevice::CDevice()
                0x0002d148                CDevice::CDevice()
                0x0002d168                CDevice::RegisterRemovedHandler(void (*)(CDevice*, void*), void*)
                0x0002d1d8                CDevice::UnregisterRemovedHandler(void*)
 .text          0x0002d23c      0x650 ../../lib/libcircle.a(devicenameservice.o)
                0x0002d23c                CDeviceNameService::CDeviceNameService()
                0x0002d23c                CDeviceNameService::CDeviceNameService()
                0x0002d280                CDeviceNameService::~CDeviceNameService()
                0x0002d280                CDeviceNameService::~CDeviceNameService()
                0x0002d2dc                CDeviceNameService::AddDevice(char const*, CDevice*, bool)
                0x0002d390                CDeviceNameService::RemoveDevice(char const*, bool)
                0x0002d49c                CDeviceNameService::GetDevice(char const*, bool)
                0x0002d598                CDeviceNameService::EnumerateDevices(bool (*)(CDevice*, char const*, bool, void*), void*)
                0x0002d624                CDeviceNameService::Get()
                0x0002d654                CDeviceNameService::AddDevice(char const*, unsigned int, CDevice*, bool)
                0x0002d6bc                CDeviceNameService::RemoveDevice(char const*, unsigned int, bool)
                0x0002d71c                CDeviceNameService::GetDevice(char const*, unsigned int, bool)
                0x0002d784                CDeviceNameService::ListDevices(CDevice*)
 .text          0x0002d88c      0x334 ../../lib/libcircle.a(gpiomanager.o)
                0x0002d88c                CGPIOManager::CGPIOManager(CInterruptSystem*)